Archive member included because of file (symbol)

../../../../nxtOSEK/ecrobot/../ecrobot/libecrobot++.a(New.o)
                              build/Main.o (_Znwm)
../../../../nxtOSEK/ecrobot/../ecrobot/libecrobot.a(ecrobot_HiTechnic.o)
                              build/GyroSensor.o (ecrobot_get_gyro_sensor)
../../../../nxtOSEK/ecrobot/../ecrobot/libecrobot.a(ecrobot_interface.o)
                              build/Main.o (ecrobot_set_light_sensor_active)
../../../../nxtOSEK/ecrobot/../ecrobot/libecrobot.a(colorsensor.o)
                              ../../../../nxtOSEK/ecrobot/../ecrobot/libecrobot.a(ecrobot_interface.o) (colorsensor_init)
../../../../nxtOSEK/ecrobot/../ecrobot/libecrobot.a(osek_hook.o)
                              build/kernel/osctl.o (StartupHook)
../../../../nxtOSEK/ecrobot/../ecrobot/libecrobot.a(uart.oram)
                              build/config/at91sam7s-gnu/irq.oram (uart_isr_C_0)
../../../../nxtOSEK/ecrobot/../ecrobot/libecrobot.a(systick.oram)
                              build/syslib/at91sam7s-gnu/lego_nxt/hw_sys_timer.oram (systick_low_priority_C)
../../../../nxtOSEK/ecrobot/../ecrobot/libecrobot.a(byte_fifo.oram)
                              ../../../../nxtOSEK/ecrobot/../ecrobot/libecrobot.a(uart.oram) (byte_fifo_put)
../../../../nxtOSEK/ecrobot/../ecrobot/libecrobot.a(aic.oram)
                              ../../../../nxtOSEK/ecrobot/../ecrobot/libecrobot.a(uart.oram) (aic_set_vector)
../../../../nxtOSEK/ecrobot/../ecrobot/libecrobot.a(udp.oram)
                              build/config/at91sam7s-gnu/irq.oram (udp_isr_C)
../../../../nxtOSEK/ecrobot/../ecrobot/libecrobot.a(twi.oram)
                              build/config/at91sam7s-gnu/irq.oram (twi_isr_C)
../../../../nxtOSEK/ecrobot/../ecrobot/libecrobot.a(nxt_spi.oram)
                              build/config/at91sam7s-gnu/irq.oram (spi_isr_C)
../../../../nxtOSEK/ecrobot/../ecrobot/libecrobot.a(nxt_motors.oram)
                              build/Motor.o (nxt_motor_get_count)
../../../../nxtOSEK/ecrobot/../ecrobot/libecrobot.a(data_abort.oram)
                              build/ecrobot_init.o (data_abort_C)
../../../../nxtOSEK/ecrobot/../ecrobot/libecrobot.a(display.oram)
                              build/rtoscalls.o (display_update)
../../../../nxtOSEK/ecrobot/../ecrobot/libecrobot.a(i2c.oram)
                              build/config/at91sam7s-gnu/irq.oram (i2c_timer_isr_C)
../../../../nxtOSEK/ecrobot/../ecrobot/libecrobot.a(sound.oram)
                              ../../../../nxtOSEK/ecrobot/../ecrobot/libecrobot.a(ecrobot_interface.o) (sound_get_time)
../../../../nxtOSEK/ecrobot/../ecrobot/libecrobot.a(bt.oram)
                              build/ecrobot_bluetooth.o (bt_send)
../../../../nxtOSEK/ecrobot/../ecrobot/libecrobot.a(nxt_avr.oram)
                              build/ecrobot_base.o (nxt_avr_power_down)
../../../../nxtOSEK/ecrobot/../ecrobot/libecrobot.a(sensors.oram)
                              ../../../../nxtOSEK/ecrobot/../ecrobot/libecrobot.a(ecrobot_interface.o) (unset_digi0)
../../../../nxtOSEK/ecrobot/../ecrobot/libecrobot.a(sensors1.oram)
                              ../../../../nxtOSEK/ecrobot/../ecrobot/libecrobot.a(colorsensor.o) (sensor_pins)
../../../../nxtOSEK/ecrobot/../ecrobot/libecrobot.a(nxt_lcd.oram)
                              ../../../../nxtOSEK/ecrobot/../ecrobot/libecrobot.a(display.oram) (nxt_lcd_force_update)
../../../../nxtOSEK/ecrobot/../ecrobot/libecrobot.a(flash_loader.oram)
                              build/ecrobot_base.o (set_flash_request)
../../../../nxtOSEK/ecrobot/../ecrobot/libecrobot.a(interrupts.oram)
                              ../../../../nxtOSEK/ecrobot/../ecrobot/libecrobot.a(uart.oram) (interrupts_get_and_disable)
../../../../nxtOSEK/ecrobot/../ecrobot/libecrobot.a(nxtosek_splash.obmp)
                              build/ecrobot_base.o (nxtosek_splash_bmp_start)
../../../../nxtOSEK/ecrobot/../ecrobot/libecrobot.a(ecrobot_usb.o)
                              ../../../../nxtOSEK/ecrobot/../ecrobot/libecrobot.a(flash_loader.oram) (ecrobot_init_usb)
../../../../nxtOSEK/ecrobot/../ecrobot/libecrobot.a(flashprog.oram)
                              ../../../../nxtOSEK/ecrobot/../ecrobot/libecrobot.a(flash_loader.oram) (flash_write_page)
../../../../nxtOSEK/ecrobot/../ecrobot/libnxtway_gs_balancer.a(balancer.o)
                              build/BalanceControl.o (balance_control)
/cygdrive/C/cygwin/GNUARM/bin/../lib/gcc/arm-elf/4.0.2/thumb/interwork/libgcc.a(_udivsi3.o)
                              build/ecrobot_base.o (__udivsi3)
/cygdrive/C/cygwin/GNUARM/bin/../lib/gcc/arm-elf/4.0.2/thumb/interwork/libgcc.a(_divsi3.o)
                              ../../../../nxtOSEK/ecrobot/../ecrobot/libecrobot.a(uart.oram) (__divsi3)
/cygdrive/C/cygwin/GNUARM/bin/../lib/gcc/arm-elf/4.0.2/thumb/interwork/libgcc.a(_umodsi3.o)
                              ../../../../nxtOSEK/ecrobot/../ecrobot/libecrobot.a(display.oram) (__umodsi3)
[...]
Memory Configuration

Name             Origin             Length             Attributes
vector_ram       0x00200000         0x00000040
ram              0x00200040         0x0000ffc0
*default*        0x00000000         0xffffffff

Linker script and memory map

LOAD build/kernel/alarm.o
LOAD build/kernel/event.o
LOAD build/kernel/interrupt.o
LOAD build/kernel/osctl.o
LOAD build/kernel/resource.o
LOAD build/kernel/task.o
LOAD build/kernel/task_manage.o
LOAD build/config/at91sam7s-gnu/cpu_config.o
LOAD build/config/at91sam7s-gnu/lego_nxt/sys_config.o
LOAD build/./kernel_cfg.o
LOAD build/rtoscalls.o
LOAD build/syscalls.o
LOAD build/ecrobot_bluetooth.o
LOAD build/ecrobot_base.o
LOAD build/ecrobot.o
LOAD build/balancer_param.o
LOAD build/syslib/at91sam7s-gnu/lego_nxt/hw_sys_timer.oram
LOAD build/UI.o
LOAD build/TouchSensor.o
LOAD build/BlueTooth.o
LOAD build/GyroSensor.o
LOAD build/LightSensor.o
LOAD build/Control.o
LOAD build/PID.o
LOAD build/BalanceControl.o
LOAD build/Motor.o
LOAD build/Tail.o
LOAD build/SonarSensor.o
LOAD build/Input.o
LOAD build/SlopeDetection.o
LOAD build/ColorDetection.o
LOAD build/ObstacleDetection.o
LOAD build/Detection.o
LOAD build/Section.o
LOAD build/Main.o
LOAD build/nxtvm/platform/nxt/vectors.o
LOAD build/config/at91sam7s-gnu/debug.o
LOAD build/config/at91sam7s-gnu/lego_nxt/sys_support.o
LOAD build/nxt_binary_header.o
LOAD build/nxt_entry_point.o
LOAD build/ecrobot_init.o
LOAD build/config/at91sam7s-gnu/cpu_support.oram
LOAD build/config/at91sam7s-gnu/irq.oram
LOAD ../../../../nxtOSEK/ecrobot/../ecrobot/libecrobot++.a
LOAD ../../../../nxtOSEK/ecrobot/../ecrobot/libecrobot.a
LOAD ../../../../nxtOSEK/ecrobot/../ecrobot/libnxtway_gs_balancer.a
LOAD /cygdrive/C/cygwin/GNUARM/bin/../lib/gcc/arm-elf/4.0.2/../../../../arm-elf/lib/thumb/interwork/libstdc++.a
LOAD /cygdrive/C/cygwin/GNUARM/bin/../lib/gcc/arm-elf/4.0.2/../../../../arm-elf/lib/thumb/interwork/libm.a
LOAD /cygdrive/C/cygwin/GNUARM/bin/../lib/gcc/arm-elf/4.0.2/thumb/interwork/libgcc.a
LOAD /cygdrive/C/cygwin/GNUARM/bin/../lib/gcc/arm-elf/4.0.2/../../../../arm-elf/lib/thumb/interwork/libc.a
LOAD /cygdrive/C/cygwin/GNUARM/bin/../lib/gcc/arm-elf/4.0.2/thumb/interwork/libgcc.a
                0x00200000                RAM_BASE = 0x200000
                0x00010000                RAM_SIZE = 0x10000

.samba_reserved
                0x00200040     0x1fc0
                0x00202000                . = 0x1fc0
 *fill*         0x00200040     0x1fc0 00
                0x00200040                __samba_ram_start__ = ADDR (.samba_reserved)
                0x00202000                __samba_ram_end__ = (__samba_ram_start__ + SIZEOF (.samba_reserved))

.vectors        0x00200000       0x40 load address 0x00202000
 vectors.o(*.text *.text.*)
 .text          0x00200000       0x38 build/nxtvm/platform/nxt/vectors.o
                0x00200040                . = ALIGN (0x10)
 *fill*         0x00200038        0x8 00
                0x00200000                __vectors_ram_start__ = ADDR (.vectors)
                0x00200040                __vectors_ram_end__ = (ADDR (.vectors) + SIZEOF (.vectors))
                0x00202000                __vectors_load_start__ = LOADADDR (.vectors)
                0x00202040                __vectors_load_end__ = (LOADADDR (.vectors) + SIZEOF (.vectors))

.init           0x00202040      0x280
 *ecrobot_init.o(*.text *.text.*)
 .text          0x00202040      0x280 build/ecrobot_init.o
                0x002021ac                undef_handler
                0x002021b4                prefetch_abort_handler
                0x002021b8                data_abort_handler
                0x002021b0                swi_handler
                0x00202040                start
                0x002021d4                reserved_handler
                0x002022c0                . = ALIGN (0x10)

.ram_text       0x002022c0     0x35a0
                0x002022c0                . = ALIGN (0x10)
 *.oram(*.text *.text.* *.glue*)
 .text.systick_isr_C1
                0x002022c0       0x28 build/syslib/at91sam7s-gnu/lego_nxt/hw_sys_timer.oram
                0x002022c0                systick_isr_C1
 *fill*         0x002022e8        0x8 00
 .text          0x002022f0      0x230 build/config/at91sam7s-gnu/cpu_support.oram
                0x002024d0                enable_int
                0x00202370                start_dispatch
                0x00202330                activate_r
                0x002024c8                disable_int
                0x002022f0                dispatch
                0x0020249c                int_return
                0x0020242c                _interrupt
                0x00202360                exit_and_dispatch
                0x002024d8                nop
 .text          0x00202520      0x2c0 build/config/at91sam7s-gnu/irq.oram
                0x00202520                default_isr
                0x002026ac                uart_isr_entry_0
                0x0020262c                twi_isr_entry
                0x002026ec                uart_isr_entry_1
                0x002025ec                spi_isr_entry
                0x0020256c                systick_low_priority_entry
                0x0020272c                nxt_motor_isr_entry
                0x0020276c                i2c_timer_isr_entry
                0x00202520                default_fiq
                0x00202524                systick_isr_entry
                0x00202520                spurious_isr
                0x0020266c                sound_isr_entry
                0x002025ac                udp_isr_entry
 .text.uart_process_isr
                0x002027e0       0x88 ../../../../nxtOSEK/ecrobot/../ecrobot/libecrobot.a(uart.oram)
 .text.uart_isr_C_0
                0x00202868        0xc ../../../../nxtOSEK/ecrobot/../ecrobot/libecrobot.a(uart.oram)
                0x00202868                uart_isr_C_0
 .text.uart_isr_C_1
                0x00202874        0xc ../../../../nxtOSEK/ecrobot/../ecrobot/libecrobot.a(uart.oram)
                0x00202874                uart_isr_C_1
 .text.systick_low_priority_C
                0x00202880       0x1c ../../../../nxtOSEK/ecrobot/../ecrobot/libecrobot.a(systick.oram)
                0x00202880                systick_low_priority_C
 .text.systick_isr_C
                0x0020289c       0x24 ../../../../nxtOSEK/ecrobot/../ecrobot/libecrobot.a(systick.oram)
                0x0020289c                systick_isr_C
 .text.systick_get_ms
                0x002028c0        0xc ../../../../nxtOSEK/ecrobot/../ecrobot/libecrobot.a(systick.oram)
                0x002028c0                systick_get_ms
 .text.systick_wait_ms
                0x002028cc       0x1c ../../../../nxtOSEK/ecrobot/../ecrobot/libecrobot.a(systick.oram)
                0x002028cc                systick_wait_ms
 .text.systick_wait_ns
                0x002028e8       0x1c ../../../../nxtOSEK/ecrobot/../ecrobot/libecrobot.a(systick.oram)
                0x002028e8                systick_wait_ns
 .text.systick_init
                0x00202904       0x58 ../../../../nxtOSEK/ecrobot/../ecrobot/libecrobot.a(systick.oram)
                0x00202904                systick_init
 .text.systick_suspend
                0x0020295c        0xc ../../../../nxtOSEK/ecrobot/../ecrobot/libecrobot.a(systick.oram)
                0x0020295c                systick_suspend
 .text.systick_resume
                0x00202968        0xc ../../../../nxtOSEK/ecrobot/../ecrobot/libecrobot.a(systick.oram)
                0x00202968                systick_resume
 .text.byte_fifo_put
                0x00202974       0x58 ../../../../nxtOSEK/ecrobot/../ecrobot/libecrobot.a(byte_fifo.oram)
                0x00202974                byte_fifo_put
 .text.byte_fifo_get
                0x002029cc       0x2c ../../../../nxtOSEK/ecrobot/../ecrobot/libecrobot.a(byte_fifo.oram)
                0x002029cc                byte_fifo_get
 .text.aic_initialise
                0x002029f8       0x5c ../../../../nxtOSEK/ecrobot/../ecrobot/libecrobot.a(aic.oram)
                0x002029f8                aic_initialise
 .text.aic_set_vector
                0x00202a54       0x30 ../../../../nxtOSEK/ecrobot/../ecrobot/libecrobot.a(aic.oram)
                0x00202a54                aic_set_vector
 .text.aic_mask_on
                0x00202a84       0x24 ../../../../nxtOSEK/ecrobot/../ecrobot/libecrobot.a(aic.oram)
                0x00202a84                aic_mask_on
 .text.aic_mask_off
                0x00202aa8       0x24 ../../../../nxtOSEK/ecrobot/../ecrobot/libecrobot.a(aic.oram)
                0x00202aa8                aic_mask_off
 .text.aic_clear
                0x00202acc       0x24 ../../../../nxtOSEK/ecrobot/../ecrobot/libecrobot.a(aic.oram)
                0x00202acc                aic_clear
 .text.reset    0x00202af0       0x4c ../../../../nxtOSEK/ecrobot/../ecrobot/libecrobot.a(udp.oram)
 .text.udp_send_null
                0x00202b3c       0x2c ../../../../nxtOSEK/ecrobot/../ecrobot/libecrobot.a(udp.oram)
 .text.udp_send_stall
                0x00202b68       0x2c ../../../../nxtOSEK/ecrobot/../ecrobot/libecrobot.a(udp.oram)
 .text.udp_send_control
                0x00202b94       0x60 ../../../../nxtOSEK/ecrobot/../ecrobot/libecrobot.a(udp.oram)
 .text.udp_isr_C
                0x00202bf4      0x7d0 ../../../../nxtOSEK/ecrobot/../ecrobot/libecrobot.a(udp.oram)
                0x00202bf4                udp_isr_C
 .text.twi_status
                0x002033c4       0x20 ../../../../nxtOSEK/ecrobot/../ecrobot/libecrobot.a(twi.oram)
                0x002033c4                twi_status
 .text.twi_isr_C
                0x002033e4       0xc4 ../../../../nxtOSEK/ecrobot/../ecrobot/libecrobot.a(twi.oram)
                0x002033e4                twi_isr_C
 .text.twi_reset
                0x002034a8       0xb4 ../../../../nxtOSEK/ecrobot/../ecrobot/libecrobot.a(twi.oram)
                0x002034a8                twi_reset
 .text.twi_init
                0x0020355c       0x4c ../../../../nxtOSEK/ecrobot/../ecrobot/libecrobot.a(twi.oram)
                0x0020355c                twi_init
 .text.twi_start_read
                0x002035a8       0x60 ../../../../nxtOSEK/ecrobot/../ecrobot/libecrobot.a(twi.oram)
                0x002035a8                twi_start_read
 .text.twi_start_write
                0x00203608       0x64 ../../../../nxtOSEK/ecrobot/../ecrobot/libecrobot.a(twi.oram)
                0x00203608                twi_start_write
 .text.spi_set_mode
                0x0020366c       0x40 ../../../../nxtOSEK/ecrobot/../ecrobot/libecrobot.a(nxt_spi.oram)
 .text.spi_isr_C
                0x002036ac       0x8c ../../../../nxtOSEK/ecrobot/../ecrobot/libecrobot.a(nxt_spi.oram)
                0x002036ac                spi_isr_C
 .text.nxt_spi_init
                0x00203738      0x12c ../../../../nxtOSEK/ecrobot/../ecrobot/libecrobot.a(nxt_spi.oram)
                0x00203738                nxt_spi_init
 .text.nxt_spi_write
                0x00203864       0x44 ../../../../nxtOSEK/ecrobot/../ecrobot/libecrobot.a(nxt_spi.oram)
                0x00203864                nxt_spi_write
 .text.nxt_spi_set_display
                0x002038a8       0x10 ../../../../nxtOSEK/ecrobot/../ecrobot/libecrobot.a(nxt_spi.oram)
                0x002038a8                nxt_spi_set_display
 .text.nxt_spi_refresh
                0x002038b8       0x24 ../../../../nxtOSEK/ecrobot/../ecrobot/libecrobot.a(nxt_spi.oram)
                0x002038b8                nxt_spi_refresh
 .text.nxt_motor_get_count
                0x002038dc       0x14 ../../../../nxtOSEK/ecrobot/../ecrobot/libecrobot.a(nxt_motors.oram)
                0x002038dc                nxt_motor_get_count
 .text.nxt_motor_set_count
                0x002038f0       0x10 ../../../../nxtOSEK/ecrobot/../ecrobot/libecrobot.a(nxt_motors.oram)
                0x002038f0                nxt_motor_set_count
 .text.nxt_motor_set_speed
                0x00203900       0x34 ../../../../nxtOSEK/ecrobot/../ecrobot/libecrobot.a(nxt_motors.oram)
                0x00203900                nxt_motor_set_speed
 .text.nxt_motor_1kHz_process
                0x00203934       0x28 ../../../../nxtOSEK/ecrobot/../ecrobot/libecrobot.a(nxt_motors.oram)
                0x00203934                nxt_motor_1kHz_process
 .text.nxt_motor_quad_decode
                0x0020395c       0x30 ../../../../nxtOSEK/ecrobot/../ecrobot/libecrobot.a(nxt_motors.oram)
                0x0020395c                nxt_motor_quad_decode
 .text.nxt_motor_isr_C
                0x0020398c       0x88 ../../../../nxtOSEK/ecrobot/../ecrobot/libecrobot.a(nxt_motors.oram)
                0x0020398c                nxt_motor_isr_C
 .text.nxt_motor_init
                0x00203a14       0x68 ../../../../nxtOSEK/ecrobot/../ecrobot/libecrobot.a(nxt_motors.oram)
                0x00203a14                nxt_motor_init
 .text.data_abort_C
                0x00203a7c       0x7c ../../../../nxtOSEK/ecrobot/../ecrobot/libecrobot.a(data_abort.oram)
                0x00203a7c                data_abort_C
 .text.display_update
                0x00203af8       0x14 ../../../../nxtOSEK/ecrobot/../ecrobot/libecrobot.a(display.oram)
                0x00203af8                display_update
 .text.display_force_update
                0x00203b0c        0xc ../../../../nxtOSEK/ecrobot/../ecrobot/libecrobot.a(display.oram)
                0x00203b0c                display_force_update
 .text.display_clear
                0x00203b18       0x24 ../../../../nxtOSEK/ecrobot/../ecrobot/libecrobot.a(display.oram)
                0x00203b18                display_clear
 .text.display_goto_xy
                0x00203b3c       0x14 ../../../../nxtOSEK/ecrobot/../ecrobot/libecrobot.a(display.oram)
                0x00203b3c                display_goto_xy
 .text.display_char
                0x00203b50       0x60 ../../../../nxtOSEK/ecrobot/../ecrobot/libecrobot.a(display.oram)
                0x00203b50                display_char
 .text.display_string
                0x00203bb0       0x3c ../../../../nxtOSEK/ecrobot/../ecrobot/libecrobot.a(display.oram)
                0x00203bb0                display_string
 .text.display_hex
                0x00203bec       0x50 ../../../../nxtOSEK/ecrobot/../ecrobot/libecrobot.a(display.oram)
                0x00203bec                display_hex
 .text.display_unsigned_worker
                0x00203c3c       0x70 ../../../../nxtOSEK/ecrobot/../ecrobot/libecrobot.a(display.oram)
 .text.display_unsigned
                0x00203cac        0xc ../../../../nxtOSEK/ecrobot/../ecrobot/libecrobot.a(display.oram)
                0x00203cac                display_unsigned
 .text.display_bitmap_copy
                0x00203cb8       0x5c ../../../../nxtOSEK/ecrobot/../ecrobot/libecrobot.a(display.oram)
                0x00203cb8                display_bitmap_copy
 .text.display_init
                0x00203d14       0x50 ../../../../nxtOSEK/ecrobot/../ecrobot/libecrobot.a(display.oram)
                0x00203d14                display_init
 .text.i2c_timer_isr_C
                0x00203d64      0x314 ../../../../nxtOSEK/ecrobot/../ecrobot/libecrobot.a(i2c.oram)
                0x00203d64                i2c_timer_isr_C
 .text.i2c_disable
                0x00204078       0x20 ../../../../nxtOSEK/ecrobot/../ecrobot/libecrobot.a(i2c.oram)
                0x00204078                i2c_disable
 .text.i2c_enable
                0x00204098       0x40 ../../../../nxtOSEK/ecrobot/../ecrobot/libecrobot.a(i2c.oram)
                0x00204098                i2c_enable
 .text.i2c_init
                0x002040d8       0xa4 ../../../../nxtOSEK/ecrobot/../ecrobot/libecrobot.a(i2c.oram)
                0x002040d8                i2c_init
 .text.i2c_busy
                0x0020417c       0x24 ../../../../nxtOSEK/ecrobot/../ecrobot/libecrobot.a(i2c.oram)
                0x0020417c                i2c_busy
 .text.i2c_start_transaction
                0x002041a0      0x108 ../../../../nxtOSEK/ecrobot/../ecrobot/libecrobot.a(i2c.oram)
                0x002041a0                i2c_start_transaction
 .text.sound_fill_sample_buffer
                0x002042a8       0xe4 ../../../../nxtOSEK/ecrobot/../ecrobot/libecrobot.a(sound.oram)
                0x002042a8                sound_fill_sample_buffer
 .text.sound_init
                0x0020438c       0xa0 ../../../../nxtOSEK/ecrobot/../ecrobot/libecrobot.a(sound.oram)
                0x0020438c                sound_init
 .text.sound_isr_C
                0x0020442c      0x144 ../../../../nxtOSEK/ecrobot/../ecrobot/libecrobot.a(sound.oram)
                0x0020442c                sound_isr_C
 .text.bt_init  0x00204570      0x1c0 ../../../../nxtOSEK/ecrobot/../ecrobot/libecrobot.a(bt.oram)
                0x00204570                bt_init
 .text.bt_send  0x00204730       0x5c ../../../../nxtOSEK/ecrobot/../ecrobot/libecrobot.a(bt.oram)
                0x00204730                bt_send
 .text.bt_write
                0x0020478c       0x70 ../../../../nxtOSEK/ecrobot/../ecrobot/libecrobot.a(bt.oram)
                0x0020478c                bt_write
 .text.bt_pending
                0x002047fc       0x50 ../../../../nxtOSEK/ecrobot/../ecrobot/libecrobot.a(bt.oram)
                0x002047fc                bt_pending
 .text.bt_clear_arm7_cmd
                0x0020484c       0x10 ../../../../nxtOSEK/ecrobot/../ecrobot/libecrobot.a(bt.oram)
                0x0020484c                bt_clear_arm7_cmd
 .text.bt_set_arm7_cmd
                0x0020485c       0x10 ../../../../nxtOSEK/ecrobot/../ecrobot/libecrobot.a(bt.oram)
                0x0020485c                bt_set_arm7_cmd
 .text.bt_receive
                0x0020486c      0x160 ../../../../nxtOSEK/ecrobot/../ecrobot/libecrobot.a(bt.oram)
                0x0020486c                bt_receive
 .text.bt_read  0x002049cc      0x140 ../../../../nxtOSEK/ecrobot/../ecrobot/libecrobot.a(bt.oram)
                0x002049cc                bt_read
 .text.bt_reset
                0x00204b0c       0x84 ../../../../nxtOSEK/ecrobot/../ecrobot/libecrobot.a(bt.oram)
                0x00204b0c                bt_reset
 .text.nxt_avr_power_down
                0x00204b90       0x10 ../../../../nxtOSEK/ecrobot/../ecrobot/libecrobot.a(nxt_avr.oram)
                0x00204b90                nxt_avr_power_down
 .text.nxt_avr_link_init
                0x00204ba0       0x20 ../../../../nxtOSEK/ecrobot/../ecrobot/libecrobot.a(nxt_avr.oram)
                0x00204ba0                nxt_avr_link_init
 .text.nxt_avr_init
                0x00204bc0       0x6c ../../../../nxtOSEK/ecrobot/../ecrobot/libecrobot.a(nxt_avr.oram)
                0x00204bc0                nxt_avr_init
 .text.nxt_avr_1kHz_update
                0x00204c2c      0x1cc ../../../../nxtOSEK/ecrobot/../ecrobot/libecrobot.a(nxt_avr.oram)
                0x00204c2c                nxt_avr_1kHz_update
 .text.buttons_get
                0x00204df8        0xc ../../../../nxtOSEK/ecrobot/../ecrobot/libecrobot.a(nxt_avr.oram)
                0x00204df8                buttons_get
 .text.battery_voltage
                0x00204e04       0x28 ../../../../nxtOSEK/ecrobot/../ecrobot/libecrobot.a(nxt_avr.oram)
                0x00204e04                battery_voltage
 .text.sensor_adc
                0x00204e2c       0x20 ../../../../nxtOSEK/ecrobot/../ecrobot/libecrobot.a(nxt_avr.oram)
                0x00204e2c                sensor_adc
 .text.nxt_avr_set_motor
                0x00204e4c       0x34 ../../../../nxtOSEK/ecrobot/../ecrobot/libecrobot.a(nxt_avr.oram)
                0x00204e4c                nxt_avr_set_motor
 .text.nxt_avr_set_input_power
                0x00204e80       0x3c ../../../../nxtOSEK/ecrobot/../ecrobot/libecrobot.a(nxt_avr.oram)
                0x00204e80                nxt_avr_set_input_power
 .text.unset_digi0
                0x00204ebc       0x44 ../../../../nxtOSEK/ecrobot/../ecrobot/libecrobot.a(sensors.oram)
                0x00204ebc                unset_digi0
 .text.unset_digi1
                0x00204f00       0x44 ../../../../nxtOSEK/ecrobot/../ecrobot/libecrobot.a(sensors.oram)
                0x00204f00                unset_digi1
 .text.init_sensors
                0x00204f44       0x4c ../../../../nxtOSEK/ecrobot/../ecrobot/libecrobot.a(sensors.oram)
                0x00204f44                init_sensors
 .text.set_digi0
                0x00204f90       0x44 ../../../../nxtOSEK/ecrobot/../ecrobot/libecrobot.a(sensors.oram)
                0x00204f90                set_digi0
 .text.nxt_lcd_command
                0x00204fd4       0x18 ../../../../nxtOSEK/ecrobot/../ecrobot/libecrobot.a(nxt_lcd.oram)
                0x00204fd4                nxt_lcd_command
 .text.nxt_lcd_set_col
                0x00204fec       0x24 ../../../../nxtOSEK/ecrobot/../ecrobot/libecrobot.a(nxt_lcd.oram)
                0x00204fec                nxt_lcd_set_col
 .text.nxt_lcd_set_multiplex_rate
                0x00205010       0x18 ../../../../nxtOSEK/ecrobot/../ecrobot/libecrobot.a(nxt_lcd.oram)
                0x00205010                nxt_lcd_set_multiplex_rate
 .text.nxt_lcd_set_page_address
                0x00205028       0x18 ../../../../nxtOSEK/ecrobot/../ecrobot/libecrobot.a(nxt_lcd.oram)
                0x00205028                nxt_lcd_set_page_address
 .text.nxt_lcd_set_pot
                0x00205040       0x1c ../../../../nxtOSEK/ecrobot/../ecrobot/libecrobot.a(nxt_lcd.oram)
                0x00205040                nxt_lcd_set_pot
 .text.nxt_lcd_set_ram_address_control
                0x0020505c       0x18 ../../../../nxtOSEK/ecrobot/../ecrobot/libecrobot.a(nxt_lcd.oram)
                0x0020505c                nxt_lcd_set_ram_address_control
 .text.nxt_lcd_enable
                0x00205074       0x14 ../../../../nxtOSEK/ecrobot/../ecrobot/libecrobot.a(nxt_lcd.oram)
                0x00205074                nxt_lcd_enable
 .text.nxt_lcd_set_map_control
                0x00205088       0x18 ../../../../nxtOSEK/ecrobot/../ecrobot/libecrobot.a(nxt_lcd.oram)
                0x00205088                nxt_lcd_set_map_control
 .text.nxt_lcd_reset
                0x002050a0        0xc ../../../../nxtOSEK/ecrobot/../ecrobot/libecrobot.a(nxt_lcd.oram)
                0x002050a0                nxt_lcd_reset
 .text.nxt_lcd_set_bias_ratio
                0x002050ac       0x18 ../../../../nxtOSEK/ecrobot/../ecrobot/libecrobot.a(nxt_lcd.oram)
                0x002050ac                nxt_lcd_set_bias_ratio
 .text.nxt_lcd_force_update
                0x002050c4       0x30 ../../../../nxtOSEK/ecrobot/../ecrobot/libecrobot.a(nxt_lcd.oram)
                0x002050c4                nxt_lcd_force_update
 .text.nxt_lcd_update
                0x002050f4        0xc ../../../../nxtOSEK/ecrobot/../ecrobot/libecrobot.a(nxt_lcd.oram)
                0x002050f4                nxt_lcd_update
 .text.nxt_lcd_power_up
                0x00205100       0x48 ../../../../nxtOSEK/ecrobot/../ecrobot/libecrobot.a(nxt_lcd.oram)
                0x00205100                nxt_lcd_power_up
 .text.nxt_lcd_power_down
                0x00205148        0xc ../../../../nxtOSEK/ecrobot/../ecrobot/libecrobot.a(nxt_lcd.oram)
                0x00205148                nxt_lcd_power_down
 .text.nxt_lcd_init
                0x00205154       0x18 ../../../../nxtOSEK/ecrobot/../ecrobot/libecrobot.a(nxt_lcd.oram)
                0x00205154                nxt_lcd_init
 .text.verify_flash_page
                0x0020516c       0x34 ../../../../nxtOSEK/ecrobot/../ecrobot/libecrobot.a(flash_loader.oram)
 .text.set_flash_request
                0x002051a0       0x38 ../../../../nxtOSEK/ecrobot/../ecrobot/libecrobot.a(flash_loader.oram)
                0x002051a0                set_flash_request
 .text.nxt_device_init
                0x002051d8       0x38 ../../../../nxtOSEK/ecrobot/../ecrobot/libecrobot.a(flash_loader.oram)
                0x002051d8                nxt_device_init
 .text          0x00205210       0x68 ../../../../nxtOSEK/ecrobot/../ecrobot/libecrobot.a(interrupts.oram)
                0x00205268                fiq_enable
                0x00205210                interrupts_get_and_disable
                0x00205244                fiq_get_and_disable
                0x00205234                interrupts_enable
 .text.flash_write_page
                0x00205278       0xc0 ../../../../nxtOSEK/ecrobot/../ecrobot/libecrobot.a(flashprog.oram)
                0x00205278                flash_write_page
                0x00205340                . = ALIGN (0x10)
 *fill*         0x00205338        0x8 00
 *.oram(*.rodata *.rodata.*)
 .rodata.ld     0x00205340        0x4 ../../../../nxtOSEK/ecrobot/../ecrobot/libecrobot.a(udp.oram)
 .rodata.cfd    0x00205344       0x20 ../../../../nxtOSEK/ecrobot/../ecrobot/libecrobot.a(udp.oram)
 .rodata.dd     0x00205364       0x12 ../../../../nxtOSEK/ecrobot/../ecrobot/libecrobot.a(udp.oram)
 *fill*         0x00205376        0x2 00
 .rodata.str1.4
                0x00205378       0x22 ../../../../nxtOSEK/ecrobot/../ecrobot/libecrobot.a(data_abort.oram)
                                 0x24 (size before relaxing)
 .rodata.font   0x0020539a      0x280 ../../../../nxtOSEK/ecrobot/../ecrobot/libecrobot.a(display.oram)
 *fill*         0x0020561a        0x2 00
 .rodata.str1.4
                0x0020561c       0x76 ../../../../nxtOSEK/ecrobot/../ecrobot/libecrobot.a(display.oram)
                                 0x78 (size before relaxing)
 *fill*         0x00205692        0x2 00
 .rodata.i2c_pin
                0x00205694       0x20 ../../../../nxtOSEK/ecrobot/../ecrobot/libecrobot.a(i2c.oram)
 .rodata.i2c_timer_isr_C
                0x002056b4       0x38 ../../../../nxtOSEK/ecrobot/../ecrobot/libecrobot.a(i2c.oram)
 .rodata.silence
                0x002056ec       0x40 ../../../../nxtOSEK/ecrobot/../ecrobot/libecrobot.a(sound.oram)
                0x002056ec                silence
 .rodata.sample_pattern
                0x0020572c       0x84 ../../../../nxtOSEK/ecrobot/../ecrobot/libecrobot.a(sound.oram)
                0x0020572c                sample_pattern
 .rodata        0x002057b0        0xc ../../../../nxtOSEK/ecrobot/../ecrobot/libecrobot.a(sound.oram)
 .rodata.avr_brainwash_string
                0x002057bc       0x30 ../../../../nxtOSEK/ecrobot/../ecrobot/libecrobot.a(nxt_avr.oram)
                0x002057bc                avr_brainwash_string
 .rodata.nxt_avr_1kHz_update
                0x002057ec       0x14 ../../../../nxtOSEK/ecrobot/../ecrobot/libecrobot.a(nxt_avr.oram)
 .rodata.C.33.1823
                0x00205800       0x10 ../../../../nxtOSEK/ecrobot/../ecrobot/libecrobot.a(sensors.oram)
 .rodata.C.37.1857
                0x00205810       0x10 ../../../../nxtOSEK/ecrobot/../ecrobot/libecrobot.a(sensors.oram)
 .rodata.C.31.1806
                0x00205820       0x10 ../../../../nxtOSEK/ecrobot/../ecrobot/libecrobot.a(sensors.oram)
 .rodata.str1.4
                0x00205830       0x23 ../../../../nxtOSEK/ecrobot/../ecrobot/libecrobot.a(flash_loader.oram)
                                 0x24 (size before relaxing)
                0x00205860                . = ALIGN (0x10)
 *fill*         0x00205853        0xd 00
                0x002022c0                __ramtext_ram_start__ = ADDR (.ram_text)
                0x00205860                __ramtext_ram_end__ = (ADDR (.ram_text) + SIZEOF (.ram_text))
                0x002022c0                __ramtext_load_start__ = LOADADDR (.ram_text)
                0x00205860                __ramtext_load_end__ = (__ramtext_load_start__ + SIZEOF (.ram_text))

.wav_data       0x00205860        0x0
 *.owav(*.data *.data.*)
                0x00205860                . = ALIGN (0x10)

.bmp_data       0x00205860      0x440
 *.obmp(*.data *.data.*)
 .data          0x00205860      0x43e ../../../../nxtOSEK/ecrobot/../ecrobot/libecrobot.a(nxtosek_splash.obmp)
                0x00205860                nxtosek_splash_bmp_start
                0x00205c9e                nxtosek_splash_bmp_end
                0x00205ca0                . = ALIGN (0x10)
 *fill*         0x00205c9e        0x2 00

.spr_data       0x00205ca0        0x0
 *.ospr(*.data *.data.*)
                0x00205ca0                . = ALIGN (0x10)

.data           0x00205ca0      0x8b0
 *(*.data *.data.*)
 .data.bt_status
                0x00205ca0        0x1 build/ecrobot_bluetooth.o
 *fill*         0x00205ca1        0x3 00
 .data.K_THETADOT
                0x00205ca4        0x4 build/balancer_param.o
                0x00205ca4                K_THETADOT
 .data.K_PHIDOT
                0x00205ca8        0x4 build/balancer_param.o
                0x00205ca8                K_PHIDOT
 .data.K_I      0x00205cac        0x4 build/balancer_param.o
                0x00205cac                K_I
 .data.K_F      0x00205cb0       0x10 build/balancer_param.o
                0x00205cb0                K_F
 .data.A_R      0x00205cc0        0x4 build/balancer_param.o
                0x00205cc0                A_R
 .data.A_D      0x00205cc4        0x4 build/balancer_param.o
                0x00205cc4                A_D
 .data._ZZN11SonarSensor14getSonarSensorEvE5sonar
                0x00205cc8        0x4 build/SonarSensor.o
 .data.distance_state
                0x00205ccc       0x10 ../../../../nxtOSEK/ecrobot/../ecrobot/libecrobot.a(ecrobot_interface.o)
 .data.deviceStatus
                0x00205cdc        0x1 ../../../../nxtOSEK/ecrobot/../ecrobot/libecrobot.a(ecrobot_interface.o)
 .bss.data.2752
                0x00205cdd        0x4 ../../../../nxtOSEK/ecrobot/../ecrobot/libecrobot.a(ecrobot_interface.o)
 .data.named    0x00205ce1       0x22 ../../../../nxtOSEK/ecrobot/../ecrobot/libecrobot.a(udp.oram)
 .data.snd      0x00205d03       0x1a ../../../../nxtOSEK/ecrobot/../ecrobot/libecrobot.a(udp.oram)
 *fill*         0x00205d1d        0x3 00
 .data.configured
                0x00205d20        0x4 ../../../../nxtOSEK/ecrobot/../ecrobot/libecrobot.a(udp.oram)
 .data.mode     0x00205d24        0x1 ../../../../nxtOSEK/ecrobot/../ecrobot/libecrobot.a(nxt_spi.oram)
                0x00205d24                mode
 *fill*         0x00205d25        0x3 00
 .bss.data      0x00205d28        0x4 ../../../../nxtOSEK/ecrobot/../ecrobot/libecrobot.a(nxt_spi.oram)
                0x00205d28                data
 .data.display_auto_update
                0x00205d2c        0x4 ../../../../nxtOSEK/ecrobot/../ecrobot/libecrobot.a(display.oram)
                0x00205d2c                display_auto_update
 .data.display_buffer
                0x00205d30        0x4 ../../../../nxtOSEK/ecrobot/../ecrobot/libecrobot.a(display.oram)
 .data          0x00205d34      0x410 /cygdrive/C/cygwin/GNUARM/bin/../lib/gcc/arm-elf/4.0.2/../../../../arm-elf/lib/thumb/interwork/libc.a(mallocr.o)
                0x00205d34                __malloc_sbrk_base
                0x00205d3c                __malloc_av_
                0x00205d38                __malloc_trim_threshold
 .data          0x00206144      0x404 /cygdrive/C/cygwin/GNUARM/bin/../lib/gcc/arm-elf/4.0.2/../../../../arm-elf/lib/thumb/interwork/libc.a(impure.o)
                0x00206544                _impure_ptr
                0x00206550                . = ALIGN (0x10)
 *fill*         0x00206548        0x8 00
                0x00205ca0                __data_ram_start__ = ADDR (.data)
                0x00206550                __data_ram_end__ = (ADDR (.data) + SIZEOF (.data))
                0x00205ca0                __data_load_start__ = LOADADDR (.data)
                0x00206550                __data_load_end__ = (__data_load_start__ + SIZEOF (.data))

.text           0x00206550     0x38f0
                0x00206550                . = ALIGN (0x10)
 *(*.text *.text.* *.glue*)
 .text.StartOS  0x00206550       0x58 build/kernel/osctl.o
                0x00206550                StartOS
 .text.call_pretaskhook
                0x002065a8       0x24 build/kernel/osctl.o
                0x002065a8                call_pretaskhook
 .text.call_posttaskhook
                0x002065cc       0x24 build/kernel/osctl.o
                0x002065cc                call_posttaskhook
 .text.make_runnable
                0x002065f0       0xac build/kernel/task.o
                0x002065f0                make_runnable
 .text.make_active
                0x0020669c       0x78 build/kernel/task.o
                0x0020669c                make_active
 .text.task_initialize
                0x00206714       0x90 build/kernel/task.o
                0x00206714                task_initialize
 .text.cpu_initialize
                0x002067a4        0x4 build/config/at91sam7s-gnu/cpu_config.o
                0x002067a4                cpu_initialize
 .text.sys_initialize
                0x002067a8        0x4 build/config/at91sam7s-gnu/lego_nxt/sys_config.o
                0x002067a8                sys_initialize
 .text.object_initialize
                0x002067ac        0xc build/./kernel_cfg.o
                0x002067ac                object_initialize
 .text._sbrk_r  0x002067b8       0x1c build/syscalls.o
                0x002067b8                _sbrk_r
 .text.ecrobot_get_bt_status
                0x002067d4       0x10 build/ecrobot_bluetooth.o
                0x002067d4                ecrobot_get_bt_status
 .text.close_bt_stream
                0x002067e4       0x2c build/ecrobot_bluetooth.o
 .text.ecrobot_send_bt_packet
                0x00206810       0x54 build/ecrobot_bluetooth.o
                0x00206810                ecrobot_send_bt_packet
 .text.ecrobot_send_bt
                0x00206864       0x40 build/ecrobot_bluetooth.o
                0x00206864                ecrobot_send_bt
 .text.ecrobot_read_bt
                0x002068a4       0x24 build/ecrobot_bluetooth.o
                0x002068a4                ecrobot_read_bt
 .text.send_bt_command
                0x002068c8       0x40 build/ecrobot_bluetooth.o
 .text.ecrobot_term_bt_connection
                0x00206908       0x48 build/ecrobot_bluetooth.o
                0x00206908                ecrobot_term_bt_connection
 .text.ecrobot_set_bt_device_name
                0x00206950       0x4c build/ecrobot_bluetooth.o
                0x00206950                ecrobot_set_bt_device_name
 .text.read_bt_command
                0x0020699c       0x5c build/ecrobot_bluetooth.o
 .text.open_bt_stream
                0x002069f8       0x50 build/ecrobot_bluetooth.o
 .text.ecrobot_get_bt_device_address
                0x00206a48       0x6c build/ecrobot_bluetooth.o
                0x00206a48                ecrobot_get_bt_device_address
 .text.ecrobot_init_bt_slave
                0x00206ab4      0x12c build/ecrobot_bluetooth.o
                0x00206ab4                ecrobot_init_bt_slave
 .text.init_OS_flag
                0x00206be0        0xc build/ecrobot_base.o
                0x00206be0                init_OS_flag
 .text.set_OS_flag
                0x00206bec        0xc build/ecrobot_base.o
                0x00206bec                set_OS_flag
 .text.get_OS_flag
                0x00206bf8        0xc build/ecrobot_base.o
                0x00206bf8                get_OS_flag
 .text.cpp_constructor
                0x00206c04       0x28 build/ecrobot_base.o
                0x00206c04                cpp_constructor
 .text.cpp_destructor
                0x00206c2c       0x28 build/ecrobot_base.o
                0x00206c2c                cpp_destructor
 .text.execution_mode
                0x00206c54       0x24 build/ecrobot_base.o
                0x00206c54                execution_mode
 .text.show_main_screen
                0x00206c78       0x48 build/ecrobot_base.o
                0x00206c78                show_main_screen
 .text.display_status_bar
                0x00206cc0       0x5c build/ecrobot_base.o
                0x00206cc0                display_status_bar
 .text.restart_NXT
                0x00206d1c       0x2c build/ecrobot_base.o
                0x00206d1c                restart_NXT
 .text.shutdown_NXT
                0x00206d48       0x2c build/ecrobot_base.o
                0x00206d48                shutdown_NXT
 .text.check_NXT_buttons
                0x00206d74       0x38 build/ecrobot_base.o
                0x00206d74                check_NXT_buttons
 .text.show_bd_addr
                0x00206dac       0x44 build/ecrobot_base.o
                0x00206dac                show_bd_addr
 .text.show_bd_addr_err
                0x00206df0       0x3c build/ecrobot_base.o
                0x00206df0                show_bd_addr_err
 .text.add_status_info
                0x00206e2c       0x68 build/ecrobot_base.o
                0x00206e2c                add_status_info
 .text.show_splash_screen
                0x00206e94       0x90 build/ecrobot_base.o
                0x00206e94                show_splash_screen
 .text.main     0x00206f24      0x10c build/ecrobot.o
                0x00206f24                main
 .text._ZN2UIC1E11TouchSensor9BlueTooth11LightSensor4Tail
                0x00207030       0x1c build/UI.o
                0x00207030                _ZN2UIC1E11TouchSensor9BlueTooth11LightSensor4Tail
 .text._ZN2UI9waitStartEf
                0x0020704c       0x40 build/UI.o
                0x0020704c                _ZN2UI9waitStartEf
 .text._ZN2UI12courseSelectEv
                0x0020708c       0x6c build/UI.o
                0x0020708c                _ZN2UI12courseSelectEv
 .text._ZN11TouchSensorC1E13SENSOR_PORT_T
                0x002070f8        0x4 build/TouchSensor.o
                0x002070f8                _ZN11TouchSensorC1E13SENSOR_PORT_T
 .text._ZN11TouchSensor9isPressedEv
                0x002070fc        0xc build/TouchSensor.o
                0x002070fc                _ZN11TouchSensor9isPressedEv
 .text._ZN9BlueToothC1Ev
                0x00207108        0x4 build/BlueTooth.o
                0x00207108                _ZN9BlueToothC1Ev
 .text._ZN9BlueTooth10isReceivedEv
                0x0020710c       0x4c build/BlueTooth.o
                0x0020710c                _ZN9BlueTooth10isReceivedEv
 .text._ZN10GyroSensorC1E13SENSOR_PORT_T
                0x00207158        0x4 build/GyroSensor.o
                0x00207158                _ZN10GyroSensorC1E13SENSOR_PORT_T
 .text._ZN10GyroSensor13getGyroSensorEv
                0x0020715c       0x28 build/GyroSensor.o
                0x0020715c                _ZN10GyroSensor13getGyroSensorEv
 .text._ZN11LightSensorC1E13SENSOR_PORT_T
                0x00207184        0x4 build/LightSensor.o
                0x00207184                _ZN11LightSensorC1E13SENSOR_PORT_T
 .text._ZN11LightSensor13getBrightnessEv
                0x00207188        0xc build/LightSensor.o
                0x00207188                _ZN11LightSensor13getBrightnessEv
 .text._ZN7ControlC1E3PID14BalanceControl5MotorS2_4Tail
                0x00207194       0x3c build/Control.o
                0x00207194                _ZN7ControlC1E3PID14BalanceControl5MotorS2_4Tail
 .text._ZN7Control8basicRunEffffitfift
                0x002071d0      0x160 build/Control.o
                0x002071d0                _ZN7Control8basicRunEffffitfift
 .text._ZN3PIDC1Ev
                0x00207330       0x10 build/PID.o
                0x00207330                _ZN3PIDC1Ev
 .text._ZN3PID11calculationEttf
                0x00207340      0x144 build/PID.o
                0x00207340                _ZN3PID11calculationEttf
 .text._ZN14BalanceControlC1Ev
                0x00207484        0xc build/BalanceControl.o
                0x00207484                _ZN14BalanceControlC1Ev
 .text._ZN14BalanceControl11calculationEccffll
                0x00207490       0x7c build/BalanceControl.o
                0x00207490                _ZN14BalanceControl11calculationEccffll
 .text._ZN14BalanceControl7getLeftEv
                0x0020750c        0x8 build/BalanceControl.o
                0x0020750c                _ZN14BalanceControl7getLeftEv
 .text._ZN14BalanceControl8getRightEv
                0x00207514        0x8 build/BalanceControl.o
                0x00207514                _ZN14BalanceControl8getRightEv
 .text._ZN5MotorC1E12MOTOR_PORT_T
                0x0020751c        0x4 build/Motor.o
                0x0020751c                _ZN5MotorC1E12MOTOR_PORT_T
 .text._ZN5Motor8getAngleEv
                0x00207520        0xc build/Motor.o
                0x00207520                _ZN5Motor8getAngleEv
 .text._ZN5Motor6rotateEf
                0x0020752c       0x1c build/Motor.o
                0x0020752c                _ZN5Motor6rotateEf
 .text._ZN4TailC1E12MOTOR_PORT_T
                0x00207548        0x4 build/Tail.o
                0x00207548                _ZN4TailC1E12MOTOR_PORT_T
 .text._ZN4Tail7controlEf
                0x0020754c       0x64 build/Tail.o
                0x0020754c                _ZN4Tail7controlEf
 .text._ZN11SonarSensorC1E13SENSOR_PORT_T
                0x002075b0        0x8 build/SonarSensor.o
                0x002075b0                _ZN11SonarSensorC1E13SENSOR_PORT_T
 .text._ZN11SonarSensor14getSonarSensorEv
                0x002075b8       0x2c build/SonarSensor.o
                0x002075b8                _ZN11SonarSensor14getSonarSensorEv
 .text._ZN5InputC1E10GyroSensor11LightSensor11SonarSensor
                0x002075e4       0x30 build/Input.o
                0x002075e4                _ZN5InputC1E10GyroSensor11LightSensor11SonarSensor
 .text._ZN5Input8getInputEv
                0x00207614       0x24 build/Input.o
                0x00207614                _ZN5Input8getInputEv
 .text._ZN5Input13getGyroSensorEv
                0x00207638        0x4 build/Input.o
                0x00207638                _ZN5Input13getGyroSensorEv
 .text._ZN5Input13getBrightnessEv
                0x0020763c        0x4 build/Input.o
                0x0020763c                _ZN5Input13getBrightnessEv
 .text._ZN5Input14getSonarSensorEv
                0x00207640        0x4 build/Input.o
                0x00207640                _ZN5Input14getSonarSensorEv
 .text._ZN14SlopeDetectionC1Ev
                0x00207644        0x4 build/SlopeDetection.o
                0x00207644                _ZN14SlopeDetectionC1Ev
 .text._ZN14SlopeDetection6detectEffi
                0x00207648       0x34 build/SlopeDetection.o
                0x00207648                _ZN14SlopeDetection6detectEffi
 .text._ZN14ColorDetectionC1Ev
                0x0020767c        0x4 build/ColorDetection.o
                0x0020767c                _ZN14ColorDetectionC1Ev
 .text._ZN14ColorDetection6detectEtti
                0x00207680       0x20 build/ColorDetection.o
                0x00207680                _ZN14ColorDetection6detectEtti
 .text._ZN17ObstacleDetectionC1Ev
                0x002076a0        0x8 build/ObstacleDetection.o
                0x002076a0                _ZN17ObstacleDetectionC1Ev
 .text._ZN17ObstacleDetection6detectEl
                0x002076a8       0x20 build/ObstacleDetection.o
                0x002076a8                _ZN17ObstacleDetection6detectEl
 .text._ZN9DetectionC1Efitiii14SlopeDetection14ColorDetection17ObstacleDetection
                0x002076c8       0x24 build/Detection.o
                0x002076c8                _ZN9DetectionC1Efitiii14SlopeDetection14ColorDetection17ObstacleDetection
 .text._ZN9Detection6detectEftl
                0x002076ec       0x74 build/Detection.o
                0x002076ec                _ZN9Detection6detectEftl
 .text.ecrobot_device_initialize
                0x00207760       0x30 build/Main.o
                0x00207760                ecrobot_device_initialize
 .text.ecrobot_device_terminate
                0x00207790       0x18 build/Main.o
                0x00207790                ecrobot_device_terminate
 .text.user_1ms_isr_type2
                0x002077a8        0x4 build/Main.o
                0x002077a8                user_1ms_isr_type2
 .text.TaskMainTaskMain
                0x002077ac      0x200 build/Main.o
                0x002077ac                TaskMainTaskMain
 .text._Znwm    0x002079ac       0x10 ../../../../nxtOSEK/ecrobot/../ecrobot/libecrobot++.a(New.o)
                0x002079ac                _Znwm
 .text.ecrobot_get_gyro_sensor
                0x002079bc       0x14 ../../../../nxtOSEK/ecrobot/../ecrobot/libecrobot.a(ecrobot_HiTechnic.o)
                0x002079bc                ecrobot_get_gyro_sensor
 .text.ecrobot_set_light_sensor_active
                0x002079d0       0x10 ../../../../nxtOSEK/ecrobot/../ecrobot/libecrobot.a(ecrobot_interface.o)
                0x002079d0                ecrobot_set_light_sensor_active
 .text.ecrobot_set_light_sensor_inactive
                0x002079e0       0x10 ../../../../nxtOSEK/ecrobot/../ecrobot/libecrobot.a(ecrobot_interface.o)
                0x002079e0                ecrobot_set_light_sensor_inactive
 .text.ecrobot_get_light_sensor
                0x002079f0       0x14 ../../../../nxtOSEK/ecrobot/../ecrobot/libecrobot.a(ecrobot_interface.o)
                0x002079f0                ecrobot_get_light_sensor
 .text.ecrobot_get_touch_sensor
                0x00207a04       0x20 ../../../../nxtOSEK/ecrobot/../ecrobot/libecrobot.a(ecrobot_interface.o)
                0x00207a04                ecrobot_get_touch_sensor
 .text.ecrobot_init_i2c
                0x00207a24       0x2c ../../../../nxtOSEK/ecrobot/../ecrobot/libecrobot.a(ecrobot_interface.o)
                0x00207a24                ecrobot_init_i2c
 .text.getDistance
                0x00207a50       0x20 ../../../../nxtOSEK/ecrobot/../ecrobot/libecrobot.a(ecrobot_interface.o)
 .text.ecrobot_init_sonar_sensor
                0x00207a70       0x10 ../../../../nxtOSEK/ecrobot/../ecrobot/libecrobot.a(ecrobot_interface.o)
                0x00207a70                ecrobot_init_sonar_sensor
 .text.ecrobot_get_sonar_sensor
                0x00207a80       0x48 ../../../../nxtOSEK/ecrobot/../ecrobot/libecrobot.a(ecrobot_interface.o)
                0x00207a80                ecrobot_get_sonar_sensor
 .text.ecrobot_term_sonar_sensor
                0x00207ac8       0x20 ../../../../nxtOSEK/ecrobot/../ecrobot/libecrobot.a(ecrobot_interface.o)
                0x00207ac8                ecrobot_term_sonar_sensor
 .text.ecrobot_get_battery_voltage
                0x00207ae8        0xc ../../../../nxtOSEK/ecrobot/../ecrobot/libecrobot.a(ecrobot_interface.o)
                0x00207ae8                ecrobot_get_battery_voltage
 .text.ecrobot_get_button_state
                0x00207af4        0xc ../../../../nxtOSEK/ecrobot/../ecrobot/libecrobot.a(ecrobot_interface.o)
                0x00207af4                ecrobot_get_button_state
 .text.ecrobot_init_nxtstate
                0x00207b00       0x28 ../../../../nxtOSEK/ecrobot/../ecrobot/libecrobot.a(ecrobot_interface.o)
                0x00207b00                ecrobot_init_nxtstate
 .text.ecrobot_poll_nxtstate
                0x00207b28       0x64 ../../../../nxtOSEK/ecrobot/../ecrobot/libecrobot.a(ecrobot_interface.o)
                0x00207b28                ecrobot_poll_nxtstate
 .text.ecrobot_setDeviceInitialized
                0x00207b8c       0x18 ../../../../nxtOSEK/ecrobot/../ecrobot/libecrobot.a(ecrobot_interface.o)
                0x00207b8c                ecrobot_setDeviceInitialized
 .text.ecrobot_initDeviceStatus
                0x00207ba4        0xc ../../../../nxtOSEK/ecrobot/../ecrobot/libecrobot.a(ecrobot_interface.o)
                0x00207ba4                ecrobot_initDeviceStatus
 .text.ecrobot_bt_data_logger
                0x00207bb0       0x84 ../../../../nxtOSEK/ecrobot/../ecrobot/libecrobot.a(ecrobot_interface.o)
                0x00207bb0                ecrobot_bt_data_logger
 .text.ecrobot_bmp2lcd
                0x00207c34      0x1c8 ../../../../nxtOSEK/ecrobot/../ecrobot/libecrobot.a(ecrobot_interface.o)
                0x00207c34                ecrobot_bmp2lcd
 .text.ecrobot_is_ENTER_button_pressed
                0x00207dfc       0x10 ../../../../nxtOSEK/ecrobot/../ecrobot/libecrobot.a(ecrobot_interface.o)
                0x00207dfc                ecrobot_is_ENTER_button_pressed
 .text.ecrobot_is_RUN_button_pressed
                0x00207e0c       0x10 ../../../../nxtOSEK/ecrobot/../ecrobot/libecrobot.a(ecrobot_interface.o)
                0x00207e0c                ecrobot_is_RUN_button_pressed
 .text.StartupHook
                0x00207e1c        0x4 ../../../../nxtOSEK/ecrobot/../ecrobot/libecrobot.a(osek_hook.o)
                0x00207e1c                StartupHook
 .text.PreTaskHook
                0x00207e20        0x4 ../../../../nxtOSEK/ecrobot/../ecrobot/libecrobot.a(osek_hook.o)
                0x00207e20                PreTaskHook
 .text.PostTaskHook
                0x00207e24        0x4 ../../../../nxtOSEK/ecrobot/../ecrobot/libecrobot.a(osek_hook.o)
                0x00207e24                PostTaskHook
 .text.balance_control
                0x00207e28      0x254 ../../../../nxtOSEK/ecrobot/../ecrobot/libnxtway_gs_balancer.a(balancer.o)
                0x00207e28                balance_control
 .text.balance_init
                0x0020807c       0x30 ../../../../nxtOSEK/ecrobot/../ecrobot/libnxtway_gs_balancer.a(balancer.o)
                0x0020807c                balance_init
 .text          0x002080ac       0x8c /cygdrive/C/cygwin/GNUARM/bin/../lib/gcc/arm-elf/4.0.2/thumb/interwork/libgcc.a(_udivsi3.o)
                0x002080ac                __udivsi3
                0x00208128                __aeabi_uidivmod
 .text          0x00208138       0xc8 /cygdrive/C/cygwin/GNUARM/bin/../lib/gcc/arm-elf/4.0.2/thumb/interwork/libgcc.a(_umodsi3.o)
                0x00208138                __umodsi3
 .text          0x00208200        0x4 /cygdrive/C/cygwin/GNUARM/bin/../lib/gcc/arm-elf/4.0.2/thumb/interwork/libgcc.a(_dvmd_tls.o)
                0x00208200                __aeabi_ldiv0
                0x00208200                __div0
                0x00208200                __aeabi_idiv0
 .text          0x00208204      0x430 /cygdrive/C/cygwin/GNUARM/bin/../lib/gcc/arm-elf/4.0.2/thumb/interwork/libgcc.a(_addsubdf3.o)
                0x002085c8                __floatdidf
                0x00208548                __floatsidf
                0x00208520                __aeabi_ui2d
                0x00208204                __aeabi_drsub
                0x00208574                __extendsfdf2
                0x00208210                __adddf3
                0x00208520                __floatunsidf
                0x00208210                __aeabi_dadd
                0x002085b4                __aeabi_ul2d
                0x0020820c                __aeabi_dsub
                0x002085b4                __floatundidf
                0x00208548                __aeabi_i2d
                0x002085c8                __aeabi_l2d
                0x00208574                __aeabi_f2d
                0x0020820c                __subdf3
 .text          0x00208634      0x49c /cygdrive/C/cygwin/GNUARM/bin/../lib/gcc/arm-elf/4.0.2/thumb/interwork/libgcc.a(_muldivdf3.o)
                0x002088c4                __aeabi_ddiv
                0x00208634                __aeabi_dmul
                0x002088c4                __divdf3
                0x00208634                __muldf3
 .text          0x00208ad0       0xa0 /cygdrive/C/cygwin/GNUARM/bin/../lib/gcc/arm-elf/4.0.2/thumb/interwork/libgcc.a(_truncdfsf2.o)
                0x00208ad0                __aeabi_d2f
                0x00208ad0                __truncdfsf2
 .text          0x00208b70      0x2ac /cygdrive/C/cygwin/GNUARM/bin/../lib/gcc/arm-elf/4.0.2/thumb/interwork/libgcc.a(_addsubsf3.o)
                0x00208b7c                __aeabi_fadd
                0x00208b78                __subsf3
                0x00208d40                __aeabi_i2f
                0x00208b78                __aeabi_fsub
                0x00208d70                __floatdisf
                0x00208d40                __floatsisf
                0x00208d60                __floatundisf
                0x00208d38                __aeabi_ui2f
                0x00208d70                __aeabi_l2f
                0x00208d60                __aeabi_ul2f
                0x00208b70                __aeabi_frsub
                0x00208d38                __floatunsisf
                0x00208b7c                __addsf3
 .text          0x00208e1c      0x2f8 /cygdrive/C/cygwin/GNUARM/bin/../lib/gcc/arm-elf/4.0.2/thumb/interwork/libgcc.a(_muldivsf3.o)
                0x00208fb4                __divsf3
                0x00208fb4                __aeabi_fdiv
                0x00208e1c                __mulsf3
                0x00208e1c                __aeabi_fmul
 .text          0x00209114      0x110 /cygdrive/C/cygwin/GNUARM/bin/../lib/gcc/arm-elf/4.0.2/thumb/interwork/libgcc.a(_cmpsf2.o)
                0x0020920c                __aeabi_fcmpgt
                0x0020911c                __lesf2
                0x00209124                __nesf2
                0x002091f4                __aeabi_fcmpge
                0x00209114                __gtsf2
                0x002091dc                __aeabi_fcmple
                0x00209124                __eqsf2
                0x00209124                __cmpsf2
                0x0020911c                __ltsf2
                0x00209194                __aeabi_cfcmple
                0x00209114                __gesf2
                0x002091ac                __aeabi_fcmpeq
                0x00209184                __aeabi_cfrcmple
                0x002091c4                __aeabi_fcmplt
                0x00209194                __aeabi_cfcmpeq
 .text          0x00209224       0x5c /cygdrive/C/cygwin/GNUARM/bin/../lib/gcc/arm-elf/4.0.2/thumb/interwork/libgcc.a(_fixsfsi.o)
                0x00209224                __fixsfsi
                0x00209224                __aeabi_f2iz
 .text          0x00209280       0x28 /cygdrive/C/cygwin/GNUARM/bin/../lib/gcc/arm-elf/4.0.2/../../../../arm-elf/lib/thumb/interwork/libc.a(malloc.o)
                0x00209280                malloc
                0x00209294                free
 .text          0x002092a8      0x548 /cygdrive/C/cygwin/GNUARM/bin/../lib/gcc/arm-elf/4.0.2/../../../../arm-elf/lib/thumb/interwork/libc.a(mallocr.o)
                0x002092a8                _malloc_r
 .text          0x002097f0       0x68 /cygdrive/C/cygwin/GNUARM/bin/../lib/gcc/arm-elf/4.0.2/../../../../arm-elf/lib/thumb/interwork/libc.a(memcpy.o)
                0x002097f0                memcpy
 .text          0x00209858       0x68 /cygdrive/C/cygwin/GNUARM/bin/../lib/gcc/arm-elf/4.0.2/../../../../arm-elf/lib/thumb/interwork/libc.a(memset.o)
                0x00209858                memset
 .text          0x002098c0        0x8 /cygdrive/C/cygwin/GNUARM/bin/../lib/gcc/arm-elf/4.0.2/../../../../arm-elf/lib/thumb/interwork/libc.a(mlock.o)
                0x002098c4                __malloc_unlock
                0x002098c0                __malloc_lock
 .text          0x002098c8       0x60 /cygdrive/C/cygwin/GNUARM/bin/../lib/gcc/arm-elf/4.0.2/../../../../arm-elf/lib/thumb/interwork/libc.a(strcpy.o)
                0x002098c8                strcpy
 .text          0x00209928       0x48 /cygdrive/C/cygwin/GNUARM/bin/../lib/gcc/arm-elf/4.0.2/../../../../arm-elf/lib/thumb/interwork/libc.a(strlen.o)
                0x00209928                strlen
 .text          0x00209970       0x84 /cygdrive/C/cygwin/GNUARM/bin/../lib/gcc/arm-elf/4.0.2/../../../../arm-elf/lib/thumb/interwork/libc.a(strncpy.o)
                0x00209970                strncpy
 .text          0x002099f4      0x260 /cygdrive/C/cygwin/GNUARM/bin/../lib/gcc/arm-elf/4.0.2/../../../../arm-elf/lib/thumb/interwork/libc.a(freer.o)
                0x00209a94                _free_r
                0x002099f4                _malloc_trim_r
 .glue_7        0x00209c54       0x30 /cygdrive/C/cygwin/GNUARM/bin/../lib/gcc/arm-elf/4.0.2/../../../../arm-elf/lib/thumb/interwork/libc.a(freer.o)
                0x00209c6c                __call_posttaskhook_from_arm
                0x00209c55                __ecrobot_debug1_from_arm
                0x00209c61                __ecrobot_debug2_from_arm
                0x00209c78                __call_pretaskhook_from_arm
 .glue_7t       0x00209c84       0xd0 /cygdrive/C/cygwin/GNUARM/bin/../lib/gcc/arm-elf/4.0.2/../../../../arm-elf/lib/thumb/interwork/libc.a(freer.o)
                0x00209cb0                __start_change_to_arm
                0x00209d34                __interrupts_get_and_disable_from_thumb
                0x00209cd4                ____lesf2_from_thumb
                0x00209d2d                ____gtdf2_from_thumb
                0x00209ca5                __exit_and_dispatch_from_thumb
                0x00209d4c                ____divsf3_from_thumb
                0x00209ce0                ____gesf2_change_to_arm
                0x00209cc8                ____fixsfsi_change_to_arm
                0x00209cc0                ____addsf3_change_to_arm
                0x00209cc4                ____fixsfsi_from_thumb
                0x00209cb4                ____floatsisf_from_thumb
                0x00209ce4                ____extendsfdf2_from_thumb
                0x00209ca8                __exit_and_dispatch_change_to_arm
                0x00209c84                __disable_int_from_thumb
                0x00209cdc                ____gesf2_from_thumb
                0x00209c9c                __start_dispatch_from_thumb
                0x00209d24                ____ltsf2_from_thumb
                0x00209d18                ____divdf3_change_to_arm
                0x00209cd8                ____lesf2_change_to_arm
                0x00209cac                __start_from_thumb
                0x00209d04                ____truncdfsf2_from_thumb
                0x00209cf8                ____muldf3_change_to_arm
                0x00209d50                ____divsf3_change_to_arm
                0x00209d14                ____divdf3_from_thumb
                0x00209c8c                __enable_int_from_thumb
                0x00209c95                __dispatch_from_thumb
                0x00209d40                __interrupts_enable_change_to_arm
                0x00209d1c                ____gtsf2_from_thumb
                0x00209d38                __interrupts_get_and_disable_change_to_arm
                0x00209c98                __dispatch_change_to_arm
                0x00209d10                ____mulsf3_change_to_arm
                0x00209d00                ____adddf3_change_to_arm
                0x00209d30                ____gtdf2_change_to_arm
                0x00209d08                ____truncdfsf2_change_to_arm
                0x00209ce8                ____extendsfdf2_change_to_arm
                0x00209cec                ____floatsidf_from_thumb
                0x00209cb8                ____floatsisf_change_to_arm
                0x00209d45                __display_bios_status_from_thumb
                0x00209ccc                ____subsf3_from_thumb
                0x00209cfc                ____adddf3_from_thumb
                0x00209d20                ____gtsf2_change_to_arm
                0x00209c88                __disable_int_change_to_arm
                0x00209d28                ____ltsf2_change_to_arm
                0x00209d0c                ____mulsf3_from_thumb
                0x00209cbc                ____addsf3_from_thumb
                0x00209cf4                ____muldf3_from_thumb
                0x00209cd0                ____subsf3_change_to_arm
                0x00209c90                __enable_int_change_to_arm
                0x00209cf0                ____floatsidf_change_to_arm
                0x00209d3c                __interrupts_enable_from_thumb
                0x00209d48                __display_bios_status_change_to_arm
                0x00209ca0                __start_dispatch_change_to_arm
                0x00209d60                . = ALIGN (0x10)
 *fill*         0x00209d54        0xc 00
 *(*.rodata *.rodata.*)
 .rodata.tinib_stksz
                0x00209d60        0x2 build/./kernel_cfg.o
                0x00209d60                tinib_stksz
 *fill*         0x00209d62        0x2 00
 .rodata.tinib_stk
                0x00209d64        0x4 build/./kernel_cfg.o
                0x00209d64                tinib_stk
 .rodata.tinib_task
                0x00209d68        0x4 build/./kernel_cfg.o
                0x00209d68                tinib_task
 .rodata.tinib_autoact
                0x00209d6c        0x1 build/./kernel_cfg.o
                0x00209d6c                tinib_autoact
 .rodata.tinib_exepri
                0x00209d6d        0x1 build/./kernel_cfg.o
                0x00209d6d                tinib_exepri
 .rodata.tinib_inipri
                0x00209d6e        0x1 build/./kernel_cfg.o
                0x00209d6e                tinib_inipri
 .rodata.tnum_exttask
                0x00209d6f        0x1 build/./kernel_cfg.o
                0x00209d6f                tnum_exttask
 .rodata.tnum_task
                0x00209d70        0x1 build/./kernel_cfg.o
                0x00209d70                tnum_task
 *fill*         0x00209d71        0x3 00
 .rodata.exec_addr
                0x00209d74        0x4 build/ecrobot_base.o
                0x00209d74                exec_addr
 .rodata.str1.4
                0x00209d78       0x80 build/ecrobot_base.o
 .rodata.BATTERY_OFFSET
                0x00209df8        0x4 build/balancer_param.o
                0x00209df8                BATTERY_OFFSET
 .rodata.BATTERY_GAIN
                0x00209dfc        0x4 build/balancer_param.o
                0x00209dfc                BATTERY_GAIN
 .rodata.str1.4
                0x00209e00       0x26 build/UI.o
                                 0x28 (size before relaxing)
 *fill*         0x00209e26        0x2 00
 .rodata.str1.4
                0x00209e28       0x11 build/Main.o
                                 0x14 (size before relaxing)
 *fill*         0x00209e39        0x3 00
 .rodata.str1.4
                0x00209e3c        0x2 /cygdrive/C/cygwin/GNUARM/bin/../lib/gcc/arm-elf/4.0.2/../../../../arm-elf/lib/thumb/interwork/libc.a(impure.o)
                                  0x4 (size before relaxing)
                0x00209e40                . = ALIGN (0x10)
 *fill*         0x00209e3e        0x2 00
 *(*.gnu.linkonce.* .gcc_except_table)
                0x00209e40                . = ALIGN (0x10)

.tors           0x00209e40        0x0
                0x00209e40                . = ALIGN (0x10)
                0x00209e40                __ctor_begin = .
 *(*.ctors*)
                0x00209e40                __ctor_end = .
                0x00209e40                . = ALIGN (0x10)
                0x00209e40                __dtor_begin = .
 *(*.dtors*)
                0x00209e40                __dtor_end = .
                0x00209e40                . = ALIGN (0x10)

.bss            0x00209e40     0x1400
 *(*.bss *.bss.*)
 .bss.ready_primap
                0x00209e40        0x2 build/kernel/task.o
 .bss.ready_queue_last
                0x00209e42       0x10 build/kernel/task.o
 .bss.ready_queue_first
                0x00209e52       0x10 build/kernel/task.o
 *fill*         0x00209e62        0x2 00
 .bss._stack_TaskMain
                0x00209e64      0x200 build/./kernel_cfg.o
 .bss.heap_ptr  0x0020a064        0x4 build/syscalls.o
 .bss.receiveBuf
                0x0020a068       0x80 build/ecrobot_bluetooth.o
 .bss.sendBuf   0x0020a0e8      0x100 build/ecrobot_bluetooth.o
 .bss.handle    0x0020a1e8        0x1 build/ecrobot_bluetooth.o
 *fill*         0x0020a1e9        0x3 00
 .bss.status_bar_position
                0x0020a1ec        0x4 build/ecrobot_base.o
 .bss.last_act_time.2742
                0x0020a1f0        0x4 build/ecrobot_base.o
 .bss.lcd.2671  0x0020a1f4      0x320 build/ecrobot_base.o
 .bss.OS_flag   0x0020a514        0x4 build/ecrobot_base.o
 .bss.status_bar
                0x0020a518       0x10 build/ecrobot_base.o
 .bss._ZZN7Control8basicRunEffffitfiftE4Turn
                0x0020a528        0x4 build/Control.o
 .bss._ZZN7Control8basicRunEffffitfiftE7Forward
                0x0020a52c        0x4 build/Control.o
 .bss._ZZN3PID11calculationEttfE3val
                0x0020a530        0x4 build/PID.o
 .bss._ZZN3PID11calculationEttfE1d
                0x0020a534        0x4 build/PID.o
 .bss._ZZN3PID11calculationEttfE1i
                0x0020a538        0x4 build/PID.o
 .bss._ZZN3PID11calculationEttfE1p
                0x0020a53c        0x4 build/PID.o
 .bss.buttons_i
                0x0020a540        0x4 ../../../../nxtOSEK/ecrobot/../ecrobot/libecrobot.a(ecrobot_interface.o)
 .bss.buttons_states
                0x0020a544       0x14 ../../../../nxtOSEK/ecrobot/../ecrobot/libecrobot.a(ecrobot_interface.o)
 .bss.ecrobot_inputs
                0x0020a558        0x8 ../../../../nxtOSEK/ecrobot/../ecrobot/libecrobot.a(ecrobot_interface.o)
 .bss.systick_ms
                0x0020a560        0x4 ../../../../nxtOSEK/ecrobot/../ecrobot/libecrobot.a(systick.oram)
 .bss.delayedEnable
                0x0020a564        0x1 ../../../../nxtOSEK/ecrobot/../ecrobot/libecrobot.a(udp.oram)
 *fill*         0x0020a565        0x3 00
 .bss.outCnt    0x0020a568        0x4 ../../../../nxtOSEK/ecrobot/../ecrobot/libecrobot.a(udp.oram)
 .bss.outPtr    0x0020a56c        0x4 ../../../../nxtOSEK/ecrobot/../ecrobot/libecrobot.a(udp.oram)
 .bss.newAddress
                0x0020a570        0x4 ../../../../nxtOSEK/ecrobot/../ecrobot/libecrobot.a(udp.oram)
 .bss.currentRxBank
                0x0020a574        0x4 ../../../../nxtOSEK/ecrobot/../ecrobot/libecrobot.a(udp.oram)
 .bss.currentFeatures
                0x0020a578        0x4 ../../../../nxtOSEK/ecrobot/../ecrobot/libecrobot.a(udp.oram)
 .bss.currentConfig
                0x0020a57c        0x1 ../../../../nxtOSEK/ecrobot/../ecrobot/libecrobot.a(udp.oram)
 *fill*         0x0020a57d        0x3 00
 .bss.twi_mask  0x0020a580        0x4 ../../../../nxtOSEK/ecrobot/../ecrobot/libecrobot.a(twi.oram)
 .bss.twi_ptr   0x0020a584        0x4 ../../../../nxtOSEK/ecrobot/../ecrobot/libecrobot.a(twi.oram)
 .bss.twi_pending
                0x0020a588        0x4 ../../../../nxtOSEK/ecrobot/../ecrobot/libecrobot.a(twi.oram)
 .bss.twi_state
                0x0020a58c        0x4 ../../../../nxtOSEK/ecrobot/../ecrobot/libecrobot.a(twi.oram)
 .bss.page      0x0020a590        0x1 ../../../../nxtOSEK/ecrobot/../ecrobot/libecrobot.a(nxt_spi.oram)
                0x0020a590                page
 .bss.dirty     0x0020a591        0x1 ../../../../nxtOSEK/ecrobot/../ecrobot/libecrobot.a(nxt_spi.oram)
                0x0020a591                dirty
 *fill*         0x0020a592        0x2 00
 .bss.display   0x0020a594        0x4 ../../../../nxtOSEK/ecrobot/../ecrobot/libecrobot.a(nxt_spi.oram)
                0x0020a594                display
 .bss.interrupts_this_period
                0x0020a598        0x4 ../../../../nxtOSEK/ecrobot/../ecrobot/libecrobot.a(nxt_motors.oram)
 .bss.nxt_motor_initialised
                0x0020a59c        0x4 ../../../../nxtOSEK/ecrobot/../ecrobot/libecrobot.a(nxt_motors.oram)
 .bss.motor     0x0020a5a0       0x30 ../../../../nxtOSEK/ecrobot/../ecrobot/libecrobot.a(nxt_motors.oram)
 .bss.display_tick
                0x0020a5d0        0x4 ../../../../nxtOSEK/ecrobot/../ecrobot/libecrobot.a(display.oram)
                0x0020a5d0                display_tick
 .bss.display_array
                0x0020a5d4      0x388 ../../../../nxtOSEK/ecrobot/../ecrobot/libecrobot.a(display.oram)
 .bss.i2c_int_count
                0x0020a95c        0x4 ../../../../nxtOSEK/ecrobot/../ecrobot/libecrobot.a(i2c.oram)
 .bss.i2c_port  0x0020a960      0x170 ../../../../nxtOSEK/ecrobot/../ecrobot/libecrobot.a(i2c.oram)
 .bss.sound_mode
                0x0020aad0        0x1 ../../../../nxtOSEK/ecrobot/../ecrobot/libecrobot.a(sound.oram)
                0x0020aad0                sound_mode
 *fill*         0x0020aad1        0x3 00
 .bss.in_buf_idx
                0x0020aad4        0x4 ../../../../nxtOSEK/ecrobot/../ecrobot/libecrobot.a(bt.oram)
 .bss.buf_ptr   0x0020aad8        0x4 ../../../../nxtOSEK/ecrobot/../ecrobot/libecrobot.a(bt.oram)
 .bss.out_buf   0x0020aadc      0x200 ../../../../nxtOSEK/ecrobot/../ecrobot/libecrobot.a(bt.oram)
 .bss.out_buf_ptr
                0x0020acdc        0x1 ../../../../nxtOSEK/ecrobot/../ecrobot/libecrobot.a(bt.oram)
 .bss.in_buf_in_ptr
                0x0020acdd        0x1 ../../../../nxtOSEK/ecrobot/../ecrobot/libecrobot.a(bt.oram)
 .bss.in_buf    0x0020acde      0x100 ../../../../nxtOSEK/ecrobot/../ecrobot/libecrobot.a(bt.oram)
 *fill*         0x0020adde        0x2 00
 .bss.link_state
                0x0020ade0        0x4 ../../../../nxtOSEK/ecrobot/../ecrobot/libecrobot.a(nxt_avr.oram)
 .bss.update_count
                0x0020ade4        0x4 ../../../../nxtOSEK/ecrobot/../ecrobot/libecrobot.a(nxt_avr.oram)
 .bss.nxt_avr_stats
                0x0020ade8       0x14 ../../../../nxtOSEK/ecrobot/../ecrobot/libecrobot.a(nxt_avr.oram)
 .bss.debounce_cnt
                0x0020adfc        0x2 ../../../../nxtOSEK/ecrobot/../ecrobot/libecrobot.a(nxt_avr.oram)
 .bss.debounce_state
                0x0020adfe        0x2 ../../../../nxtOSEK/ecrobot/../ecrobot/libecrobot.a(nxt_avr.oram)
 .bss.button_state
                0x0020ae00        0x2 ../../../../nxtOSEK/ecrobot/../ecrobot/libecrobot.a(nxt_avr.oram)
 .bss.prev_buttons
                0x0020ae02        0x2 ../../../../nxtOSEK/ecrobot/../ecrobot/libecrobot.a(nxt_avr.oram)
 .bss.from_buf  0x0020ae04        0x4 ../../../../nxtOSEK/ecrobot/../ecrobot/libecrobot.a(nxt_avr.oram)
 .bss.io_from_avr
                0x0020ae08        0x4 ../../../../nxtOSEK/ecrobot/../ecrobot/libecrobot.a(nxt_avr.oram)
 .bss.data_from_avr
                0x0020ae0c       0x1a ../../../../nxtOSEK/ecrobot/../ecrobot/libecrobot.a(nxt_avr.oram)
 .bss.data_to_avr
                0x0020ae26        0x9 ../../../../nxtOSEK/ecrobot/../ecrobot/libecrobot.a(nxt_avr.oram)
 .bss.io_to_avr
                0x0020ae2f        0x8 ../../../../nxtOSEK/ecrobot/../ecrobot/libecrobot.a(nxt_avr.oram)
 *fill*         0x0020ae37        0x1 00
 .bss.display   0x0020ae38        0x4 ../../../../nxtOSEK/ecrobot/../ecrobot/libecrobot.a(nxt_lcd.oram)
 .bss.ud_thetadot_cmd_lpf
                0x0020ae3c        0x4 ../../../../nxtOSEK/ecrobot/../ecrobot/libnxtway_gs_balancer.a(balancer.o)
 .bss.ud_theta_ref
                0x0020ae40        0x4 ../../../../nxtOSEK/ecrobot/../ecrobot/libnxtway_gs_balancer.a(balancer.o)
 .bss.ud_theta_lpf
                0x0020ae44        0x4 ../../../../nxtOSEK/ecrobot/../ecrobot/libnxtway_gs_balancer.a(balancer.o)
 .bss.ud_psi    0x0020ae48        0x4 ../../../../nxtOSEK/ecrobot/../ecrobot/libnxtway_gs_balancer.a(balancer.o)
 .bss.ud_err_theta
                0x0020ae4c        0x4 ../../../../nxtOSEK/ecrobot/../ecrobot/libnxtway_gs_balancer.a(balancer.o)
 .bss           0x0020ae50       0x34 /cygdrive/C/cygwin/GNUARM/bin/../lib/gcc/arm-elf/4.0.2/../../../../arm-elf/lib/thumb/interwork/libc.a(mallocr.o)
                0x0020ae80                __malloc_top_pad
                0x0020ae7c                __malloc_max_sbrked_mem
                0x0020ae50                __malloc_current_mallinfo
                0x0020ae78                __malloc_max_total_mem
                0x0020ae90                . = ALIGN (0x10)
 *fill*         0x0020ae84        0xc 00
                0x0020ae90                __bss_end__ = .
 COMMON         0x0020ae90        0x2 build/kernel/interrupt.o
                0x0020ae90                runisr
                0x0020ae91                sus_all_cnt
 *fill*         0x0020ae92        0x2 00
 COMMON         0x0020ae94       0x10 build/kernel/osctl.o
                0x0020ae94                callevel
                0x0020ae95                _errorhook_svcid
                0x0020ae96                appmode
                0x0020ae98                _errorhook_par1
                0x0020ae9c                _errorhook_par3
                0x0020aea0                _errorhook_par2
 COMMON         0x0020aea4        0x3 build/kernel/task.o
                0x0020aea4                runtsk
                0x0020aea5                schedtsk
                0x0020aea6                nextpri
 *fill*         0x0020aea7        0x1 00
 COMMON         0x0020aea8       0x2c build/./kernel_cfg.o
                0x0020aea8                tcb_waievt
                0x0020aeac                rescb_prevpri
                0x0020aead                almcb_prev
                0x0020aeae                tcb_lastres
                0x0020aeb0                almcb_almval
                0x0020aeb4                tcxb_pc
                0x0020aeb8                tcb_next
                0x0020aeb9                tcb_curpri
                0x0020aeba                tcb_tstat
                0x0020aebb                isrcb_lastres
                0x0020aebc                cntcb_almque
                0x0020aebd                rescb_prevres
                0x0020aebe                tcb_actcnt
                0x0020aec0                tcb_curevt
                0x0020aec4                almcb_cycle
                0x0020aec8                tcxb_sp
                0x0020aecc                almcb_next
                0x0020aed0                cntcb_curval
 COMMON         0x0020aed4       0x44 ../../../../nxtOSEK/ecrobot/../ecrobot/libecrobot.a(uart.oram)
                0x0020aed4                uart
 COMMON         0x0020af18        0x4 ../../../../nxtOSEK/ecrobot/../ecrobot/libecrobot.a(data_abort.oram)
                0x0020af18                data_abort_pc
 COMMON         0x0020af1c        0x8 ../../../../nxtOSEK/ecrobot/../ecrobot/libecrobot.a(display.oram)
                0x0020af1c                display_x
                0x0020af20                display_y
 COMMON         0x0020af24      0x31c ../../../../nxtOSEK/ecrobot/../ecrobot/libecrobot.a(sound.oram)
                0x0020af24                sample
                0x00209e40                __bss_start__ = ADDR (.bss)
                0x0020b240                __bss_end__ = (ADDR (.bss) + SIZEOF (.bss))
                0x0020b240                PROVIDE (end, .)

.heap_area      0x0020b240     0x4938
                0x0020fb78                . = (. + (0x20fb78 - end))
 *fill*         0x0020b240     0x4938 00

.stack          0x0020fb78      0x488
                0x0020fbf8                . = (. + 0x80)
 *fill*         0x0020fb78       0x80 00
                0x0020fc00                . = ALIGN (0x10)
 *fill*         0x0020fbf8        0x8 00
                0x0020fc00                __irq_stack__ = .
                0x0020fc00                __system_stack_bottom__ = .
                0x00210000                . = (. + 0x400)
 *fill*         0x0020fc00      0x400 00
                0x00210000                . = ALIGN (0x10)
                0x00210000                __system_stack__ = .
                0x00210000                __system_stack_top__ = .
                0x0020fb78                __stack_start__ = ADDR (.stack)
                0x00210000                __stack_end__ = (ADDR (.stack) + SIZEOF (.stack))
OUTPUT(oka++_ram.elf elf32-littlearm)

.comment        0x00000000      0x558
 .comment       0x00000000       0x12 build/kernel/alarm.o
 .comment       0x00000012       0x12 build/kernel/event.o
 .comment       0x00000024       0x12 build/kernel/interrupt.o
 .comment       0x00000036       0x12 build/kernel/osctl.o
 .comment       0x00000048       0x12 build/kernel/resource.o
 .comment       0x0000005a       0x12 build/kernel/task.o
 .comment       0x0000006c       0x12 build/kernel/task_manage.o
 .comment       0x0000007e       0x12 build/config/at91sam7s-gnu/cpu_config.o
 .comment       0x00000090       0x12 build/config/at91sam7s-gnu/lego_nxt/sys_config.o
 .comment       0x000000a2       0x12 build/./kernel_cfg.o
 .comment       0x000000b4       0x12 build/rtoscalls.o
 .comment       0x000000c6       0x12 build/syscalls.o
 .comment       0x000000d8       0x12 build/ecrobot_bluetooth.o
 .comment       0x000000ea       0x12 build/ecrobot_base.o
 .comment       0x000000fc       0x12 build/ecrobot.o
 .comment       0x0000010e       0x12 build/balancer_param.o
 .comment       0x00000120       0x12 build/syslib/at91sam7s-gnu/lego_nxt/hw_sys_timer.oram
 .comment       0x00000132       0x12 build/UI.o
 .comment       0x00000144       0x12 build/TouchSensor.o
 .comment       0x00000156       0x12 build/BlueTooth.o
 .comment       0x00000168       0x12 build/GyroSensor.o
 .comment       0x0000017a       0x12 build/LightSensor.o
 .comment       0x0000018c       0x12 build/Control.o
 .comment       0x0000019e       0x12 build/PID.o
 .comment       0x000001b0       0x12 build/BalanceControl.o
 .comment       0x000001c2       0x12 build/Motor.o
 .comment       0x000001d4       0x12 build/Tail.o
 .comment       0x000001e6       0x12 build/SonarSensor.o
 .comment       0x000001f8       0x12 build/Input.o
 .comment       0x0000020a       0x12 build/SlopeDetection.o
 .comment       0x0000021c       0x12 build/ColorDetection.o
 .comment       0x0000022e       0x12 build/ObstacleDetection.o
 .comment       0x00000240       0x12 build/Detection.o
 .comment       0x00000252       0x12 build/Section.o
 .comment       0x00000264       0x12 build/Main.o
 .comment       0x00000276       0x12 ../../../../nxtOSEK/ecrobot/../ecrobot/libecrobot++.a(New.o)
 .comment       0x00000288       0x12 ../../../../nxtOSEK/ecrobot/../ecrobot/libecrobot.a(ecrobot_HiTechnic.o)
 .comment       0x0000029a       0x12 ../../../../nxtOSEK/ecrobot/../ecrobot/libecrobot.a(ecrobot_interface.o)
 .comment       0x000002ac       0x12 ../../../../nxtOSEK/ecrobot/../ecrobot/libecrobot.a(colorsensor.o)
 .comment       0x000002be       0x12 ../../../../nxtOSEK/ecrobot/../ecrobot/libecrobot.a(osek_hook.o)
 .comment       0x000002d0       0x12 ../../../../nxtOSEK/ecrobot/../ecrobot/libecrobot.a(uart.oram)
 .comment       0x000002e2       0x12 ../../../../nxtOSEK/ecrobot/../ecrobot/libecrobot.a(systick.oram)
 .comment       0x000002f4       0x12 ../../../../nxtOSEK/ecrobot/../ecrobot/libecrobot.a(byte_fifo.oram)
 .comment       0x00000306       0x12 ../../../../nxtOSEK/ecrobot/../ecrobot/libecrobot.a(aic.oram)
 .comment       0x00000318       0x12 ../../../../nxtOSEK/ecrobot/../ecrobot/libecrobot.a(udp.oram)
 .comment       0x0000032a       0x12 ../../../../nxtOSEK/ecrobot/../ecrobot/libecrobot.a(twi.oram)
 .comment       0x0000033c       0x12 ../../../../nxtOSEK/ecrobot/../ecrobot/libecrobot.a(nxt_spi.oram)
 .comment       0x0000034e       0x12 ../../../../nxtOSEK/ecrobot/../ecrobot/libecrobot.a(nxt_motors.oram)
 .comment       0x00000360       0x12 ../../../../nxtOSEK/ecrobot/../ecrobot/libecrobot.a(data_abort.oram)
 .comment       0x00000372       0x12 ../../../../nxtOSEK/ecrobot/../ecrobot/libecrobot.a(display.oram)
 .comment       0x00000384       0x12 ../../../../nxtOSEK/ecrobot/../ecrobot/libecrobot.a(i2c.oram)
 .comment       0x00000396       0x12 ../../../../nxtOSEK/ecrobot/../ecrobot/libecrobot.a(sound.oram)
 .comment       0x000003a8       0x12 ../../../../nxtOSEK/ecrobot/../ecrobot/libecrobot.a(bt.oram)
 .comment       0x000003ba       0x12 ../../../../nxtOSEK/ecrobot/../ecrobot/libecrobot.a(nxt_avr.oram)
 .comment       0x000003cc       0x12 ../../../../nxtOSEK/ecrobot/../ecrobot/libecrobot.a(sensors.oram)
 .comment       0x000003de       0x12 ../../../../nxtOSEK/ecrobot/../ecrobot/libecrobot.a(sensors1.oram)
 .comment       0x000003f0       0x12 ../../../../nxtOSEK/ecrobot/../ecrobot/libecrobot.a(nxt_lcd.oram)
 .comment       0x00000402       0x12 ../../../../nxtOSEK/ecrobot/../ecrobot/libecrobot.a(flash_loader.oram)
 .comment       0x00000414       0x12 ../../../../nxtOSEK/ecrobot/../ecrobot/libecrobot.a(ecrobot_usb.o)
 .comment       0x00000426       0x12 ../../../../nxtOSEK/ecrobot/../ecrobot/libecrobot.a(flashprog.oram)
 .comment       0x00000438       0x12 ../../../../nxtOSEK/ecrobot/../ecrobot/libnxtway_gs_balancer.a(balancer.o)
 .comment       0x0000044a       0x12 /cygdrive/C/cygwin/GNUARM/bin/../lib/gcc/arm-elf/4.0.2/thumb/interwork/libgcc.a(_muldi3.o)
 .comment       0x0000045c       0x12 /cygdrive/C/cygwin/GNUARM/bin/../lib/gcc/arm-elf/4.0.2/thumb/interwork/libgcc.a(_divdi3.o)
 .comment       0x0000046e       0x12 /cygdrive/C/cygwin/GNUARM/bin/../lib/gcc/arm-elf/4.0.2/thumb/interwork/libgcc.a(_clz.o)
 .comment       0x00000480       0x12 /cygdrive/C/cygwin/GNUARM/bin/../lib/gcc/arm-elf/4.0.2/../../../../arm-elf/lib/thumb/interwork/libc.a(malloc.o)
 .comment       0x00000492       0x12 /cygdrive/C/cygwin/GNUARM/bin/../lib/gcc/arm-elf/4.0.2/../../../../arm-elf/lib/thumb/interwork/libc.a(mallocr.o)
 .comment       0x000004a4       0x12 /cygdrive/C/cygwin/GNUARM/bin/../lib/gcc/arm-elf/4.0.2/../../../../arm-elf/lib/thumb/interwork/libc.a(memcpy.o)
 .comment       0x000004b6       0x12 /cygdrive/C/cygwin/GNUARM/bin/../lib/gcc/arm-elf/4.0.2/../../../../arm-elf/lib/thumb/interwork/libc.a(memmove.o)
 .comment       0x000004c8       0x12 /cygdrive/C/cygwin/GNUARM/bin/../lib/gcc/arm-elf/4.0.2/../../../../arm-elf/lib/thumb/interwork/libc.a(memset.o)
 .comment       0x000004da       0x12 /cygdrive/C/cygwin/GNUARM/bin/../lib/gcc/arm-elf/4.0.2/../../../../arm-elf/lib/thumb/interwork/libc.a(mlock.o)
 .comment       0x000004ec       0x12 /cygdrive/C/cygwin/GNUARM/bin/../lib/gcc/arm-elf/4.0.2/../../../../arm-elf/lib/thumb/interwork/libc.a(strcmp.o)
 .comment       0x000004fe       0x12 /cygdrive/C/cygwin/GNUARM/bin/../lib/gcc/arm-elf/4.0.2/../../../../arm-elf/lib/thumb/interwork/libc.a(strcpy.o)
 .comment       0x00000510       0x12 /cygdrive/C/cygwin/GNUARM/bin/../lib/gcc/arm-elf/4.0.2/../../../../arm-elf/lib/thumb/interwork/libc.a(strlen.o)
 .comment       0x00000522       0x12 /cygdrive/C/cygwin/GNUARM/bin/../lib/gcc/arm-elf/4.0.2/../../../../arm-elf/lib/thumb/interwork/libc.a(strncpy.o)
 .comment       0x00000534       0x12 /cygdrive/C/cygwin/GNUARM/bin/../lib/gcc/arm-elf/4.0.2/../../../../arm-elf/lib/thumb/interwork/libc.a(freer.o)
 .comment       0x00000546       0x12 /cygdrive/C/cygwin/GNUARM/bin/../lib/gcc/arm-elf/4.0.2/../../../../arm-elf/lib/thumb/interwork/libc.a(impure.o)

.debug_line     0x00000000     0x166c
 .debug_line    0x00000000       0x70 /cygdrive/C/cygwin/GNUARM/bin/../lib/gcc/arm-elf/4.0.2/thumb/interwork/libgcc.a(_udivsi3.o)
 .debug_line    0x00000070       0x7c /cygdrive/C/cygwin/GNUARM/bin/../lib/gcc/arm-elf/4.0.2/thumb/interwork/libgcc.a(_divsi3.o)
 .debug_line    0x000000ec       0x68 /cygdrive/C/cygwin/GNUARM/bin/../lib/gcc/arm-elf/4.0.2/thumb/interwork/libgcc.a(_umodsi3.o)
 .debug_line    0x00000154       0x71 /cygdrive/C/cygwin/GNUARM/bin/../lib/gcc/arm-elf/4.0.2/thumb/interwork/libgcc.a(_modsi3.o)
 .debug_line    0x000001c5       0x5a /cygdrive/C/cygwin/GNUARM/bin/../lib/gcc/arm-elf/4.0.2/thumb/interwork/libgcc.a(_dvmd_tls.o)
 .debug_line    0x0000021f      0x162 /cygdrive/C/cygwin/GNUARM/bin/../lib/gcc/arm-elf/4.0.2/thumb/interwork/libgcc.a(_addsubdf3.o)
 .debug_line    0x00000381      0x177 /cygdrive/C/cygwin/GNUARM/bin/../lib/gcc/arm-elf/4.0.2/thumb/interwork/libgcc.a(_muldivdf3.o)
 .debug_line    0x000004f8       0xa4 /cygdrive/C/cygwin/GNUARM/bin/../lib/gcc/arm-elf/4.0.2/thumb/interwork/libgcc.a(_cmpdf2.o)
 .debug_line    0x0000059c       0x80 /cygdrive/C/cygwin/GNUARM/bin/../lib/gcc/arm-elf/4.0.2/thumb/interwork/libgcc.a(_truncdfsf2.o)
 .debug_line    0x0000061c      0x110 /cygdrive/C/cygwin/GNUARM/bin/../lib/gcc/arm-elf/4.0.2/thumb/interwork/libgcc.a(_addsubsf3.o)
 .debug_line    0x0000072c      0x11a /cygdrive/C/cygwin/GNUARM/bin/../lib/gcc/arm-elf/4.0.2/thumb/interwork/libgcc.a(_muldivsf3.o)
 .debug_line    0x00000846       0x98 /cygdrive/C/cygwin/GNUARM/bin/../lib/gcc/arm-elf/4.0.2/thumb/interwork/libgcc.a(_cmpsf2.o)
 .debug_line    0x000008de       0x6f /cygdrive/C/cygwin/GNUARM/bin/../lib/gcc/arm-elf/4.0.2/thumb/interwork/libgcc.a(_fixsfsi.o)
 .debug_line    0x0000094d       0x61 /cygdrive/C/cygwin/GNUARM/bin/../lib/gcc/arm-elf/4.0.2/thumb/interwork/libgcc.a(_muldi3.o)
 .debug_line    0x000009ae      0x122 /cygdrive/C/cygwin/GNUARM/bin/../lib/gcc/arm-elf/4.0.2/thumb/interwork/libgcc.a(_divdi3.o)
 .debug_line    0x00000ad0       0x48 /cygdrive/C/cygwin/GNUARM/bin/../lib/gcc/arm-elf/4.0.2/thumb/interwork/libgcc.a(_clz.o)
 .debug_line    0x00000b18       0xfd /cygdrive/C/cygwin/GNUARM/bin/../lib/gcc/arm-elf/4.0.2/../../../../arm-elf/lib/thumb/interwork/libc.a(malloc.o)
 .debug_line    0x00000c15      0x23d /cygdrive/C/cygwin/GNUARM/bin/../lib/gcc/arm-elf/4.0.2/../../../../arm-elf/lib/thumb/interwork/libc.a(mallocr.o)
 .debug_line    0x00000e52       0xc3 /cygdrive/C/cygwin/GNUARM/bin/../lib/gcc/arm-elf/4.0.2/../../../../arm-elf/lib/thumb/interwork/libc.a(memcpy.o)
 .debug_line    0x00000f15       0xce /cygdrive/C/cygwin/GNUARM/bin/../lib/gcc/arm-elf/4.0.2/../../../../arm-elf/lib/thumb/interwork/libc.a(memmove.o)
 .debug_line    0x00000fe3       0xd4 /cygdrive/C/cygwin/GNUARM/bin/../lib/gcc/arm-elf/4.0.2/../../../../arm-elf/lib/thumb/interwork/libc.a(memset.o)
 .debug_line    0x000010b7       0xf5 /cygdrive/C/cygwin/GNUARM/bin/../lib/gcc/arm-elf/4.0.2/../../../../arm-elf/lib/thumb/interwork/libc.a(mlock.o)
 .debug_line    0x000011ac       0x88 /cygdrive/C/cygwin/GNUARM/bin/../lib/gcc/arm-elf/4.0.2/../../../../arm-elf/lib/thumb/interwork/libc.a(strcmp.o)
 .debug_line    0x00001234       0x80 /cygdrive/C/cygwin/GNUARM/bin/../lib/gcc/arm-elf/4.0.2/../../../../arm-elf/lib/thumb/interwork/libc.a(strcpy.o)
 .debug_line    0x000012b4       0xaf /cygdrive/C/cygwin/GNUARM/bin/../lib/gcc/arm-elf/4.0.2/../../../../arm-elf/lib/thumb/interwork/libc.a(strlen.o)
 .debug_line    0x00001363       0xc2 /cygdrive/C/cygwin/GNUARM/bin/../lib/gcc/arm-elf/4.0.2/../../../../arm-elf/lib/thumb/interwork/libc.a(strncpy.o)
 .debug_line    0x00001425      0x164 /cygdrive/C/cygwin/GNUARM/bin/../lib/gcc/arm-elf/4.0.2/../../../../arm-elf/lib/thumb/interwork/libc.a(freer.o)
 .debug_line    0x00001589       0xe3 /cygdrive/C/cygwin/GNUARM/bin/../lib/gcc/arm-elf/4.0.2/../../../../arm-elf/lib/thumb/interwork/libc.a(impure.o)

.debug_info     0x00000000     0x4aea
 .debug_info    0x00000000       0x6a /cygdrive/C/cygwin/GNUARM/bin/../lib/gcc/arm-elf/4.0.2/thumb/interwork/libgcc.a(_udivsi3.o)
 .debug_info    0x0000006a       0x6a /cygdrive/C/cygwin/GNUARM/bin/../lib/gcc/arm-elf/4.0.2/thumb/interwork/libgcc.a(_divsi3.o)
 .debug_info    0x000000d4       0x6a /cygdrive/C/cygwin/GNUARM/bin/../lib/gcc/arm-elf/4.0.2/thumb/interwork/libgcc.a(_umodsi3.o)
 .debug_info    0x0000013e       0x6a /cygdrive/C/cygwin/GNUARM/bin/../lib/gcc/arm-elf/4.0.2/thumb/interwork/libgcc.a(_modsi3.o)
 .debug_info    0x000001a8       0x6a /cygdrive/C/cygwin/GNUARM/bin/../lib/gcc/arm-elf/4.0.2/thumb/interwork/libgcc.a(_dvmd_tls.o)
 .debug_info    0x00000212       0x69 /cygdrive/C/cygwin/GNUARM/bin/../lib/gcc/arm-elf/4.0.2/thumb/interwork/libgcc.a(_addsubdf3.o)
 .debug_info    0x0000027b       0x69 /cygdrive/C/cygwin/GNUARM/bin/../lib/gcc/arm-elf/4.0.2/thumb/interwork/libgcc.a(_muldivdf3.o)
 .debug_info    0x000002e4       0x69 /cygdrive/C/cygwin/GNUARM/bin/../lib/gcc/arm-elf/4.0.2/thumb/interwork/libgcc.a(_cmpdf2.o)
 .debug_info    0x0000034d       0x69 /cygdrive/C/cygwin/GNUARM/bin/../lib/gcc/arm-elf/4.0.2/thumb/interwork/libgcc.a(_truncdfsf2.o)
 .debug_info    0x000003b6       0x69 /cygdrive/C/cygwin/GNUARM/bin/../lib/gcc/arm-elf/4.0.2/thumb/interwork/libgcc.a(_addsubsf3.o)
 .debug_info    0x0000041f       0x69 /cygdrive/C/cygwin/GNUARM/bin/../lib/gcc/arm-elf/4.0.2/thumb/interwork/libgcc.a(_muldivsf3.o)
 .debug_info    0x00000488       0x69 /cygdrive/C/cygwin/GNUARM/bin/../lib/gcc/arm-elf/4.0.2/thumb/interwork/libgcc.a(_cmpsf2.o)
 .debug_info    0x000004f1       0x69 /cygdrive/C/cygwin/GNUARM/bin/../lib/gcc/arm-elf/4.0.2/thumb/interwork/libgcc.a(_fixsfsi.o)
 .debug_info    0x0000055a      0x20e /cygdrive/C/cygwin/GNUARM/bin/../lib/gcc/arm-elf/4.0.2/thumb/interwork/libgcc.a(_muldi3.o)
 .debug_info    0x00000768      0x758 /cygdrive/C/cygwin/GNUARM/bin/../lib/gcc/arm-elf/4.0.2/thumb/interwork/libgcc.a(_divdi3.o)
 .debug_info    0x00000ec0       0xc9 /cygdrive/C/cygwin/GNUARM/bin/../lib/gcc/arm-elf/4.0.2/thumb/interwork/libgcc.a(_clz.o)
 .debug_info    0x00000f89      0x955 /cygdrive/C/cygwin/GNUARM/bin/../lib/gcc/arm-elf/4.0.2/../../../../arm-elf/lib/thumb/interwork/libc.a(malloc.o)
 .debug_info    0x000018de      0xcbd /cygdrive/C/cygwin/GNUARM/bin/../lib/gcc/arm-elf/4.0.2/../../../../arm-elf/lib/thumb/interwork/libc.a(mallocr.o)
 .debug_info    0x0000259b      0x10d /cygdrive/C/cygwin/GNUARM/bin/../lib/gcc/arm-elf/4.0.2/../../../../arm-elf/lib/thumb/interwork/libc.a(memcpy.o)
 .debug_info    0x000026a8      0x13e /cygdrive/C/cygwin/GNUARM/bin/../lib/gcc/arm-elf/4.0.2/../../../../arm-elf/lib/thumb/interwork/libc.a(memmove.o)
 .debug_info    0x000027e6      0x111 /cygdrive/C/cygwin/GNUARM/bin/../lib/gcc/arm-elf/4.0.2/../../../../arm-elf/lib/thumb/interwork/libc.a(memset.o)
 .debug_info    0x000028f7      0x93e /cygdrive/C/cygwin/GNUARM/bin/../lib/gcc/arm-elf/4.0.2/../../../../arm-elf/lib/thumb/interwork/libc.a(mlock.o)
 .debug_info    0x00003235       0xd9 /cygdrive/C/cygwin/GNUARM/bin/../lib/gcc/arm-elf/4.0.2/../../../../arm-elf/lib/thumb/interwork/libc.a(strcmp.o)
 .debug_info    0x0000330e      0x10c /cygdrive/C/cygwin/GNUARM/bin/../lib/gcc/arm-elf/4.0.2/../../../../arm-elf/lib/thumb/interwork/libc.a(strcpy.o)
 .debug_info    0x0000341a       0xd5 /cygdrive/C/cygwin/GNUARM/bin/../lib/gcc/arm-elf/4.0.2/../../../../arm-elf/lib/thumb/interwork/libc.a(strlen.o)
 .debug_info    0x000034ef      0x126 /cygdrive/C/cygwin/GNUARM/bin/../lib/gcc/arm-elf/4.0.2/../../../../arm-elf/lib/thumb/interwork/libc.a(strncpy.o)
 .debug_info    0x00003615      0xbb3 /cygdrive/C/cygwin/GNUARM/bin/../lib/gcc/arm-elf/4.0.2/../../../../arm-elf/lib/thumb/interwork/libc.a(freer.o)
 .debug_info    0x000041c8      0x922 /cygdrive/C/cygwin/GNUARM/bin/../lib/gcc/arm-elf/4.0.2/../../../../arm-elf/lib/thumb/interwork/libc.a(impure.o)

.debug_abbrev   0x00000000      0xfcf
 .debug_abbrev  0x00000000       0x14 /cygdrive/C/cygwin/GNUARM/bin/../lib/gcc/arm-elf/4.0.2/thumb/interwork/libgcc.a(_udivsi3.o)
 .debug_abbrev  0x00000014       0x14 /cygdrive/C/cygwin/GNUARM/bin/../lib/gcc/arm-elf/4.0.2/thumb/interwork/libgcc.a(_divsi3.o)
 .debug_abbrev  0x00000028       0x14 /cygdrive/C/cygwin/GNUARM/bin/../lib/gcc/arm-elf/4.0.2/thumb/interwork/libgcc.a(_umodsi3.o)
 .debug_abbrev  0x0000003c       0x14 /cygdrive/C/cygwin/GNUARM/bin/../lib/gcc/arm-elf/4.0.2/thumb/interwork/libgcc.a(_modsi3.o)
 .debug_abbrev  0x00000050       0x14 /cygdrive/C/cygwin/GNUARM/bin/../lib/gcc/arm-elf/4.0.2/thumb/interwork/libgcc.a(_dvmd_tls.o)
 .debug_abbrev  0x00000064       0x14 /cygdrive/C/cygwin/GNUARM/bin/../lib/gcc/arm-elf/4.0.2/thumb/interwork/libgcc.a(_addsubdf3.o)
 .debug_abbrev  0x00000078       0x14 /cygdrive/C/cygwin/GNUARM/bin/../lib/gcc/arm-elf/4.0.2/thumb/interwork/libgcc.a(_muldivdf3.o)
 .debug_abbrev  0x0000008c       0x14 /cygdrive/C/cygwin/GNUARM/bin/../lib/gcc/arm-elf/4.0.2/thumb/interwork/libgcc.a(_cmpdf2.o)
 .debug_abbrev  0x000000a0       0x14 /cygdrive/C/cygwin/GNUARM/bin/../lib/gcc/arm-elf/4.0.2/thumb/interwork/libgcc.a(_truncdfsf2.o)
 .debug_abbrev  0x000000b4       0x14 /cygdrive/C/cygwin/GNUARM/bin/../lib/gcc/arm-elf/4.0.2/thumb/interwork/libgcc.a(_addsubsf3.o)
 .debug_abbrev  0x000000c8       0x14 /cygdrive/C/cygwin/GNUARM/bin/../lib/gcc/arm-elf/4.0.2/thumb/interwork/libgcc.a(_muldivsf3.o)
 .debug_abbrev  0x000000dc       0x14 /cygdrive/C/cygwin/GNUARM/bin/../lib/gcc/arm-elf/4.0.2/thumb/interwork/libgcc.a(_cmpsf2.o)
 .debug_abbrev  0x000000f0       0x14 /cygdrive/C/cygwin/GNUARM/bin/../lib/gcc/arm-elf/4.0.2/thumb/interwork/libgcc.a(_fixsfsi.o)
 .debug_abbrev  0x00000104       0xec /cygdrive/C/cygwin/GNUARM/bin/../lib/gcc/arm-elf/4.0.2/thumb/interwork/libgcc.a(_muldi3.o)
 .debug_abbrev  0x000001f0      0x174 /cygdrive/C/cygwin/GNUARM/bin/../lib/gcc/arm-elf/4.0.2/thumb/interwork/libgcc.a(_divdi3.o)
 .debug_abbrev  0x00000364       0x61 /cygdrive/C/cygwin/GNUARM/bin/../lib/gcc/arm-elf/4.0.2/thumb/interwork/libgcc.a(_clz.o)
 .debug_abbrev  0x000003c5      0x187 /cygdrive/C/cygwin/GNUARM/bin/../lib/gcc/arm-elf/4.0.2/../../../../arm-elf/lib/thumb/interwork/libc.a(malloc.o)
 .debug_abbrev  0x0000054c      0x214 /cygdrive/C/cygwin/GNUARM/bin/../lib/gcc/arm-elf/4.0.2/../../../../arm-elf/lib/thumb/interwork/libc.a(mallocr.o)
 .debug_abbrev  0x00000760       0x99 /cygdrive/C/cygwin/GNUARM/bin/../lib/gcc/arm-elf/4.0.2/../../../../arm-elf/lib/thumb/interwork/libc.a(memcpy.o)
 .debug_abbrev  0x000007f9       0x99 /cygdrive/C/cygwin/GNUARM/bin/../lib/gcc/arm-elf/4.0.2/../../../../arm-elf/lib/thumb/interwork/libc.a(memmove.o)
 .debug_abbrev  0x00000892       0x9a /cygdrive/C/cygwin/GNUARM/bin/../lib/gcc/arm-elf/4.0.2/../../../../arm-elf/lib/thumb/interwork/libc.a(memset.o)
 .debug_abbrev  0x0000092c      0x16a /cygdrive/C/cygwin/GNUARM/bin/../lib/gcc/arm-elf/4.0.2/../../../../arm-elf/lib/thumb/interwork/libc.a(mlock.o)
 .debug_abbrev  0x00000a96       0x71 /cygdrive/C/cygwin/GNUARM/bin/../lib/gcc/arm-elf/4.0.2/../../../../arm-elf/lib/thumb/interwork/libc.a(strcmp.o)
 .debug_abbrev  0x00000b07       0x80 /cygdrive/C/cygwin/GNUARM/bin/../lib/gcc/arm-elf/4.0.2/../../../../arm-elf/lib/thumb/interwork/libc.a(strcpy.o)
 .debug_abbrev  0x00000b87       0x8b /cygdrive/C/cygwin/GNUARM/bin/../lib/gcc/arm-elf/4.0.2/../../../../arm-elf/lib/thumb/interwork/libc.a(strlen.o)
 .debug_abbrev  0x00000c12       0x8d /cygdrive/C/cygwin/GNUARM/bin/../lib/gcc/arm-elf/4.0.2/../../../../arm-elf/lib/thumb/interwork/libc.a(strncpy.o)
 .debug_abbrev  0x00000c9f      0x1d9 /cygdrive/C/cygwin/GNUARM/bin/../lib/gcc/arm-elf/4.0.2/../../../../arm-elf/lib/thumb/interwork/libc.a(freer.o)
 .debug_abbrev  0x00000e78      0x157 /cygdrive/C/cygwin/GNUARM/bin/../lib/gcc/arm-elf/4.0.2/../../../../arm-elf/lib/thumb/interwork/libc.a(impure.o)

.debug_aranges  0x00000000      0x340
 .debug_aranges
                0x00000000       0x20 /cygdrive/C/cygwin/GNUARM/bin/../lib/gcc/arm-elf/4.0.2/thumb/interwork/libgcc.a(_udivsi3.o)
 .debug_aranges
                0x00000020       0x20 /cygdrive/C/cygwin/GNUARM/bin/../lib/gcc/arm-elf/4.0.2/thumb/interwork/libgcc.a(_divsi3.o)
 .debug_aranges
                0x00000040       0x20 /cygdrive/C/cygwin/GNUARM/bin/../lib/gcc/arm-elf/4.0.2/thumb/interwork/libgcc.a(_umodsi3.o)
 .debug_aranges
                0x00000060       0x20 /cygdrive/C/cygwin/GNUARM/bin/../lib/gcc/arm-elf/4.0.2/thumb/interwork/libgcc.a(_modsi3.o)
 .debug_aranges
                0x00000080       0x20 /cygdrive/C/cygwin/GNUARM/bin/../lib/gcc/arm-elf/4.0.2/thumb/interwork/libgcc.a(_dvmd_tls.o)
 .debug_aranges
                0x000000a0       0x20 /cygdrive/C/cygwin/GNUARM/bin/../lib/gcc/arm-elf/4.0.2/thumb/interwork/libgcc.a(_addsubdf3.o)
 .debug_aranges
                0x000000c0       0x20 /cygdrive/C/cygwin/GNUARM/bin/../lib/gcc/arm-elf/4.0.2/thumb/interwork/libgcc.a(_muldivdf3.o)
 .debug_aranges