Archive member included because of file (symbol)

../../../../nxtOSEK/ecrobot/../ecrobot/libecrobot++.a(New.o)
                              build/Main.o (_Znwm)
../../../../nxtOSEK/ecrobot/../ecrobot/libecrobot.a(ecrobot_HiTechnic.o)
                              build/GyroSensor.o (ecrobot_get_gyro_sensor)
../../../../nxtOSEK/ecrobot/../ecrobot/libecrobot.a(ecrobot_interface.o)
                              build/Main.o (ecrobot_set_light_sensor_active)
../../../../nxtOSEK/ecrobot/../ecrobot/libecrobot.a(colorsensor.o)
                              ../../../../nxtOSEK/ecrobot/../ecrobot/libecrobot.a(ecrobot_interface.o) (colorsensor_init)
../../../../nxtOSEK/ecrobot/../ecrobot/libecrobot.a(osek_hook.o)
                              build/kernel/osctl.o (StartupHook)
../../../../nxtOSEK/ecrobot/../ecrobot/libecrobot.a(uart.oram)
                              build/config/at91sam7s-gnu/irq.oram (uart_isr_C_0)
../../../../nxtOSEK/ecrobot/../ecrobot/libecrobot.a(systick.oram)
                              build/syslib/at91sam7s-gnu/lego_nxt/hw_sys_timer.oram (systick_low_priority_C)
../../../../nxtOSEK/ecrobot/../ecrobot/libecrobot.a(byte_fifo.oram)
                              ../../../../nxtOSEK/ecrobot/../ecrobot/libecrobot.a(uart.oram) (byte_fifo_put)
../../../../nxtOSEK/ecrobot/../ecrobot/libecrobot.a(aic.oram)
                              ../../../../nxtOSEK/ecrobot/../ecrobot/libecrobot.a(uart.oram) (aic_set_vector)
../../../../nxtOSEK/ecrobot/../ecrobot/libecrobot.a(udp.oram)
                              build/config/at91sam7s-gnu/irq.oram (udp_isr_C)
../../../../nxtOSEK/ecrobot/../ecrobot/libecrobot.a(twi.oram)
                              build/config/at91sam7s-gnu/irq.oram (twi_isr_C)
../../../../nxtOSEK/ecrobot/../ecrobot/libecrobot.a(nxt_spi.oram)
                              build/config/at91sam7s-gnu/irq.oram (spi_isr_C)
../../../../nxtOSEK/ecrobot/../ecrobot/libecrobot.a(nxt_motors.oram)
                              build/Motor.o (nxt_motor_get_count)
../../../../nxtOSEK/ecrobot/../ecrobot/libecrobot.a(data_abort.oram)
                              build/ecrobot_init.o (data_abort_C)
../../../../nxtOSEK/ecrobot/../ecrobot/libecrobot.a(display.oram)
                              build/rtoscalls.o (display_update)
../../../../nxtOSEK/ecrobot/../ecrobot/libecrobot.a(i2c.oram)
                              build/config/at91sam7s-gnu/irq.oram (i2c_timer_isr_C)
../../../../nxtOSEK/ecrobot/../ecrobot/libecrobot.a(sound.oram)
                              ../../../../nxtOSEK/ecrobot/../ecrobot/libecrobot.a(ecrobot_interface.o) (sound_get_time)
../../../../nxtOSEK/ecrobot/../ecrobot/libecrobot.a(bt.oram)
                              build/ecrobot_bluetooth.o (bt_send)
../../../../nxtOSEK/ecrobot/../ecrobot/libecrobot.a(nxt_avr.oram)
                              build/ecrobot_base.o (nxt_avr_power_down)
../../../../nxtOSEK/ecrobot/../ecrobot/libecrobot.a(sensors.oram)
                              ../../../../nxtOSEK/ecrobot/../ecrobot/libecrobot.a(ecrobot_interface.o) (unset_digi0)
../../../../nxtOSEK/ecrobot/../ecrobot/libecrobot.a(sensors1.oram)
                              ../../../../nxtOSEK/ecrobot/../ecrobot/libecrobot.a(colorsensor.o) (sensor_pins)
../../../../nxtOSEK/ecrobot/../ecrobot/libecrobot.a(nxt_lcd.oram)
                              ../../../../nxtOSEK/ecrobot/../ecrobot/libecrobot.a(display.oram) (nxt_lcd_force_update)
../../../../nxtOSEK/ecrobot/../ecrobot/libecrobot.a(flash_loader.oram)
                              build/ecrobot_base.o (set_flash_request)
../../../../nxtOSEK/ecrobot/../ecrobot/libecrobot.a(interrupts.oram)
                              ../../../../nxtOSEK/ecrobot/../ecrobot/libecrobot.a(uart.oram) (interrupts_get_and_disable)
../../../../nxtOSEK/ecrobot/../ecrobot/libecrobot.a(nxtosek_splash.obmp)
                              build/ecrobot_base.o (nxtosek_splash_bmp_start)
../../../../nxtOSEK/ecrobot/../ecrobot/libecrobot.a(ecrobot_usb.o)
                              ../../../../nxtOSEK/ecrobot/../ecrobot/libecrobot.a(flash_loader.oram) (ecrobot_init_usb)
../../../../nxtOSEK/ecrobot/../ecrobot/libecrobot.a(flashprog.oram)
                              ../../../../nxtOSEK/ecrobot/../ecrobot/libecrobot.a(flash_loader.oram) (flash_write_page)
../../../../nxtOSEK/ecrobot/../ecrobot/libnxtway_gs_balancer.a(balancer.o)
                              build/BalanceControl.o (balance_control)
/cygdrive/C/cygwin/GNUARM/bin/../lib/gcc/arm-elf/4.0.2/thumb/interwork/libgcc.a(_udivsi3.o)
                              build/ecrobot_base.o (__udivsi3)
/cygdrive/C/cygwin/GNUARM/bin/../lib/gcc/arm-elf/4.0.2/thumb/interwork/libgcc.a(_divsi3.o)
                              ../../../../nxtOSEK/ecrobot/../ecrobot/libecrobot.a(uart.oram) (__divsi3)
/cygdrive/C/cygwin/GNUARM/bin/../lib/gcc/arm-elf/4.0.2/thumb/interwork/libgcc.a(_umodsi3.o)
                              ../../../../nxtOSEK/ecrobot/../ecrobot/libecrobot.a(display.oram) (__umodsi3)
[...]
Memory Configuration

Name             Origin             Length             Attributes
header_ram       0x001ffff0         0x00000010
vector_ram       0x00200000         0x00000040
ram              0x00200040         0x0000ffc0
*default*        0x00000000         0xffffffff

Linker script and memory map

LOAD build/kernel/alarm.o
LOAD build/kernel/event.o
LOAD build/kernel/interrupt.o
LOAD build/kernel/osctl.o
LOAD build/kernel/resource.o
LOAD build/kernel/task.o
LOAD build/kernel/task_manage.o
LOAD build/config/at91sam7s-gnu/cpu_config.o
LOAD build/config/at91sam7s-gnu/lego_nxt/sys_config.o
LOAD build/./kernel_cfg.o
LOAD build/rtoscalls.o
LOAD build/syscalls.o
LOAD build/ecrobot_bluetooth.o
LOAD build/ecrobot_base.o
LOAD build/ecrobot.o
LOAD build/balancer_param.o
LOAD build/syslib/at91sam7s-gnu/lego_nxt/hw_sys_timer.oram
LOAD build/UI.o
LOAD build/TouchSensor.o
LOAD build/BlueTooth.o
LOAD build/GyroSensor.o
LOAD build/LightSensor.o
LOAD build/Control.o
LOAD build/PID.o
LOAD build/BalanceControl.o
LOAD build/Motor.o
LOAD build/Tail.o
LOAD build/SonarSensor.o
LOAD build/Input.o
LOAD build/SlopeDetection.o
LOAD build/ColorDetection.o
LOAD build/ObstacleDetection.o
LOAD build/Detection.o
LOAD build/Section.o
LOAD build/Main.o
LOAD build/nxtvm/platform/nxt/vectors.o
LOAD build/config/at91sam7s-gnu/debug.o
LOAD build/config/at91sam7s-gnu/lego_nxt/sys_support.o
LOAD build/nxt_binary_header.o
LOAD build/nxt_entry_point.o
LOAD build/ecrobot_init.o
LOAD build/config/at91sam7s-gnu/cpu_support.oram
LOAD build/config/at91sam7s-gnu/irq.oram
LOAD ../../../../nxtOSEK/ecrobot/../ecrobot/libecrobot++.a
LOAD ../../../../nxtOSEK/ecrobot/../ecrobot/libecrobot.a
LOAD ../../../../nxtOSEK/ecrobot/../ecrobot/libnxtway_gs_balancer.a
LOAD /cygdrive/C/cygwin/GNUARM/bin/../lib/gcc/arm-elf/4.0.2/../../../../arm-elf/lib/thumb/interwork/libstdc++.a
LOAD /cygdrive/C/cygwin/GNUARM/bin/../lib/gcc/arm-elf/4.0.2/../../../../arm-elf/lib/thumb/interwork/libm.a
LOAD /cygdrive/C/cygwin/GNUARM/bin/../lib/gcc/arm-elf/4.0.2/thumb/interwork/libgcc.a
LOAD /cygdrive/C/cygwin/GNUARM/bin/../lib/gcc/arm-elf/4.0.2/../../../../arm-elf/lib/thumb/interwork/libc.a
LOAD /cygdrive/C/cygwin/GNUARM/bin/../lib/gcc/arm-elf/4.0.2/thumb/interwork/libgcc.a
                0x00200000                RAM_BASE = 0x200000
                0x00010000                RAM_SIZE = 0x10000

.header         0x001ffff0       0x10
 *nxt_binary_header.o(*.text *.text.*)
 .text          0x001ffff0       0x10 build/nxt_binary_header.o
                0x00200000                . = ALIGN (0x10)

.vectors        0x00200000       0x40
 vectors.o(*.text *.text.*)
 .text          0x00200000       0x38 build/nxtvm/platform/nxt/vectors.o
                0x00200040                . = ALIGN (0x10)
 *fill*         0x00200038        0x8 00
                0x00200000                __vectors_ram_start__ = ADDR (.vectors)
                0x00200040                __vectors_ram_end__ = (ADDR (.vectors) + SIZEOF (.vectors))
                0x00200000                __vectors_load_start__ = LOADADDR (.vectors)
                0x00200040                __vectors_load_end__ = (LOADADDR (.vectors) + SIZEOF (.vectors))

.entry          0x00200040       0x40
 *nxt_entry_point.o(*.text *.text.*)
 .text          0x00200040       0x38 build/nxt_entry_point.o
                0x00200040                NXT_Entry_Point
                0x00200080                . = ALIGN (0x10)
 *fill*         0x00200078        0x8 00

.init           0x00200080      0x280
 *ecrobot_init.o(*.text *.text.*)
 .text          0x00200080      0x280 build/ecrobot_init.o
                0x002001ec                undef_handler
                0x002001f4                prefetch_abort_handler
                0x002001f8                data_abort_handler
                0x002001f0                swi_handler
                0x00200080                start
                0x00200214                reserved_handler
                0x00200300                . = ALIGN (0x10)

.ram_text       0x00200300     0x35a0
                0x00200300                . = ALIGN (0x10)
 *.oram(*.text *.text.* *.glue*)
 .text.systick_isr_C1
                0x00200300       0x28 build/syslib/at91sam7s-gnu/lego_nxt/hw_sys_timer.oram
                0x00200300                systick_isr_C1
 *fill*         0x00200328        0x8 00
 .text          0x00200330      0x230 build/config/at91sam7s-gnu/cpu_support.oram
                0x00200510                enable_int
                0x002003b0                start_dispatch
                0x00200370                activate_r
                0x00200508                disable_int
                0x00200330                dispatch
                0x002004dc                int_return
                0x0020046c                _interrupt
                0x002003a0                exit_and_dispatch
                0x00200518                nop
 .text          0x00200560      0x2c0 build/config/at91sam7s-gnu/irq.oram
                0x00200560                default_isr
                0x002006ec                uart_isr_entry_0
                0x0020066c                twi_isr_entry
                0x0020072c                uart_isr_entry_1
                0x0020062c                spi_isr_entry
                0x002005ac                systick_low_priority_entry
                0x0020076c                nxt_motor_isr_entry
                0x002007ac                i2c_timer_isr_entry
                0x00200560                default_fiq
                0x00200564                systick_isr_entry
                0x00200560                spurious_isr
                0x002006ac                sound_isr_entry
                0x002005ec                udp_isr_entry
 .text.uart_process_isr
                0x00200820       0x88 ../../../../nxtOSEK/ecrobot/../ecrobot/libecrobot.a(uart.oram)
 .text.uart_isr_C_0
                0x002008a8        0xc ../../../../nxtOSEK/ecrobot/../ecrobot/libecrobot.a(uart.oram)
                0x002008a8                uart_isr_C_0
 .text.uart_isr_C_1
                0x002008b4        0xc ../../../../nxtOSEK/ecrobot/../ecrobot/libecrobot.a(uart.oram)
                0x002008b4                uart_isr_C_1
 .text.systick_low_priority_C
                0x002008c0       0x1c ../../../../nxtOSEK/ecrobot/../ecrobot/libecrobot.a(systick.oram)
                0x002008c0                systick_low_priority_C
 .text.systick_isr_C
                0x002008dc       0x24 ../../../../nxtOSEK/ecrobot/../ecrobot/libecrobot.a(systick.oram)
                0x002008dc                systick_isr_C
 .text.systick_get_ms
                0x00200900        0xc ../../../../nxtOSEK/ecrobot/../ecrobot/libecrobot.a(systick.oram)
                0x00200900                systick_get_ms
 .text.systick_wait_ms
                0x0020090c       0x1c ../../../../nxtOSEK/ecrobot/../ecrobot/libecrobot.a(systick.oram)
                0x0020090c                systick_wait_ms
 .text.systick_wait_ns
                0x00200928       0x1c ../../../../nxtOSEK/ecrobot/../ecrobot/libecrobot.a(systick.oram)
                0x00200928                systick_wait_ns
 .text.systick_init
                0x00200944       0x58 ../../../../nxtOSEK/ecrobot/../ecrobot/libecrobot.a(systick.oram)
                0x00200944                systick_init
 .text.systick_suspend
                0x0020099c        0xc ../../../../nxtOSEK/ecrobot/../ecrobot/libecrobot.a(systick.oram)
                0x0020099c                systick_suspend
 .text.systick_resume
                0x002009a8        0xc ../../../../nxtOSEK/ecrobot/../ecrobot/libecrobot.a(systick.oram)
                0x002009a8                systick_resume
 .text.byte_fifo_put
                0x002009b4       0x58 ../../../../nxtOSEK/ecrobot/../ecrobot/libecrobot.a(byte_fifo.oram)
                0x002009b4                byte_fifo_put
 .text.byte_fifo_get
                0x00200a0c       0x2c ../../../../nxtOSEK/ecrobot/../ecrobot/libecrobot.a(byte_fifo.oram)
                0x00200a0c                byte_fifo_get
 .text.aic_initialise
                0x00200a38       0x5c ../../../../nxtOSEK/ecrobot/../ecrobot/libecrobot.a(aic.oram)
                0x00200a38                aic_initialise
 .text.aic_set_vector
                0x00200a94       0x30 ../../../../nxtOSEK/ecrobot/../ecrobot/libecrobot.a(aic.oram)
                0x00200a94                aic_set_vector
 .text.aic_mask_on
                0x00200ac4       0x24 ../../../../nxtOSEK/ecrobot/../ecrobot/libecrobot.a(aic.oram)
                0x00200ac4                aic_mask_on
 .text.aic_mask_off
                0x00200ae8       0x24 ../../../../nxtOSEK/ecrobot/../ecrobot/libecrobot.a(aic.oram)
                0x00200ae8                aic_mask_off
 .text.aic_clear
                0x00200b0c       0x24 ../../../../nxtOSEK/ecrobot/../ecrobot/libecrobot.a(aic.oram)
                0x00200b0c                aic_clear
 .text.reset    0x00200b30       0x4c ../../../../nxtOSEK/ecrobot/../ecrobot/libecrobot.a(udp.oram)
 .text.udp_send_null
                0x00200b7c       0x2c ../../../../nxtOSEK/ecrobot/../ecrobot/libecrobot.a(udp.oram)
 .text.udp_send_stall
                0x00200ba8       0x2c ../../../../nxtOSEK/ecrobot/../ecrobot/libecrobot.a(udp.oram)
 .text.udp_send_control
                0x00200bd4       0x60 ../../../../nxtOSEK/ecrobot/../ecrobot/libecrobot.a(udp.oram)
 .text.udp_isr_C
                0x00200c34      0x7d0 ../../../../nxtOSEK/ecrobot/../ecrobot/libecrobot.a(udp.oram)
                0x00200c34                udp_isr_C
 .text.twi_status
                0x00201404       0x20 ../../../../nxtOSEK/ecrobot/../ecrobot/libecrobot.a(twi.oram)
                0x00201404                twi_status
 .text.twi_isr_C
                0x00201424       0xc4 ../../../../nxtOSEK/ecrobot/../ecrobot/libecrobot.a(twi.oram)
                0x00201424                twi_isr_C
 .text.twi_reset
                0x002014e8       0xb4 ../../../../nxtOSEK/ecrobot/../ecrobot/libecrobot.a(twi.oram)
                0x002014e8                twi_reset
 .text.twi_init
                0x0020159c       0x4c ../../../../nxtOSEK/ecrobot/../ecrobot/libecrobot.a(twi.oram)
                0x0020159c                twi_init
 .text.twi_start_read
                0x002015e8       0x60 ../../../../nxtOSEK/ecrobot/../ecrobot/libecrobot.a(twi.oram)
                0x002015e8                twi_start_read
 .text.twi_start_write
                0x00201648       0x64 ../../../../nxtOSEK/ecrobot/../ecrobot/libecrobot.a(twi.oram)
                0x00201648                twi_start_write
 .text.spi_set_mode
                0x002016ac       0x40 ../../../../nxtOSEK/ecrobot/../ecrobot/libecrobot.a(nxt_spi.oram)
 .text.spi_isr_C
                0x002016ec       0x8c ../../../../nxtOSEK/ecrobot/../ecrobot/libecrobot.a(nxt_spi.oram)
                0x002016ec                spi_isr_C
 .text.nxt_spi_init
                0x00201778      0x12c ../../../../nxtOSEK/ecrobot/../ecrobot/libecrobot.a(nxt_spi.oram)
                0x00201778                nxt_spi_init
 .text.nxt_spi_write
                0x002018a4       0x44 ../../../../nxtOSEK/ecrobot/../ecrobot/libecrobot.a(nxt_spi.oram)
                0x002018a4                nxt_spi_write
 .text.nxt_spi_set_display
                0x002018e8       0x10 ../../../../nxtOSEK/ecrobot/../ecrobot/libecrobot.a(nxt_spi.oram)
                0x002018e8                nxt_spi_set_display
 .text.nxt_spi_refresh
                0x002018f8       0x24 ../../../../nxtOSEK/ecrobot/../ecrobot/libecrobot.a(nxt_spi.oram)
                0x002018f8                nxt_spi_refresh
 .text.nxt_motor_get_count
                0x0020191c       0x14 ../../../../nxtOSEK/ecrobot/../ecrobot/libecrobot.a(nxt_motors.oram)
                0x0020191c                nxt_motor_get_count
 .text.nxt_motor_set_count
                0x00201930       0x10 ../../../../nxtOSEK/ecrobot/../ecrobot/libecrobot.a(nxt_motors.oram)
                0x00201930                nxt_motor_set_count
 .text.nxt_motor_set_speed
                0x00201940       0x34 ../../../../nxtOSEK/ecrobot/../ecrobot/libecrobot.a(nxt_motors.oram)
                0x00201940                nxt_motor_set_speed
 .text.nxt_motor_1kHz_process
                0x00201974       0x28 ../../../../nxtOSEK/ecrobot/../ecrobot/libecrobot.a(nxt_motors.oram)
                0x00201974                nxt_motor_1kHz_process
 .text.nxt_motor_quad_decode
                0x0020199c       0x30 ../../../../nxtOSEK/ecrobot/../ecrobot/libecrobot.a(nxt_motors.oram)
                0x0020199c                nxt_motor_quad_decode
 .text.nxt_motor_isr_C
                0x002019cc       0x88 ../../../../nxtOSEK/ecrobot/../ecrobot/libecrobot.a(nxt_motors.oram)
                0x002019cc                nxt_motor_isr_C
 .text.nxt_motor_init
                0x00201a54       0x68 ../../../../nxtOSEK/ecrobot/../ecrobot/libecrobot.a(nxt_motors.oram)
                0x00201a54                nxt_motor_init
 .text.data_abort_C
                0x00201abc       0x7c ../../../../nxtOSEK/ecrobot/../ecrobot/libecrobot.a(data_abort.oram)
                0x00201abc                data_abort_C
 .text.display_update
                0x00201b38       0x14 ../../../../nxtOSEK/ecrobot/../ecrobot/libecrobot.a(display.oram)
                0x00201b38                display_update
 .text.display_force_update
                0x00201b4c        0xc ../../../../nxtOSEK/ecrobot/../ecrobot/libecrobot.a(display.oram)
                0x00201b4c                display_force_update
 .text.display_clear
                0x00201b58       0x24 ../../../../nxtOSEK/ecrobot/../ecrobot/libecrobot.a(display.oram)
                0x00201b58                display_clear
 .text.display_goto_xy
                0x00201b7c       0x14 ../../../../nxtOSEK/ecrobot/../ecrobot/libecrobot.a(display.oram)
                0x00201b7c                display_goto_xy
 .text.display_char
                0x00201b90       0x60 ../../../../nxtOSEK/ecrobot/../ecrobot/libecrobot.a(display.oram)
                0x00201b90                display_char
 .text.display_string
                0x00201bf0       0x3c ../../../../nxtOSEK/ecrobot/../ecrobot/libecrobot.a(display.oram)
                0x00201bf0                display_string
 .text.display_hex
                0x00201c2c       0x50 ../../../../nxtOSEK/ecrobot/../ecrobot/libecrobot.a(display.oram)
                0x00201c2c                display_hex
 .text.display_unsigned_worker
                0x00201c7c       0x70 ../../../../nxtOSEK/ecrobot/../ecrobot/libecrobot.a(display.oram)
 .text.display_unsigned
                0x00201cec        0xc ../../../../nxtOSEK/ecrobot/../ecrobot/libecrobot.a(display.oram)
                0x00201cec                display_unsigned
 .text.display_bitmap_copy
                0x00201cf8       0x5c ../../../../nxtOSEK/ecrobot/../ecrobot/libecrobot.a(display.oram)
                0x00201cf8                display_bitmap_copy
 .text.display_init
                0x00201d54       0x50 ../../../../nxtOSEK/ecrobot/../ecrobot/libecrobot.a(display.oram)
                0x00201d54                display_init
 .text.i2c_timer_isr_C
                0x00201da4      0x314 ../../../../nxtOSEK/ecrobot/../ecrobot/libecrobot.a(i2c.oram)
                0x00201da4                i2c_timer_isr_C
 .text.i2c_disable
                0x002020b8       0x20 ../../../../nxtOSEK/ecrobot/../ecrobot/libecrobot.a(i2c.oram)
                0x002020b8                i2c_disable
 .text.i2c_enable
                0x002020d8       0x40 ../../../../nxtOSEK/ecrobot/../ecrobot/libecrobot.a(i2c.oram)
                0x002020d8                i2c_enable
 .text.i2c_init
                0x00202118       0xa4 ../../../../nxtOSEK/ecrobot/../ecrobot/libecrobot.a(i2c.oram)
                0x00202118                i2c_init
 .text.i2c_busy
                0x002021bc       0x24 ../../../../nxtOSEK/ecrobot/../ecrobot/libecrobot.a(i2c.oram)
                0x002021bc                i2c_busy
 .text.i2c_start_transaction
                0x002021e0      0x108 ../../../../nxtOSEK/ecrobot/../ecrobot/libecrobot.a(i2c.oram)
                0x002021e0                i2c_start_transaction
 .text.sound_fill_sample_buffer
                0x002022e8       0xe4 ../../../../nxtOSEK/ecrobot/../ecrobot/libecrobot.a(sound.oram)
                0x002022e8                sound_fill_sample_buffer
 .text.sound_init
                0x002023cc       0xa0 ../../../../nxtOSEK/ecrobot/../ecrobot/libecrobot.a(sound.oram)
                0x002023cc                sound_init
 .text.sound_isr_C
                0x0020246c      0x144 ../../../../nxtOSEK/ecrobot/../ecrobot/libecrobot.a(sound.oram)
                0x0020246c                sound_isr_C
 .text.bt_init  0x002025b0      0x1c0 ../../../../nxtOSEK/ecrobot/../ecrobot/libecrobot.a(bt.oram)
                0x002025b0                bt_init
 .text.bt_send  0x00202770       0x5c ../../../../nxtOSEK/ecrobot/../ecrobot/libecrobot.a(bt.oram)
                0x00202770                bt_send
 .text.bt_write
                0x002027cc       0x70 ../../../../nxtOSEK/ecrobot/../ecrobot/libecrobot.a(bt.oram)
                0x002027cc                bt_write
 .text.bt_pending
                0x0020283c       0x50 ../../../../nxtOSEK/ecrobot/../ecrobot/libecrobot.a(bt.oram)
                0x0020283c                bt_pending
 .text.bt_clear_arm7_cmd
                0x0020288c       0x10 ../../../../nxtOSEK/ecrobot/../ecrobot/libecrobot.a(bt.oram)
                0x0020288c                bt_clear_arm7_cmd
 .text.bt_set_arm7_cmd
                0x0020289c       0x10 ../../../../nxtOSEK/ecrobot/../ecrobot/libecrobot.a(bt.oram)
                0x0020289c                bt_set_arm7_cmd
 .text.bt_receive
                0x002028ac      0x160 ../../../../nxtOSEK/ecrobot/../ecrobot/libecrobot.a(bt.oram)
                0x002028ac                bt_receive
 .text.bt_read  0x00202a0c      0x140 ../../../../nxtOSEK/ecrobot/../ecrobot/libecrobot.a(bt.oram)
                0x00202a0c                bt_read
 .text.bt_reset
                0x00202b4c       0x84 ../../../../nxtOSEK/ecrobot/../ecrobot/libecrobot.a(bt.oram)
                0x00202b4c                bt_reset
 .text.nxt_avr_power_down
                0x00202bd0       0x10 ../../../../nxtOSEK/ecrobot/../ecrobot/libecrobot.a(nxt_avr.oram)
                0x00202bd0                nxt_avr_power_down
 .text.nxt_avr_link_init
                0x00202be0       0x20 ../../../../nxtOSEK/ecrobot/../ecrobot/libecrobot.a(nxt_avr.oram)
                0x00202be0                nxt_avr_link_init
 .text.nxt_avr_init
                0x00202c00       0x6c ../../../../nxtOSEK/ecrobot/../ecrobot/libecrobot.a(nxt_avr.oram)
                0x00202c00                nxt_avr_init
 .text.nxt_avr_1kHz_update
                0x00202c6c      0x1cc ../../../../nxtOSEK/ecrobot/../ecrobot/libecrobot.a(nxt_avr.oram)
                0x00202c6c                nxt_avr_1kHz_update
 .text.buttons_get
                0x00202e38        0xc ../../../../nxtOSEK/ecrobot/../ecrobot/libecrobot.a(nxt_avr.oram)
                0x00202e38                buttons_get
 .text.battery_voltage
                0x00202e44       0x28 ../../../../nxtOSEK/ecrobot/../ecrobot/libecrobot.a(nxt_avr.oram)
                0x00202e44                battery_voltage
 .text.sensor_adc
                0x00202e6c       0x20 ../../../../nxtOSEK/ecrobot/../ecrobot/libecrobot.a(nxt_avr.oram)
                0x00202e6c                sensor_adc
 .text.nxt_avr_set_motor
                0x00202e8c       0x34 ../../../../nxtOSEK/ecrobot/../ecrobot/libecrobot.a(nxt_avr.oram)
                0x00202e8c                nxt_avr_set_motor
 .text.nxt_avr_set_input_power
                0x00202ec0       0x3c ../../../../nxtOSEK/ecrobot/../ecrobot/libecrobot.a(nxt_avr.oram)
                0x00202ec0                nxt_avr_set_input_power
 .text.unset_digi0
                0x00202efc       0x44 ../../../../nxtOSEK/ecrobot/../ecrobot/libecrobot.a(sensors.oram)
                0x00202efc                unset_digi0
 .text.unset_digi1
                0x00202f40       0x44 ../../../../nxtOSEK/ecrobot/../ecrobot/libecrobot.a(sensors.oram)
                0x00202f40                unset_digi1
 .text.init_sensors
                0x00202f84       0x4c ../../../../nxtOSEK/ecrobot/../ecrobot/libecrobot.a(sensors.oram)
                0x00202f84                init_sensors
 .text.set_digi0
                0x00202fd0       0x44 ../../../../nxtOSEK/ecrobot/../ecrobot/libecrobot.a(sensors.oram)
                0x00202fd0                set_digi0
 .text.nxt_lcd_command
                0x00203014       0x18 ../../../../nxtOSEK/ecrobot/../ecrobot/libecrobot.a(nxt_lcd.oram)
                0x00203014                nxt_lcd_command
 .text.nxt_lcd_set_col
                0x0020302c       0x24 ../../../../nxtOSEK/ecrobot/../ecrobot/libecrobot.a(nxt_lcd.oram)
                0x0020302c                nxt_lcd_set_col
 .text.nxt_lcd_set_multiplex_rate
                0x00203050       0x18 ../../../../nxtOSEK/ecrobot/../ecrobot/libecrobot.a(nxt_lcd.oram)
                0x00203050                nxt_lcd_set_multiplex_rate
 .text.nxt_lcd_set_page_address
                0x00203068       0x18 ../../../../nxtOSEK/ecrobot/../ecrobot/libecrobot.a(nxt_lcd.oram)
                0x00203068                nxt_lcd_set_page_address
 .text.nxt_lcd_set_pot
                0x00203080       0x1c ../../../../nxtOSEK/ecrobot/../ecrobot/libecrobot.a(nxt_lcd.oram)
                0x00203080                nxt_lcd_set_pot
 .text.nxt_lcd_set_ram_address_control
                0x0020309c       0x18 ../../../../nxtOSEK/ecrobot/../ecrobot/libecrobot.a(nxt_lcd.oram)
                0x0020309c                nxt_lcd_set_ram_address_control
 .text.nxt_lcd_enable
                0x002030b4       0x14 ../../../../nxtOSEK/ecrobot/../ecrobot/libecrobot.a(nxt_lcd.oram)
                0x002030b4                nxt_lcd_enable
 .text.nxt_lcd_set_map_control
                0x002030c8       0x18 ../../../../nxtOSEK/ecrobot/../ecrobot/libecrobot.a(nxt_lcd.oram)
                0x002030c8                nxt_lcd_set_map_control
 .text.nxt_lcd_reset
                0x002030e0        0xc ../../../../nxtOSEK/ecrobot/../ecrobot/libecrobot.a(nxt_lcd.oram)
                0x002030e0                nxt_lcd_reset
 .text.nxt_lcd_set_bias_ratio
                0x002030ec       0x18 ../../../../nxtOSEK/ecrobot/../ecrobot/libecrobot.a(nxt_lcd.oram)
                0x002030ec                nxt_lcd_set_bias_ratio
 .text.nxt_lcd_force_update
                0x00203104       0x30 ../../../../nxtOSEK/ecrobot/../ecrobot/libecrobot.a(nxt_lcd.oram)
                0x00203104                nxt_lcd_force_update
 .text.nxt_lcd_update
                0x00203134        0xc ../../../../nxtOSEK/ecrobot/../ecrobot/libecrobot.a(nxt_lcd.oram)
                0x00203134                nxt_lcd_update
 .text.nxt_lcd_power_up
                0x00203140       0x48 ../../../../nxtOSEK/ecrobot/../ecrobot/libecrobot.a(nxt_lcd.oram)
                0x00203140                nxt_lcd_power_up
 .text.nxt_lcd_power_down
                0x00203188        0xc ../../../../nxtOSEK/ecrobot/../ecrobot/libecrobot.a(nxt_lcd.oram)
                0x00203188                nxt_lcd_power_down
 .text.nxt_lcd_init
                0x00203194       0x18 ../../../../nxtOSEK/ecrobot/../ecrobot/libecrobot.a(nxt_lcd.oram)
                0x00203194                nxt_lcd_init
 .text.verify_flash_page
                0x002031ac       0x34 ../../../../nxtOSEK/ecrobot/../ecrobot/libecrobot.a(flash_loader.oram)
 .text.set_flash_request
                0x002031e0       0x38 ../../../../nxtOSEK/ecrobot/../ecrobot/libecrobot.a(flash_loader.oram)
                0x002031e0                set_flash_request
 .text.nxt_device_init
                0x00203218       0x38 ../../../../nxtOSEK/ecrobot/../ecrobot/libecrobot.a(flash_loader.oram)
                0x00203218                nxt_device_init
 .text          0x00203250       0x68 ../../../../nxtOSEK/ecrobot/../ecrobot/libecrobot.a(interrupts.oram)
                0x002032a8                fiq_enable
                0x00203250                interrupts_get_and_disable
                0x00203284                fiq_get_and_disable
                0x00203274                interrupts_enable
 .text.flash_write_page
                0x002032b8       0xc0 ../../../../nxtOSEK/ecrobot/../ecrobot/libecrobot.a(flashprog.oram)
                0x002032b8                flash_write_page
                0x00203380                . = ALIGN (0x10)
 *fill*         0x00203378        0x8 00
 *.oram(*.rodata *.rodata.*)
 .rodata.ld     0x00203380        0x4 ../../../../nxtOSEK/ecrobot/../ecrobot/libecrobot.a(udp.oram)
 .rodata.cfd    0x00203384       0x20 ../../../../nxtOSEK/ecrobot/../ecrobot/libecrobot.a(udp.oram)
 .rodata.dd     0x002033a4       0x12 ../../../../nxtOSEK/ecrobot/../ecrobot/libecrobot.a(udp.oram)
 *fill*         0x002033b6        0x2 00
 .rodata.str1.4
                0x002033b8       0x22 ../../../../nxtOSEK/ecrobot/../ecrobot/libecrobot.a(data_abort.oram)
                                 0x24 (size before relaxing)
 .rodata.font   0x002033da      0x280 ../../../../nxtOSEK/ecrobot/../ecrobot/libecrobot.a(display.oram)
 *fill*         0x0020365a        0x2 00
 .rodata.str1.4
                0x0020365c       0x76 ../../../../nxtOSEK/ecrobot/../ecrobot/libecrobot.a(display.oram)
                                 0x78 (size before relaxing)
 *fill*         0x002036d2        0x2 00
 .rodata.i2c_pin
                0x002036d4       0x20 ../../../../nxtOSEK/ecrobot/../ecrobot/libecrobot.a(i2c.oram)
 .rodata.i2c_timer_isr_C
                0x002036f4       0x38 ../../../../nxtOSEK/ecrobot/../ecrobot/libecrobot.a(i2c.oram)
 .rodata.silence
                0x0020372c       0x40 ../../../../nxtOSEK/ecrobot/../ecrobot/libecrobot.a(sound.oram)
                0x0020372c                silence
 .rodata.sample_pattern
                0x0020376c       0x84 ../../../../nxtOSEK/ecrobot/../ecrobot/libecrobot.a(sound.oram)
                0x0020376c                sample_pattern
 .rodata        0x002037f0        0xc ../../../../nxtOSEK/ecrobot/../ecrobot/libecrobot.a(sound.oram)
 .rodata.avr_brainwash_string
                0x002037fc       0x30 ../../../../nxtOSEK/ecrobot/../ecrobot/libecrobot.a(nxt_avr.oram)
                0x002037fc                avr_brainwash_string
 .rodata.nxt_avr_1kHz_update
                0x0020382c       0x14 ../../../../nxtOSEK/ecrobot/../ecrobot/libecrobot.a(nxt_avr.oram)
 .rodata.C.33.1823
                0x00203840       0x10 ../../../../nxtOSEK/ecrobot/../ecrobot/libecrobot.a(sensors.oram)
 .rodata.C.37.1857
                0x00203850       0x10 ../../../../nxtOSEK/ecrobot/../ecrobot/libecrobot.a(sensors.oram)
 .rodata.C.31.1806
                0x00203860       0x10 ../../../../nxtOSEK/ecrobot/../ecrobot/libecrobot.a(sensors.oram)
 .rodata.str1.4
                0x00203870       0x23 ../../../../nxtOSEK/ecrobot/../ecrobot/libecrobot.a(flash_loader.oram)
                                 0x24 (size before relaxing)
                0x002038a0                . = ALIGN (0x10)
 *fill*         0x00203893        0xd 00
                0x00200300                __ramtext_ram_start__ = ADDR (.ram_text)
                0x002038a0                __ramtext_ram_end__ = (ADDR (.ram_text) + SIZEOF (.ram_text))
                0x00200300                __ramtext_load_start__ = LOADADDR (.ram_text)
                0x002038a0                __ramtext_load_end__ = (__ramtext_load_start__ + SIZEOF (.ram_text))

.wav_data       0x002038a0        0x0
 *.owav(*.data *.data.*)
                0x002038a0                . = ALIGN (0x10)

.bmp_data       0x002038a0      0x440
 *.obmp(*.data *.data.*)
 .data          0x002038a0      0x43e ../../../../nxtOSEK/ecrobot/../ecrobot/libecrobot.a(nxtosek_splash.obmp)
                0x002038a0                nxtosek_splash_bmp_start
                0x00203cde                nxtosek_splash_bmp_end
                0x00203ce0                . = ALIGN (0x10)
 *fill*         0x00203cde        0x2 00

.spr_data       0x00203ce0        0x0
 *.ospr(*.data *.data.*)
                0x00203ce0                . = ALIGN (0x10)

.data           0x00203ce0      0x8b0
 *(*.data *.data.*)
 .data.bt_status
                0x00203ce0        0x1 build/ecrobot_bluetooth.o
 *fill*         0x00203ce1        0x3 00
 .data.K_THETADOT
                0x00203ce4        0x4 build/balancer_param.o
                0x00203ce4                K_THETADOT
 .data.K_PHIDOT
                0x00203ce8        0x4 build/balancer_param.o
                0x00203ce8                K_PHIDOT
 .data.K_I      0x00203cec        0x4 build/balancer_param.o
                0x00203cec                K_I
 .data.K_F      0x00203cf0       0x10 build/balancer_param.o
                0x00203cf0                K_F
 .data.A_R      0x00203d00        0x4 build/balancer_param.o
                0x00203d00                A_R
 .data.A_D      0x00203d04        0x4 build/balancer_param.o
                0x00203d04                A_D
 .data._ZZN11SonarSensor14getSonarSensorEvE5sonar
                0x00203d08        0x4 build/SonarSensor.o
 .data.distance_state
                0x00203d0c       0x10 ../../../../nxtOSEK/ecrobot/../ecrobot/libecrobot.a(ecrobot_interface.o)
 .data.deviceStatus
                0x00203d1c        0x1 ../../../../nxtOSEK/ecrobot/../ecrobot/libecrobot.a(ecrobot_interface.o)
 .bss.data.2752
                0x00203d1d        0x4 ../../../../nxtOSEK/ecrobot/../ecrobot/libecrobot.a(ecrobot_interface.o)
 .data.named    0x00203d21       0x22 ../../../../nxtOSEK/ecrobot/../ecrobot/libecrobot.a(udp.oram)
 .data.snd      0x00203d43       0x1a ../../../../nxtOSEK/ecrobot/../ecrobot/libecrobot.a(udp.oram)
 *fill*         0x00203d5d        0x3 00
 .data.configured
                0x00203d60        0x4 ../../../../nxtOSEK/ecrobot/../ecrobot/libecrobot.a(udp.oram)
 .data.mode     0x00203d64        0x1 ../../../../nxtOSEK/ecrobot/../ecrobot/libecrobot.a(nxt_spi.oram)
                0x00203d64                mode
 *fill*         0x00203d65        0x3 00
 .bss.data      0x00203d68        0x4 ../../../../nxtOSEK/ecrobot/../ecrobot/libecrobot.a(nxt_spi.oram)
                0x00203d68                data
 .data.display_auto_update
                0x00203d6c        0x4 ../../../../nxtOSEK/ecrobot/../ecrobot/libecrobot.a(display.oram)
                0x00203d6c                display_auto_update
 .data.display_buffer
                0x00203d70        0x4 ../../../../nxtOSEK/ecrobot/../ecrobot/libecrobot.a(display.oram)
 .data          0x00203d74      0x410 /cygdrive/C/cygwin/GNUARM/bin/../lib/gcc/arm-elf/4.0.2/../../../../arm-elf/lib/thumb/interwork/libc.a(mallocr.o)
                0x00203d74                __malloc_sbrk_base
                0x00203d7c                __malloc_av_
                0x00203d78                __malloc_trim_threshold
 .data          0x00204184      0x404 /cygdrive/C/cygwin/GNUARM/bin/../lib/gcc/arm-elf/4.0.2/../../../../arm-elf/lib/thumb/interwork/libc.a(impure.o)
                0x00204584                _impure_ptr
                0x00204590                . = ALIGN (0x10)
 *fill*         0x00204588        0x8 00
                0x00203ce0                __data_ram_start__ = ADDR (.data)
                0x00204590                __data_ram_end__ = (ADDR (.data) + SIZEOF (.data))
                0x00203ce0                __data_load_start__ = LOADADDR (.data)
                0x00204590                __data_load_end__ = (__data_load_start__ + SIZEOF (.data))

.text           0x00204590     0x38f0
                0x00204590                . = ALIGN (0x10)
 *(*.text *.text.* *.glue*)
 .text.StartOS  0x00204590       0x58 build/kernel/osctl.o
                0x00204590                StartOS
 .text.call_pretaskhook
                0x002045e8       0x24 build/kernel/osctl.o
                0x002045e8                call_pretaskhook
 .text.call_posttaskhook
                0x0020460c       0x24 build/kernel/osctl.o
                0x0020460c                call_posttaskhook
 .text.make_runnable
                0x00204630       0xac build/kernel/task.o
                0x00204630                make_runnable
 .text.make_active
                0x002046dc       0x78 build/kernel/task.o
                0x002046dc                make_active
 .text.task_initialize
                0x00204754       0x90 build/kernel/task.o
                0x00204754                task_initialize
 .text.cpu_initialize
                0x002047e4        0x4 build/config/at91sam7s-gnu/cpu_config.o
                0x002047e4                cpu_initialize
 .text.sys_initialize
                0x002047e8        0x4 build/config/at91sam7s-gnu/lego_nxt/sys_config.o
                0x002047e8                sys_initialize
 .text.object_initialize
                0x002047ec        0xc build/./kernel_cfg.o
                0x002047ec                object_initialize
 .text._sbrk_r  0x002047f8       0x1c build/syscalls.o
                0x002047f8                _sbrk_r
 .text.ecrobot_get_bt_status
                0x00204814       0x10 build/ecrobot_bluetooth.o
                0x00204814                ecrobot_get_bt_status
 .text.close_bt_stream
                0x00204824       0x2c build/ecrobot_bluetooth.o
 .text.ecrobot_send_bt_packet
                0x00204850       0x54 build/ecrobot_bluetooth.o
                0x00204850                ecrobot_send_bt_packet
 .text.ecrobot_send_bt
                0x002048a4       0x40 build/ecrobot_bluetooth.o
                0x002048a4                ecrobot_send_bt
 .text.ecrobot_read_bt
                0x002048e4       0x24 build/ecrobot_bluetooth.o
                0x002048e4                ecrobot_read_bt
 .text.send_bt_command
                0x00204908       0x40 build/ecrobot_bluetooth.o
 .text.ecrobot_term_bt_connection
                0x00204948       0x48 build/ecrobot_bluetooth.o
                0x00204948                ecrobot_term_bt_connection
 .text.ecrobot_set_bt_device_name
                0x00204990       0x4c build/ecrobot_bluetooth.o
                0x00204990                ecrobot_set_bt_device_name
 .text.read_bt_command
                0x002049dc       0x5c build/ecrobot_bluetooth.o
 .text.open_bt_stream
                0x00204a38       0x50 build/ecrobot_bluetooth.o
 .text.ecrobot_get_bt_device_address
                0x00204a88       0x6c build/ecrobot_bluetooth.o
                0x00204a88                ecrobot_get_bt_device_address
 .text.ecrobot_init_bt_slave
                0x00204af4      0x12c build/ecrobot_bluetooth.o
                0x00204af4                ecrobot_init_bt_slave
 .text.init_OS_flag
                0x00204c20        0xc build/ecrobot_base.o
                0x00204c20                init_OS_flag
 .text.set_OS_flag
                0x00204c2c        0xc build/ecrobot_base.o
                0x00204c2c                set_OS_flag
 .text.get_OS_flag
                0x00204c38        0xc build/ecrobot_base.o
                0x00204c38                get_OS_flag
 .text.cpp_constructor
                0x00204c44       0x28 build/ecrobot_base.o
                0x00204c44                cpp_constructor
 .text.cpp_destructor
                0x00204c6c       0x28 build/ecrobot_base.o
                0x00204c6c                cpp_destructor
 .text.execution_mode
                0x00204c94       0x24 build/ecrobot_base.o
                0x00204c94                execution_mode
 .text.show_main_screen
                0x00204cb8       0x48 build/ecrobot_base.o
                0x00204cb8                show_main_screen
 .text.display_status_bar
                0x00204d00       0x5c build/ecrobot_base.o
                0x00204d00                display_status_bar
 .text.restart_NXT
                0x00204d5c       0x2c build/ecrobot_base.o
                0x00204d5c                restart_NXT
 .text.shutdown_NXT
                0x00204d88       0x2c build/ecrobot_base.o
                0x00204d88                shutdown_NXT
 .text.check_NXT_buttons
                0x00204db4       0x38 build/ecrobot_base.o
                0x00204db4                check_NXT_buttons
 .text.show_bd_addr
                0x00204dec       0x44 build/ecrobot_base.o
                0x00204dec                show_bd_addr
 .text.show_bd_addr_err
                0x00204e30       0x3c build/ecrobot_base.o
                0x00204e30                show_bd_addr_err
 .text.add_status_info
                0x00204e6c       0x68 build/ecrobot_base.o
                0x00204e6c                add_status_info
 .text.show_splash_screen
                0x00204ed4       0x90 build/ecrobot_base.o
                0x00204ed4                show_splash_screen
 .text.main     0x00204f64      0x10c build/ecrobot.o
                0x00204f64                main
 .text._ZN2UIC1E11TouchSensor9BlueTooth11LightSensor4Tail
                0x00205070       0x1c build/UI.o
                0x00205070                _ZN2UIC1E11TouchSensor9BlueTooth11LightSensor4Tail
 .text._ZN2UI9waitStartEf
                0x0020508c       0x40 build/UI.o
                0x0020508c                _ZN2UI9waitStartEf
 .text._ZN2UI12courseSelectEv
                0x002050cc       0x6c build/UI.o
                0x002050cc                _ZN2UI12courseSelectEv
 .text._ZN11TouchSensorC1E13SENSOR_PORT_T
                0x00205138        0x4 build/TouchSensor.o
                0x00205138                _ZN11TouchSensorC1E13SENSOR_PORT_T
 .text._ZN11TouchSensor9isPressedEv
                0x0020513c        0xc build/TouchSensor.o
                0x0020513c                _ZN11TouchSensor9isPressedEv
 .text._ZN9BlueToothC1Ev
                0x00205148        0x4 build/BlueTooth.o
                0x00205148                _ZN9BlueToothC1Ev
 .text._ZN9BlueTooth10isReceivedEv
                0x0020514c       0x4c build/BlueTooth.o
                0x0020514c                _ZN9BlueTooth10isReceivedEv
 .text._ZN10GyroSensorC1E13SENSOR_PORT_T
                0x00205198        0x4 build/GyroSensor.o
                0x00205198                _ZN10GyroSensorC1E13SENSOR_PORT_T
 .text._ZN10GyroSensor13getGyroSensorEv
                0x0020519c       0x28 build/GyroSensor.o
                0x0020519c                _ZN10GyroSensor13getGyroSensorEv
 .text._ZN11LightSensorC1E13SENSOR_PORT_T
                0x002051c4        0x4 build/LightSensor.o
                0x002051c4                _ZN11LightSensorC1E13SENSOR_PORT_T
 .text._ZN11LightSensor13getBrightnessEv
                0x002051c8        0xc build/LightSensor.o
                0x002051c8                _ZN11LightSensor13getBrightnessEv
 .text._ZN7ControlC1E3PID14BalanceControl5MotorS2_4Tail
                0x002051d4       0x3c build/Control.o
                0x002051d4                _ZN7ControlC1E3PID14BalanceControl5MotorS2_4Tail
 .text._ZN7Control8basicRunEffffitfift
                0x00205210      0x160 build/Control.o
                0x00205210                _ZN7Control8basicRunEffffitfift
 .text._ZN3PIDC1Ev
                0x00205370       0x10 build/PID.o
                0x00205370                _ZN3PIDC1Ev
 .text._ZN3PID11calculationEttf
                0x00205380      0x144 build/PID.o
                0x00205380                _ZN3PID11calculationEttf
 .text._ZN14BalanceControlC1Ev
                0x002054c4        0xc build/BalanceControl.o
                0x002054c4                _ZN14BalanceControlC1Ev
 .text._ZN14BalanceControl11calculationEccffll
                0x002054d0       0x7c build/BalanceControl.o
                0x002054d0                _ZN14BalanceControl11calculationEccffll
 .text._ZN14BalanceControl7getLeftEv
                0x0020554c        0x8 build/BalanceControl.o
                0x0020554c                _ZN14BalanceControl7getLeftEv
 .text._ZN14BalanceControl8getRightEv
                0x00205554        0x8 build/BalanceControl.o
                0x00205554                _ZN14BalanceControl8getRightEv
 .text._ZN5MotorC1E12MOTOR_PORT_T
                0x0020555c        0x4 build/Motor.o
                0x0020555c                _ZN5MotorC1E12MOTOR_PORT_T
 .text._ZN5Motor8getAngleEv
                0x00205560        0xc build/Motor.o
                0x00205560                _ZN5Motor8getAngleEv
 .text._ZN5Motor6rotateEf
                0x0020556c       0x1c build/Motor.o
                0x0020556c                _ZN5Motor6rotateEf
 .text._ZN4TailC1E12MOTOR_PORT_T
                0x00205588        0x4 build/Tail.o
                0x00205588                _ZN4TailC1E12MOTOR_PORT_T
 .text._ZN4Tail7controlEf
                0x0020558c       0x64 build/Tail.o
                0x0020558c                _ZN4Tail7controlEf
 .text._ZN11SonarSensorC1E13SENSOR_PORT_T
                0x002055f0        0x8 build/SonarSensor.o
                0x002055f0                _ZN11SonarSensorC1E13SENSOR_PORT_T
 .text._ZN11SonarSensor14getSonarSensorEv
                0x002055f8       0x2c build/SonarSensor.o
                0x002055f8                _ZN11SonarSensor14getSonarSensorEv
 .text._ZN5InputC1E10GyroSensor11LightSensor11SonarSensor
                0x00205624       0x30 build/Input.o
                0x00205624                _ZN5InputC1E10GyroSensor11LightSensor11SonarSensor
 .text._ZN5Input8getInputEv
                0x00205654       0x24 build/Input.o
                0x00205654                _ZN5Input8getInputEv
 .text._ZN5Input13getGyroSensorEv
                0x00205678        0x4 build/Input.o
                0x00205678                _ZN5Input13getGyroSensorEv
 .text._ZN5Input13getBrightnessEv
                0x0020567c        0x4 build/Input.o
                0x0020567c                _ZN5Input13getBrightnessEv
 .text._ZN5Input14getSonarSensorEv
                0x00205680        0x4 build/Input.o
                0x00205680                _ZN5Input14getSonarSensorEv
 .text._ZN14SlopeDetectionC1Ev
                0x00205684        0x4 build/SlopeDetection.o
                0x00205684                _ZN14SlopeDetectionC1Ev
 .text._ZN14SlopeDetection6detectEffi
                0x00205688       0x34 build/SlopeDetection.o
                0x00205688                _ZN14SlopeDetection6detectEffi
 .text._ZN14ColorDetectionC1Ev
                0x002056bc        0x4 build/ColorDetection.o
                0x002056bc                _ZN14ColorDetectionC1Ev
 .text._ZN14ColorDetection6detectEtti
                0x002056c0       0x20 build/ColorDetection.o
                0x002056c0                _ZN14ColorDetection6detectEtti
 .text._ZN17ObstacleDetectionC1Ev
                0x002056e0        0x8 build/ObstacleDetection.o
                0x002056e0                _ZN17ObstacleDetectionC1Ev
 .text._ZN17ObstacleDetection6detectEl
                0x002056e8       0x20 build/ObstacleDetection.o
                0x002056e8                _ZN17ObstacleDetection6detectEl
 .text._ZN9DetectionC1Efitiii14SlopeDetection14ColorDetection17ObstacleDetection
                0x00205708       0x24 build/Detection.o
                0x00205708                _ZN9DetectionC1Efitiii14SlopeDetection14ColorDetection17ObstacleDetection
 .text._ZN9Detection6detectEftl
                0x0020572c       0x74 build/Detection.o
                0x0020572c                _ZN9Detection6detectEftl
 .text.ecrobot_device_initialize
                0x002057a0       0x30 build/Main.o
                0x002057a0                ecrobot_device_initialize
 .text.ecrobot_device_terminate
                0x002057d0       0x18 build/Main.o
                0x002057d0                ecrobot_device_terminate
 .text.user_1ms_isr_type2
                0x002057e8        0x4 build/Main.o
                0x002057e8                user_1ms_isr_type2
 .text.TaskMainTaskMain
                0x002057ec      0x200 build/Main.o
                0x002057ec                TaskMainTaskMain
 .text._Znwm    0x002059ec       0x10 ../../../../nxtOSEK/ecrobot/../ecrobot/libecrobot++.a(New.o)
                0x002059ec                _Znwm
 .text.ecrobot_get_gyro_sensor
                0x002059fc       0x14 ../../../../nxtOSEK/ecrobot/../ecrobot/libecrobot.a(ecrobot_HiTechnic.o)
                0x002059fc                ecrobot_get_gyro_sensor
 .text.ecrobot_set_light_sensor_active
                0x00205a10       0x10 ../../../../nxtOSEK/ecrobot/../ecrobot/libecrobot.a(ecrobot_interface.o)
                0x00205a10                ecrobot_set_light_sensor_active
 .text.ecrobot_set_light_sensor_inactive
                0x00205a20       0x10 ../../../../nxtOSEK/ecrobot/../ecrobot/libecrobot.a(ecrobot_interface.o)
                0x00205a20                ecrobot_set_light_sensor_inactive
 .text.ecrobot_get_light_sensor
                0x00205a30       0x14 ../../../../nxtOSEK/ecrobot/../ecrobot/libecrobot.a(ecrobot_interface.o)
                0x00205a30                ecrobot_get_light_sensor
 .text.ecrobot_get_touch_sensor
                0x00205a44       0x20 ../../../../nxtOSEK/ecrobot/../ecrobot/libecrobot.a(ecrobot_interface.o)
                0x00205a44                ecrobot_get_touch_sensor
 .text.ecrobot_init_i2c
                0x00205a64       0x2c ../../../../nxtOSEK/ecrobot/../ecrobot/libecrobot.a(ecrobot_interface.o)
                0x00205a64                ecrobot_init_i2c
 .text.getDistance
                0x00205a90       0x20 ../../../../nxtOSEK/ecrobot/../ecrobot/libecrobot.a(ecrobot_interface.o)
 .text.ecrobot_init_sonar_sensor
                0x00205ab0       0x10 ../../../../nxtOSEK/ecrobot/../ecrobot/libecrobot.a(ecrobot_interface.o)
                0x00205ab0                ecrobot_init_sonar_sensor
 .text.ecrobot_get_sonar_sensor
                0x00205ac0       0x48 ../../../../nxtOSEK/ecrobot/../ecrobot/libecrobot.a(ecrobot_interface.o)
                0x00205ac0                ecrobot_get_sonar_sensor
 .text.ecrobot_term_sonar_sensor
                0x00205b08       0x20 ../../../../nxtOSEK/ecrobot/../ecrobot/libecrobot.a(ecrobot_interface.o)
                0x00205b08                ecrobot_term_sonar_sensor
 .text.ecrobot_get_battery_voltage
                0x00205b28        0xc ../../../../nxtOSEK/ecrobot/../ecrobot/libecrobot.a(ecrobot_interface.o)
                0x00205b28                ecrobot_get_battery_voltage
 .text.ecrobot_get_button_state
                0x00205b34        0xc ../../../../nxtOSEK/ecrobot/../ecrobot/libecrobot.a(ecrobot_interface.o)
                0x00205b34                ecrobot_get_button_state
 .text.ecrobot_init_nxtstate
                0x00205b40       0x28 ../../../../nxtOSEK/ecrobot/../ecrobot/libecrobot.a(ecrobot_interface.o)
                0x00205b40                ecrobot_init_nxtstate
 .text.ecrobot_poll_nxtstate
                0x00205b68       0x64 ../../../../nxtOSEK/ecrobot/../ecrobot/libecrobot.a(ecrobot_interface.o)
                0x00205b68                ecrobot_poll_nxtstate
 .text.ecrobot_setDeviceInitialized
                0x00205bcc       0x18 ../../../../nxtOSEK/ecrobot/../ecrobot/libecrobot.a(ecrobot_interface.o)
                0x00205bcc                ecrobot_setDeviceInitialized
 .text.ecrobot_initDeviceStatus
                0x00205be4        0xc ../../../../nxtOSEK/ecrobot/../ecrobot/libecrobot.a(ecrobot_interface.o)
                0x00205be4                ecrobot_initDeviceStatus
 .text.ecrobot_bt_data_logger
                0x00205bf0       0x84 ../../../../nxtOSEK/ecrobot/../ecrobot/libecrobot.a(ecrobot_interface.o)
                0x00205bf0                ecrobot_bt_data_logger
 .text.ecrobot_bmp2lcd
                0x00205c74      0x1c8 ../../../../nxtOSEK/ecrobot/../ecrobot/libecrobot.a(ecrobot_interface.o)
                0x00205c74                ecrobot_bmp2lcd
 .text.ecrobot_is_ENTER_button_pressed
                0x00205e3c       0x10 ../../../../nxtOSEK/ecrobot/../ecrobot/libecrobot.a(ecrobot_interface.o)
                0x00205e3c                ecrobot_is_ENTER_button_pressed
 .text.ecrobot_is_RUN_button_pressed
                0x00205e4c       0x10 ../../../../nxtOSEK/ecrobot/../ecrobot/libecrobot.a(ecrobot_interface.o)
                0x00205e4c                ecrobot_is_RUN_button_pressed
 .text.StartupHook
                0x00205e5c        0x4 ../../../../nxtOSEK/ecrobot/../ecrobot/libecrobot.a(osek_hook.o)
                0x00205e5c                StartupHook
 .text.PreTaskHook
                0x00205e60        0x4 ../../../../nxtOSEK/ecrobot/../ecrobot/libecrobot.a(osek_hook.o)
                0x00205e60                PreTaskHook
 .text.PostTaskHook
                0x00205e64        0x4 ../../../../nxtOSEK/ecrobot/../ecrobot/libecrobot.a(osek_hook.o)
                0x00205e64                PostTaskHook
 .text.balance_control
                0x00205e68      0x254 ../../../../nxtOSEK/ecrobot/../ecrobot/libnxtway_gs_balancer.a(balancer.o)
                0x00205e68                balance_control
 .text.balance_init
                0x002060bc       0x30 ../../../../nxtOSEK/ecrobot/../ecrobot/libnxtway_gs_balancer.a(balancer.o)
                0x002060bc                balance_init
 .text          0x002060ec       0x8c /cygdrive/C/cygwin/GNUARM/bin/../lib/gcc/arm-elf/4.0.2/thumb/interwork/libgcc.a(_udivsi3.o)
                0x002060ec                __udivsi3
                0x00206168                __aeabi_uidivmod
 .text          0x00206178       0xc8 /cygdrive/C/cygwin/GNUARM/bin/../lib/gcc/arm-elf/4.0.2/thumb/interwork/libgcc.a(_umodsi3.o)
                0x00206178                __umodsi3
 .text          0x00206240        0x4 /cygdrive/C/cygwin/GNUARM/bin/../lib/gcc/arm-elf/4.0.2/thumb/interwork/libgcc.a(_dvmd_tls.o)
                0x00206240                __aeabi_ldiv0
                0x00206240                __div0
                0x00206240                __aeabi_idiv0
 .text          0x00206244      0x430 /cygdrive/C/cygwin/GNUARM/bin/../lib/gcc/arm-elf/4.0.2/thumb/interwork/libgcc.a(_addsubdf3.o)
                0x00206608                __floatdidf
                0x00206588                __floatsidf
                0x00206560                __aeabi_ui2d
                0x00206244                __aeabi_drsub
                0x002065b4                __extendsfdf2
                0x00206250                __adddf3
                0x00206560                __floatunsidf
                0x00206250                __aeabi_dadd
                0x002065f4                __aeabi_ul2d
                0x0020624c                __aeabi_dsub
                0x002065f4                __floatundidf
                0x00206588                __aeabi_i2d
                0x00206608                __aeabi_l2d
                0x002065b4                __aeabi_f2d
                0x0020624c                __subdf3
 .text          0x00206674      0x49c /cygdrive/C/cygwin/GNUARM/bin/../lib/gcc/arm-elf/4.0.2/thumb/interwork/libgcc.a(_muldivdf3.o)
                0x00206904                __aeabi_ddiv
                0x00206674                __aeabi_dmul
                0x00206904                __divdf3
                0x00206674                __muldf3
 .text          0x00206b10       0xa0 /cygdrive/C/cygwin/GNUARM/bin/../lib/gcc/arm-elf/4.0.2/thumb/interwork/libgcc.a(_truncdfsf2.o)
                0x00206b10                __aeabi_d2f
                0x00206b10                __truncdfsf2
 .text          0x00206bb0      0x2ac /cygdrive/C/cygwin/GNUARM/bin/../lib/gcc/arm-elf/4.0.2/thumb/interwork/libgcc.a(_addsubsf3.o)
                0x00206bbc                __aeabi_fadd
                0x00206bb8                __subsf3
                0x00206d80                __aeabi_i2f
                0x00206bb8                __aeabi_fsub
                0x00206db0                __floatdisf
                0x00206d80                __floatsisf
                0x00206da0                __floatundisf
                0x00206d78                __aeabi_ui2f
                0x00206db0                __aeabi_l2f
                0x00206da0                __aeabi_ul2f
                0x00206bb0                __aeabi_frsub
                0x00206d78                __floatunsisf
                0x00206bbc                __addsf3
 .text          0x00206e5c      0x2f8 /cygdrive/C/cygwin/GNUARM/bin/../lib/gcc/arm-elf/4.0.2/thumb/interwork/libgcc.a(_muldivsf3.o)
                0x00206ff4                __divsf3
                0x00206ff4                __aeabi_fdiv
                0x00206e5c                __mulsf3
                0x00206e5c                __aeabi_fmul
 .text          0x00207154      0x110 /cygdrive/C/cygwin/GNUARM/bin/../lib/gcc/arm-elf/4.0.2/thumb/interwork/libgcc.a(_cmpsf2.o)
                0x0020724c                __aeabi_fcmpgt
                0x0020715c                __lesf2
                0x00207164                __nesf2
                0x00207234                __aeabi_fcmpge
                0x00207154                __gtsf2
                0x0020721c                __aeabi_fcmple
                0x00207164                __eqsf2
                0x00207164                __cmpsf2
                0x0020715c                __ltsf2
                0x002071d4                __aeabi_cfcmple
                0x00207154                __gesf2
                0x002071ec                __aeabi_fcmpeq
                0x002071c4                __aeabi_cfrcmple
                0x00207204                __aeabi_fcmplt
                0x002071d4                __aeabi_cfcmpeq
 .text          0x00207264       0x5c /cygdrive/C/cygwin/GNUARM/bin/../lib/gcc/arm-elf/4.0.2/thumb/interwork/libgcc.a(_fixsfsi.o)
                0x00207264                __fixsfsi
                0x00207264                __aeabi_f2iz
 .text          0x002072c0       0x28 /cygdrive/C/cygwin/GNUARM/bin/../lib/gcc/arm-elf/4.0.2/../../../../arm-elf/lib/thumb/interwork/libc.a(malloc.o)
                0x002072c0                malloc
                0x002072d4                free
 .text          0x002072e8      0x548 /cygdrive/C/cygwin/GNUARM/bin/../lib/gcc/arm-elf/4.0.2/../../../../arm-elf/lib/thumb/interwork/libc.a(mallocr.o)
                0x002072e8                _malloc_r
 .text          0x00207830       0x68 /cygdrive/C/cygwin/GNUARM/bin/../lib/gcc/arm-elf/4.0.2/../../../../arm-elf/lib/thumb/interwork/libc.a(memcpy.o)
                0x00207830                memcpy
 .text          0x00207898       0x68 /cygdrive/C/cygwin/GNUARM/bin/../lib/gcc/arm-elf/4.0.2/../../../../arm-elf/lib/thumb/interwork/libc.a(memset.o)
                0x00207898                memset
 .text          0x00207900        0x8 /cygdrive/C/cygwin/GNUARM/bin/../lib/gcc/arm-elf/4.0.2/../../../../arm-elf/lib/thumb/interwork/libc.a(mlock.o)
                0x00207904                __malloc_unlock
                0x00207900                __malloc_lock
 .text          0x00207908       0x60 /cygdrive/C/cygwin/GNUARM/bin/../lib/gcc/arm-elf/4.0.2/../../../../arm-elf/lib/thumb/interwork/libc.a(strcpy.o)
                0x00207908                strcpy
 .text          0x00207968       0x48 /cygdrive/C/cygwin/GNUARM/bin/../lib/gcc/arm-elf/4.0.2/../../../../arm-elf/lib/thumb/interwork/libc.a(strlen.o)
                0x00207968                strlen
 .text          0x002079b0       0x84 /cygdrive/C/cygwin/GNUARM/bin/../lib/gcc/arm-elf/4.0.2/../../../../arm-elf/lib/thumb/interwork/libc.a(strncpy.o)
                0x002079b0                strncpy
 .text          0x00207a34      0x260 /cygdrive/C/cygwin/GNUARM/bin/../lib/gcc/arm-elf/4.0.2/../../../../arm-elf/lib/thumb/interwork/libc.a(freer.o)
                0x00207ad4                _free_r
                0x00207a34                _malloc_trim_r
 .glue_7        0x00207c94       0x30 /cygdrive/C/cygwin/GNUARM/bin/../lib/gcc/arm-elf/4.0.2/../../../../arm-elf/lib/thumb/interwork/libc.a(freer.o)
                0x00207cac                __call_posttaskhook_from_arm
                0x00207c95                __ecrobot_debug1_from_arm
                0x00207ca1                __ecrobot_debug2_from_arm
                0x00207cb8                __call_pretaskhook_from_arm
 .glue_7t       0x00207cc4       0xd0 /cygdrive/C/cygwin/GNUARM/bin/../lib/gcc/arm-elf/4.0.2/../../../../arm-elf/lib/thumb/interwork/libc.a(freer.o)
                0x00207cf0                __start_change_to_arm
                0x00207d74                __interrupts_get_and_disable_from_thumb
                0x00207d14                ____lesf2_from_thumb
                0x00207d6d                ____gtdf2_from_thumb
                0x00207ce5                __exit_and_dispatch_from_thumb
                0x00207d8c                ____divsf3_from_thumb
                0x00207d20                ____gesf2_change_to_arm
                0x00207d08                ____fixsfsi_change_to_arm
                0x00207d00                ____addsf3_change_to_arm
                0x00207d04                ____fixsfsi_from_thumb
                0x00207cf4                ____floatsisf_from_thumb
                0x00207d24                ____extendsfdf2_from_thumb
                0x00207ce8                __exit_and_dispatch_change_to_arm
                0x00207cc4                __disable_int_from_thumb
                0x00207d1c                ____gesf2_from_thumb
                0x00207cdc                __start_dispatch_from_thumb
                0x00207d64                ____ltsf2_from_thumb
                0x00207d58                ____divdf3_change_to_arm
                0x00207d18                ____lesf2_change_to_arm
                0x00207cec                __start_from_thumb
                0x00207d44                ____truncdfsf2_from_thumb
                0x00207d38                ____muldf3_change_to_arm
                0x00207d90                ____divsf3_change_to_arm
                0x00207d54                ____divdf3_from_thumb
                0x00207ccc                __enable_int_from_thumb
                0x00207cd5                __dispatch_from_thumb
                0x00207d80                __interrupts_enable_change_to_arm
                0x00207d5c                ____gtsf2_from_thumb
                0x00207d78                __interrupts_get_and_disable_change_to_arm
                0x00207cd8                __dispatch_change_to_arm
                0x00207d50                ____mulsf3_change_to_arm
                0x00207d40                ____adddf3_change_to_arm
                0x00207d70                ____gtdf2_change_to_arm
                0x00207d48                ____truncdfsf2_change_to_arm
                0x00207d28                ____extendsfdf2_change_to_arm
                0x00207d2c                ____floatsidf_from_thumb
                0x00207cf8                ____floatsisf_change_to_arm
                0x00207d85                __display_bios_status_from_thumb
                0x00207d0c                ____subsf3_from_thumb
                0x00207d3c                ____adddf3_from_thumb
                0x00207d60                ____gtsf2_change_to_arm
                0x00207cc8                __disable_int_change_to_arm
                0x00207d68                ____ltsf2_change_to_arm
                0x00207d4c                ____mulsf3_from_thumb
                0x00207cfc                ____addsf3_from_thumb
                0x00207d34                ____muldf3_from_thumb
                0x00207d10                ____subsf3_change_to_arm
                0x00207cd0                __enable_int_change_to_arm
                0x00207d30                ____floatsidf_change_to_arm
                0x00207d7c                __interrupts_enable_from_thumb
                0x00207d88                __display_bios_status_change_to_arm
                0x00207ce0                __start_dispatch_change_to_arm
                0x00207da0                . = ALIGN (0x10)
 *fill*         0x00207d94        0xc 00
 *(*.rodata *.rodata.*)
 .rodata.tinib_stksz
                0x00207da0        0x2 build/./kernel_cfg.o
                0x00207da0                tinib_stksz
 *fill*         0x00207da2        0x2 00
 .rodata.tinib_stk
                0x00207da4        0x4 build/./kernel_cfg.o
                0x00207da4                tinib_stk
 .rodata.tinib_task
                0x00207da8        0x4 build/./kernel_cfg.o
                0x00207da8                tinib_task
 .rodata.tinib_autoact
                0x00207dac        0x1 build/./kernel_cfg.o
                0x00207dac                tinib_autoact
 .rodata.tinib_exepri
                0x00207dad        0x1 build/./kernel_cfg.o
                0x00207dad                tinib_exepri
 .rodata.tinib_inipri
                0x00207dae        0x1 build/./kernel_cfg.o
                0x00207dae                tinib_inipri
 .rodata.tnum_exttask
                0x00207daf        0x1 build/./kernel_cfg.o
                0x00207daf                tnum_exttask
 .rodata.tnum_task
                0x00207db0        0x1 build/./kernel_cfg.o
                0x00207db0                tnum_task
 *fill*         0x00207db1        0x3 00
 .rodata.exec_addr
                0x00207db4        0x4 build/ecrobot_base.o
                0x00207db4                exec_addr
 .rodata.str1.4
                0x00207db8       0x80 build/ecrobot_base.o
 .rodata.BATTERY_OFFSET
                0x00207e38        0x4 build/balancer_param.o
                0x00207e38                BATTERY_OFFSET
 .rodata.BATTERY_GAIN
                0x00207e3c        0x4 build/balancer_param.o
                0x00207e3c                BATTERY_GAIN
 .rodata.str1.4
                0x00207e40       0x26 build/UI.o
                                 0x28 (size before relaxing)
 *fill*         0x00207e66        0x2 00
 .rodata.str1.4
                0x00207e68       0x11 build/Main.o
                                 0x14 (size before relaxing)
 *fill*         0x00207e79        0x3 00
 .rodata.str1.4
                0x00207e7c        0x2 /cygdrive/C/cygwin/GNUARM/bin/../lib/gcc/arm-elf/4.0.2/../../../../arm-elf/lib/thumb/interwork/libc.a(impure.o)
                                  0x4 (size before relaxing)
                0x00207e80                . = ALIGN (0x10)
 *fill*         0x00207e7e        0x2 00
 *(*.gnu.linkonce.* .gcc_except_table)
                0x00207e80                . = ALIGN (0x10)

.tors           0x00207e80        0x0
                0x00207e80                . = ALIGN (0x10)
                0x00207e80                __ctor_begin = .
 *(*.ctors*)
                0x00207e80                __ctor_end = .
                0x00207e80                . = ALIGN (0x10)
                0x00207e80                __dtor_begin = .
 *(*.dtors*)
                0x00207e80                __dtor_end = .
                0x00207e80                . = ALIGN (0x10)

.bss            0x00207e80     0x1400
 *(*.bss *.bss.*)
 .bss.ready_primap
                0x00207e80        0x2 build/kernel/task.o
 .bss.ready_queue_last
                0x00207e82       0x10 build/kernel/task.o
 .bss.ready_queue_first
                0x00207e92       0x10 build/kernel/task.o
 *fill*         0x00207ea2        0x2 00
 .bss._stack_TaskMain
                0x00207ea4      0x200 build/./kernel_cfg.o
 .bss.heap_ptr  0x002080a4        0x4 build/syscalls.o
 .bss.receiveBuf
                0x002080a8       0x80 build/ecrobot_bluetooth.o
 .bss.sendBuf   0x00208128      0x100 build/ecrobot_bluetooth.o
 .bss.handle    0x00208228        0x1 build/ecrobot_bluetooth.o
 *fill*         0x00208229        0x3 00
 .bss.status_bar_position
                0x0020822c        0x4 build/ecrobot_base.o
 .bss.last_act_time.2742
                0x00208230        0x4 build/ecrobot_base.o
 .bss.lcd.2671  0x00208234      0x320 build/ecrobot_base.o
 .bss.OS_flag   0x00208554        0x4 build/ecrobot_base.o
 .bss.status_bar
                0x00208558       0x10 build/ecrobot_base.o
 .bss._ZZN7Control8basicRunEffffitfiftE4Turn
                0x00208568        0x4 build/Control.o
 .bss._ZZN7Control8basicRunEffffitfiftE7Forward
                0x0020856c        0x4 build/Control.o
 .bss._ZZN3PID11calculationEttfE3val
                0x00208570        0x4 build/PID.o
 .bss._ZZN3PID11calculationEttfE1d
                0x00208574        0x4 build/PID.o
 .bss._ZZN3PID11calculationEttfE1i
                0x00208578        0x4 build/PID.o
 .bss._ZZN3PID11calculationEttfE1p
                0x0020857c        0x4 build/PID.o
 .bss.buttons_i
                0x00208580        0x4 ../../../../nxtOSEK/ecrobot/../ecrobot/libecrobot.a(ecrobot_interface.o)
 .bss.buttons_states
                0x00208584       0x14 ../../../../nxtOSEK/ecrobot/../ecrobot/libecrobot.a(ecrobot_interface.o)
 .bss.ecrobot_inputs
                0x00208598        0x8 ../../../../nxtOSEK/ecrobot/../ecrobot/libecrobot.a(ecrobot_interface.o)
 .bss.systick_ms
                0x002085a0        0x4 ../../../../nxtOSEK/ecrobot/../ecrobot/libecrobot.a(systick.oram)
 .bss.delayedEnable
                0x002085a4        0x1 ../../../../nxtOSEK/ecrobot/../ecrobot/libecrobot.a(udp.oram)
 *fill*         0x002085a5        0x3 00
 .bss.outCnt    0x002085a8        0x4 ../../../../nxtOSEK/ecrobot/../ecrobot/libecrobot.a(udp.oram)
 .bss.outPtr    0x002085ac        0x4 ../../../../nxtOSEK/ecrobot/../ecrobot/libecrobot.a(udp.oram)
 .bss.newAddress
                0x002085b0        0x4 ../../../../nxtOSEK/ecrobot/../ecrobot/libecrobot.a(udp.oram)
 .bss.currentRxBank
                0x002085b4        0x4 ../../../../nxtOSEK/ecrobot/../ecrobot/libecrobot.a(udp.oram)
 .bss.currentFeatures
                0x002085b8        0x4 ../../../../nxtOSEK/ecrobot/../ecrobot/libecrobot.a(udp.oram)
 .bss.currentConfig
                0x002085bc        0x1 ../../../../nxtOSEK/ecrobot/../ecrobot/libecrobot.a(udp.oram)
 *fill*         0x002085bd        0x3 00
 .bss.twi_mask  0x002085c0        0x4 ../../../../nxtOSEK/ecrobot/../ecrobot/libecrobot.a(twi.oram)
 .bss.twi_ptr   0x002085c4        0x4 ../../../../nxtOSEK/ecrobot/../ecrobot/libecrobot.a(twi.oram)
 .bss.twi_pending
                0x002085c8        0x4 ../../../../nxtOSEK/ecrobot/../ecrobot/libecrobot.a(twi.oram)
 .bss.twi_state
                0x002085cc        0x4 ../../../../nxtOSEK/ecrobot/../ecrobot/libecrobot.a(twi.oram)
 .bss.page      0x002085d0        0x1 ../../../../nxtOSEK/ecrobot/../ecrobot/libecrobot.a(nxt_spi.oram)
                0x002085d0                page
 .bss.dirty     0x002085d1        0x1 ../../../../nxtOSEK/ecrobot/../ecrobot/libecrobot.a(nxt_spi.oram)
                0x002085d1                dirty
 *fill*         0x002085d2        0x2 00
 .bss.display   0x002085d4        0x4 ../../../../nxtOSEK/ecrobot/../ecrobot/libecrobot.a(nxt_spi.oram)
                0x002085d4                display
 .bss.interrupts_this_period
                0x002085d8        0x4 ../../../../nxtOSEK/ecrobot/../ecrobot/libecrobot.a(nxt_motors.oram)
 .bss.nxt_motor_initialised
                0x002085dc        0x4 ../../../../nxtOSEK/ecrobot/../ecrobot/libecrobot.a(nxt_motors.oram)
 .bss.motor     0x002085e0       0x30 ../../../../nxtOSEK/ecrobot/../ecrobot/libecrobot.a(nxt_motors.oram)
 .bss.display_tick
                0x00208610        0x4 ../../../../nxtOSEK/ecrobot/../ecrobot/libecrobot.a(display.oram)
                0x00208610                display_tick
 .bss.display_array
                0x00208614      0x388 ../../../../nxtOSEK/ecrobot/../ecrobot/libecrobot.a(display.oram)
 .bss.i2c_int_count
                0x0020899c        0x4 ../../../../nxtOSEK/ecrobot/../ecrobot/libecrobot.a(i2c.oram)
 .bss.i2c_port  0x002089a0      0x170 ../../../../nxtOSEK/ecrobot/../ecrobot/libecrobot.a(i2c.oram)
 .bss.sound_mode
                0x00208b10        0x1 ../../../../nxtOSEK/ecrobot/../ecrobot/libecrobot.a(sound.oram)
                0x00208b10                sound_mode
 *fill*         0x00208b11        0x3 00
 .bss.in_buf_idx
                0x00208b14        0x4 ../../../../nxtOSEK/ecrobot/../ecrobot/libecrobot.a(bt.oram)
 .bss.buf_ptr   0x00208b18        0x4 ../../../../nxtOSEK/ecrobot/../ecrobot/libecrobot.a(bt.oram)
 .bss.out_buf   0x00208b1c      0x200 ../../../../nxtOSEK/ecrobot/../ecrobot/libecrobot.a(bt.oram)
 .bss.out_buf_ptr
                0x00208d1c        0x1 ../../../../nxtOSEK/ecrobot/../ecrobot/libecrobot.a(bt.oram)
 .bss.in_buf_in_ptr
                0x00208d1d        0x1 ../../../../nxtOSEK/ecrobot/../ecrobot/libecrobot.a(bt.oram)
 .bss.in_buf    0x00208d1e      0x100 ../../../../nxtOSEK/ecrobot/../ecrobot/libecrobot.a(bt.oram)
 *fill*         0x00208e1e        0x2 00
 .bss.link_state
                0x00208e20        0x4 ../../../../nxtOSEK/ecrobot/../ecrobot/libecrobot.a(nxt_avr.oram)
 .bss.update_count
                0x00208e24        0x4 ../../../../nxtOSEK/ecrobot/../ecrobot/libecrobot.a(nxt_avr.oram)
 .bss.nxt_avr_stats
                0x00208e28       0x14 ../../../../nxtOSEK/ecrobot/../ecrobot/libecrobot.a(nxt_avr.oram)
 .bss.debounce_cnt
                0x00208e3c        0x2 ../../../../nxtOSEK/ecrobot/../ecrobot/libecrobot.a(nxt_avr.oram)
 .bss.debounce_state
                0x00208e3e        0x2 ../../../../nxtOSEK/ecrobot/../ecrobot/libecrobot.a(nxt_avr.oram)
 .bss.button_state
                0x00208e40        0x2 ../../../../nxtOSEK/ecrobot/../ecrobot/libecrobot.a(nxt_avr.oram)
 .bss.prev_buttons
                0x00208e42        0x2 ../../../../nxtOSEK/ecrobot/../ecrobot/libecrobot.a(nxt_avr.oram)
 .bss.from_buf  0x00208e44        0x4 ../../../../nxtOSEK/ecrobot/../ecrobot/libecrobot.a(nxt_avr.oram)
 .bss.io_from_avr
                0x00208e48        0x4 ../../../../nxtOSEK/ecrobot/../ecrobot/libecrobot.a(nxt_avr.oram)
 .bss.data_from_avr
                0x00208e4c       0x1a ../../../../nxtOSEK/ecrobot/../ecrobot/libecrobot.a(nxt_avr.oram)
 .bss.data_to_avr
                0x00208e66        0x9 ../../../../nxtOSEK/ecrobot/../ecrobot/libecrobot.a(nxt_avr.oram)
 .bss.io_to_avr
                0x00208e6f        0x8 ../../../../nxtOSEK/ecrobot/../ecrobot/libecrobot.a(nxt_avr.oram)
 *fill*         0x00208e77        0x1 00
 .bss.display   0x00208e78        0x4 ../../../../nxtOSEK/ecrobot/../ecrobot/libecrobot.a(nxt_lcd.oram)
 .bss.ud_thetadot_cmd_lpf
                0x00208e7c        0x4 ../../../../nxtOSEK/ecrobot/../ecrobot/libnxtway_gs_balancer.a(balancer.o)
 .bss.ud_theta_ref
                0x00208e80        0x4 ../../../../nxtOSEK/ecrobot/../ecrobot/libnxtway_gs_balancer.a(balancer.o)
 .bss.ud_theta_lpf
                0x00208e84        0x4 ../../../../nxtOSEK/ecrobot/../ecrobot/libnxtway_gs_balancer.a(balancer.o)
 .bss.ud_psi    0x00208e88        0x4 ../../../../nxtOSEK/ecrobot/../ecrobot/libnxtway_gs_balancer.a(balancer.o)
 .bss.ud_err_theta
                0x00208e8c        0x4 ../../../../nxtOSEK/ecrobot/../ecrobot/libnxtway_gs_balancer.a(balancer.o)
 .bss           0x00208e90       0x34 /cygdrive/C/cygwin/GNUARM/bin/../lib/gcc/arm-elf/4.0.2/../../../../arm-elf/lib/thumb/interwork/libc.a(mallocr.o)
                0x00208ec0                __malloc_top_pad
                0x00208ebc                __malloc_max_sbrked_mem
                0x00208e90                __malloc_current_mallinfo
                0x00208eb8                __malloc_max_total_mem
                0x00208ed0                . = ALIGN (0x10)
 *fill*         0x00208ec4        0xc 00
                0x00208ed0                __bss_end__ = .
 COMMON         0x00208ed0        0x2 build/kernel/interrupt.o
                0x00208ed0                runisr
                0x00208ed1                sus_all_cnt
 *fill*         0x00208ed2        0x2 00
 COMMON         0x00208ed4       0x10 build/kernel/osctl.o
                0x00208ed4                callevel
                0x00208ed5                _errorhook_svcid
                0x00208ed6                appmode
                0x00208ed8                _errorhook_par1
                0x00208edc                _errorhook_par3
                0x00208ee0                _errorhook_par2
 COMMON         0x00208ee4        0x3 build/kernel/task.o
                0x00208ee4                runtsk
                0x00208ee5                schedtsk
                0x00208ee6                nextpri
 *fill*         0x00208ee7        0x1 00
 COMMON         0x00208ee8       0x2c build/./kernel_cfg.o
                0x00208ee8                tcb_waievt
                0x00208eec                rescb_prevpri
                0x00208eed                almcb_prev
                0x00208eee                tcb_lastres
                0x00208ef0                almcb_almval
                0x00208ef4                tcxb_pc
                0x00208ef8                tcb_next
                0x00208ef9                tcb_curpri
                0x00208efa                tcb_tstat
                0x00208efb                isrcb_lastres
                0x00208efc                cntcb_almque
                0x00208efd                rescb_prevres
                0x00208efe                tcb_actcnt
                0x00208f00                tcb_curevt
                0x00208f04                almcb_cycle
                0x00208f08                tcxb_sp
                0x00208f0c                almcb_next
                0x00208f10                cntcb_curval
 COMMON         0x00208f14       0x44 ../../../../nxtOSEK/ecrobot/../ecrobot/libecrobot.a(uart.oram)
                0x00208f14                uart
 COMMON         0x00208f58        0x4 ../../../../nxtOSEK/ecrobot/../ecrobot/libecrobot.a(data_abort.oram)
                0x00208f58                data_abort_pc
 COMMON         0x00208f5c        0x8 ../../../../nxtOSEK/ecrobot/../ecrobot/libecrobot.a(display.oram)
                0x00208f5c                display_x
                0x00208f60                display_y
 COMMON         0x00208f64      0x31c ../../../../nxtOSEK/ecrobot/../ecrobot/libecrobot.a(sound.oram)
                0x00208f64                sample
                0x00207e80                __bss_start__ = ADDR (.bss)
                0x00209280                __bss_end__ = (ADDR (.bss) + SIZEOF (.bss))
                0x00209280                PROVIDE (end, .)

.heap_area      0x00209280     0x68f8
                0x0020fb78                . = (. + (0x20fb78 - end))
 *fill*         0x00209280     0x68f8 00

.stack          0x0020fb78      0x488
                0x0020fbf8                . = (. + 0x80)
 *fill*         0x0020fb78       0x80 00
                0x0020fc00                . = ALIGN (0x10)
 *fill*         0x0020fbf8        0x8 00
                0x0020fc00                __irq_stack__ = .
                0x0020fc00                __system_stack_bottom__ = .
                0x00210000                . = (. + 0x400)
 *fill*         0x0020fc00      0x400 00
                0x00210000                . = ALIGN (0x10)
                0x00210000                __system_stack__ = .
                0x00210000                __system_stack_top__ = .
                0x0020fb78                __stack_start__ = ADDR (.stack)
                0x00210000                __stack_end__ = (ADDR (.stack) + SIZEOF (.stack))
OUTPUT(oka++_rxe.elf elf32-littlearm)

.comment        0x00000000      0x558
 .comment       0x00000000       0x12 build/kernel/alarm.o
 .comment       0x00000012       0x12 build/kernel/event.o
 .comment       0x00000024       0x12 build/kernel/interrupt.o
 .comment       0x00000036       0x12 build/kernel/osctl.o
 .comment       0x00000048       0x12 build/kernel/resource.o
 .comment       0x0000005a       0x12 build/kernel/task.o
 .comment       0x0000006c       0x12 build/kernel/task_manage.o
 .comment       0x0000007e       0x12 build/config/at91sam7s-gnu/cpu_config.o
 .comment       0x00000090       0x12 build/config/at91sam7s-gnu/lego_nxt/sys_config.o
 .comment       0x000000a2       0x12 build/./kernel_cfg.o
 .comment       0x000000b4       0x12 build/rtoscalls.o
 .comment       0x000000c6       0x12 build/syscalls.o
 .comment       0x000000d8       0x12 build/ecrobot_bluetooth.o
 .comment       0x000000ea       0x12 build/ecrobot_base.o
 .comment       0x000000fc       0x12 build/ecrobot.o
 .comment       0x0000010e       0x12 build/balancer_param.o
 .comment       0x00000120       0x12 build/syslib/at91sam7s-gnu/lego_nxt/hw_sys_timer.oram
 .comment       0x00000132       0x12 build/UI.o
 .comment       0x00000144       0x12 build/TouchSensor.o
 .comment       0x00000156       0x12 build/BlueTooth.o
 .comment       0x00000168       0x12 build/GyroSensor.o
 .comment       0x0000017a       0x12 build/LightSensor.o
 .comment       0x0000018c       0x12 build/Control.o
 .comment       0x0000019e       0x12 build/PID.o
 .comment       0x000001b0       0x12 build/BalanceControl.o
 .comment       0x000001c2       0x12 build/Motor.o
 .comment       0x000001d4       0x12 build/Tail.o
 .comment       0x000001e6       0x12 build/SonarSensor.o
 .comment       0x000001f8       0x12 build/Input.o
 .comment       0x0000020a       0x12 build/SlopeDetection.o
 .comment       0x0000021c       0x12 build/ColorDetection.o
 .comment       0x0000022e       0x12 build/ObstacleDetection.o
 .comment       0x00000240       0x12 build/Detection.o
 .comment       0x00000252       0x12 build/Section.o
 .comment       0x00000264       0x12 build/Main.o
 .comment       0x00000276       0x12 ../../../../nxtOSEK/ecrobot/../ecrobot/libecrobot++.a(New.o)
 .comment       0x00000288       0x12 ../../../../nxtOSEK/ecrobot/../ecrobot/libecrobot.a(ecrobot_HiTechnic.o)
 .comment       0x0000029a       0x12 ../../../../nxtOSEK/ecrobot/../ecrobot/libecrobot.a(ecrobot_interface.o)
 .comment       0x000002ac       0x12 ../../../../nxtOSEK/ecrobot/../ecrobot/libecrobot.a(colorsensor.o)
 .comment       0x000002be       0x12 ../../../../nxtOSEK/ecrobot/../ecrobot/libecrobot.a(osek_hook.o)
 .comment       0x000002d0       0x12 ../../../../nxtOSEK/ecrobot/../ecrobot/libecrobot.a(uart.oram)
 .comment       0x000002e2       0x12 ../../../../nxtOSEK/ecrobot/../ecrobot/libecrobot.a(systick.oram)
 .comment       0x000002f4       0x12 ../../../../nxtOSEK/ecrobot/../ecrobot/libecrobot.a(byte_fifo.oram)
 .comment       0x00000306       0x12 ../../../../nxtOSEK/ecrobot/../ecrobot/libecrobot.a(aic.oram)
 .comment       0x00000318       0x12 ../../../../nxtOSEK/ecrobot/../ecrobot/libecrobot.a(udp.oram)
 .comment       0x0000032a       0x12 ../../../../nxtOSEK/ecrobot/../ecrobot/libecrobot.a(twi.oram)
 .comment       0x0000033c       0x12 ../../../../nxtOSEK/ecrobot/../ecrobot/libecrobot.a(nxt_spi.oram)
 .comment       0x0000034e       0x12 ../../../../nxtOSEK/ecrobot/../ecrobot/libecrobot.a(nxt_motors.oram)
 .comment       0x00000360       0x12 ../../../../nxtOSEK/ecrobot/../ecrobot/libecrobot.a(data_abort.oram)
 .comment       0x00000372       0x12 ../../../../nxtOSEK/ecrobot/../ecrobot/libecrobot.a(display.oram)
 .comment       0x00000384       0x12 ../../../../nxtOSEK/ecrobot/../ecrobot/libecrobot.a(i2c.oram)
 .comment       0x00000396       0x12 ../../../../nxtOSEK/ecrobot/../ecrobot/libecrobot.a(sound.oram)
 .comment       0x000003a8       0x12 ../../../../nxtOSEK/ecrobot/../ecrobot/libecrobot.a(bt.oram)
 .comment       0x000003ba       0x12 ../../../../nxtOSEK/ecrobot/../ecrobot/libecrobot.a(nxt_avr.oram)
 .comment       0x000003cc       0x12 ../../../../nxtOSEK/ecrobot/../ecrobot/libecrobot.a(sensors.oram)
 .comment       0x000003de       0x12 ../../../../nxtOSEK/ecrobot/../ecrobot/libecrobot.a(sensors1.oram)
 .comment       0x000003f0       0x12 ../../../../nxtOSEK/ecrobot/../ecrobot/libecrobot.a(nxt_lcd.oram)
 .comment       0x00000402       0x12 ../../../../nxtOSEK/ecrobot/../ecrobot/libecrobot.a(flash_loader.oram)
 .comment       0x00000414       0x12 ../../../../nxtOSEK/ecrobot/../ecrobot/libecrobot.a(ecrobot_usb.o)
 .comment       0x00000426       0x12 ../../../../nxtOSEK/ecrobot/../ecrobot/libecrobot.a(flashprog.oram)
 .comment       0x00000438       0x12 ../../../../nxtOSEK/ecrobot/../ecrobot/libnxtway_gs_balancer.a(balancer.o)
 .comment       0x0000044a       0x12 /cygdrive/C/cygwin/GNUARM/bin/../lib/gcc/arm-elf/4.0.2/thumb/interwork/libgcc.a(_muldi3.o)
 .comment       0x0000045c       0x12 /cygdrive/C/cygwin/GNUARM/bin/../lib/gcc/arm-elf/4.0.2/thumb/interwork/libgcc.a(_divdi3.o)
 .comment       0x0000046e       0x12 /cygdrive/C/cygwin/GNUARM/bin/../lib/gcc/arm-elf/4.0.2/thumb/interwork/libgcc.a(_clz.o)
 .comment       0x00000480       0x12 /cygdrive/C/cygwin/GNUARM/bin/../lib/gcc/arm-elf/4.0.2/../../../../arm-elf/lib/thumb/interwork/libc.a(malloc.o)
 .comment       0x00000492       0x12 /cygdrive/C/cygwin/GNUARM/bin/../lib/gcc/arm-elf/4.0.2/../../../../arm-elf/lib/thumb/interwork/libc.a(mallocr.o)
 .comment       0x000004a4       0x12 /cygdrive/C/cygwin/GNUARM/bin/../lib/gcc/arm-elf/4.0.2/../../../../arm-elf/lib/thumb/interwork/libc.a(memcpy.o)
 .comment       0x000004b6       0x12 /cygdrive/C/cygwin/GNUARM/bin/../lib/gcc/arm-elf/4.0.2/../../../../arm-elf/lib/thumb/interwork/libc.a(memmove.o)
 .comment       0x000004c8       0x12 /cygdrive/C/cygwin/GNUARM/bin/../lib/gcc/arm-elf/4.0.2/../../../../arm-elf/lib/thumb/interwork/libc.a(memset.o)
 .comment       0x000004da       0x12 /cygdrive/C/cygwin/GNUARM/bin/../lib/gcc/arm-elf/4.0.2/../../../../arm-elf/lib/thumb/interwork/libc.a(mlock.o)
 .comment       0x000004ec       0x12 /cygdrive/C/cygwin/GNUARM/bin/../lib/gcc/arm-elf/4.0.2/../../../../arm-elf/lib/thumb/interwork/libc.a(strcmp.o)
 .comment       0x000004fe       0x12 /cygdrive/C/cygwin/GNUARM/bin/../lib/gcc/arm-elf/4.0.2/../../../../arm-elf/lib/thumb/interwork/libc.a(strcpy.o)
 .comment       0x00000510       0x12 /cygdrive/C/cygwin/GNUARM/bin/../lib/gcc/arm-elf/4.0.2/../../../../arm-elf/lib/thumb/interwork/libc.a(strlen.o)
 .comment       0x00000522       0x12 /cygdrive/C/cygwin/GNUARM/bin/../lib/gcc/arm-elf/4.0.2/../../../../arm-elf/lib/thumb/interwork/libc.a(strncpy.o)
 .comment       0x00000534       0x12 /cygdrive/C/cygwin/GNUARM/bin/../lib/gcc/arm-elf/4.0.2/../../../../arm-elf/lib/thumb/interwork/libc.a(freer.o)
 .comment       0x00000546       0x12 /cygdrive/C/cygwin/GNUARM/bin/../lib/gcc/arm-elf/4.0.2/../../../../arm-elf/lib/thumb/interwork/libc.a(impure.o)

.debug_line     0x00000000     0x166c
 .debug_line    0x00000000       0x70 /cygdrive/C/cygwin/GNUARM/bin/../lib/gcc/arm-elf/4.0.2/thumb/interwork/libgcc.a(_udivsi3.o)
 .debug_line    0x00000070       0x7c /cygdrive/C/cygwin/GNUARM/bin/../lib/gcc/arm-elf/4.0.2/thumb/interwork/libgcc.a(_divsi3.o)
 .debug_line    0x000000ec       0x68 /cygdrive/C/cygwin/GNUARM/bin/../lib/gcc/arm-elf/4.0.2/thumb/interwork/libgcc.a(_umodsi3.o)
 .debug_line    0x00000154       0x71 /cygdrive/C/cygwin/GNUARM/bin/../lib/gcc/arm-elf/4.0.2/thumb/interwork/libgcc.a(_modsi3.o)
 .debug_line    0x000001c5       0x5a /cygdrive/C/cygwin/GNUARM/bin/../lib/gcc/arm-elf/4.0.2/thumb/interwork/libgcc.a(_dvmd_tls.o)
 .debug_line    0x0000021f      0x162 /cygdrive/C/cygwin/GNUARM/bin/../lib/gcc/arm-elf/4.0.2/thumb/interwork/libgcc.a(_addsubdf3.o)
 .debug_line    0x00000381      0x177 /cygdrive/C/cygwin/GNUARM/bin/../lib/gcc/arm-elf/4.0.2/thumb/interwork/libgcc.a(_muldivdf3.o)
 .debug_line    0x000004f8       0xa4 /cygdrive/C/cygwin/GNUARM/bin/../lib/gcc/arm-elf/4.0.2/thumb/interwork/libgcc.a(_cmpdf2.o)
 .debug_line    0x0000059c       0x80 /cygdrive/C/cygwin/GNUARM/bin/../lib/gcc/arm-elf/4.0.2/thumb/interwork/libgcc.a(_truncdfsf2.o)
 .debug_line    0x0000061c      0x110 /cygdrive/C/cygwin/GNUARM/bin/../lib/gcc/arm-elf/4.0.2/thumb/interwork/libgcc.a(_addsubsf3.o)
 .debug_line    0x0000072c      0x11a /cygdrive/C/cygwin/GNUARM/bin/../lib/gcc/arm-elf/4.0.2/thumb/interwork/libgcc.a(_muldivsf3.o)
 .debug_line    0x00000846       0x98 /cygdrive/C/cygwin/GNUARM/bin/../lib/gcc/arm-elf/4.0.2/thumb/interwork/libgcc.a(_cmpsf2.o)
 .debug_line    0x000008de       0x6f /cygdrive/C/cygwin/GNUARM/bin/../lib/gcc/arm-elf/4.0.2/thumb/interwork/libgcc.a(_fixsfsi.o)
 .debug_line    0x0000094d       0x61 /cygdrive/C/cygwin/GNUARM/bin/../lib/gcc/arm-elf/4.0.2/thumb/interwork/libgcc.a(_muldi3.o)
 .debug_line    0x000009ae      0x122 /cygdrive/C/cygwin/GNUARM/bin/../lib/gcc/arm-elf/4.0.2/thumb/interwork/libgcc.a(_divdi3.o)
 .debug_line    0x00000ad0       0x48 /cygdrive/C/cygwin/GNUARM/bin/../lib/gcc/arm-elf/4.0.2/thumb/interwork/libgcc.a(_clz.o)
 .debug_line    0x00000b18       0xfd /cygdrive/C/cygwin/GNUARM/bin/../lib/gcc/arm-elf/4.0.2/../../../../arm-elf/lib/thumb/interwork/libc.a(malloc.o)
 .debug_line    0x00000c15      0x23d /cygdrive/C/cygwin/GNUARM/bin/../lib/gcc/arm-elf/4.0.2/../../../../arm-elf/lib/thumb/interwork/libc.a(mallocr.o)
 .debug_line    0x00000e52       0xc3 /cygdrive/C/cygwin/GNUARM/bin/../lib/gcc/arm-elf/4.0.2/../../../../arm-elf/lib/thumb/interwork/libc.a(memcpy.o)
 .debug_line    0x00000f15       0xce /cygdrive/C/cygwin/GNUARM/bin/../lib/gcc/arm-elf/4.0.2/../../../../arm-elf/lib/thumb/interwork/libc.a(memmove.o)
 .debug_line    0x00000fe3       0xd4 /cygdrive/C/cygwin/GNUARM/bin/../lib/gcc/arm-elf/4.0.2/../../../../arm-elf/lib/thumb/interwork/libc.a(memset.o)
 .debug_line    0x000010b7       0xf5 /cygdrive/C/cygwin/GNUARM/bin/../lib/gcc/arm-elf/4.0.2/../../../../arm-elf/lib/thumb/interwork/libc.a(mlock.o)
 .debug_line    0x000011ac       0x88 /cygdrive/C/cygwin/GNUARM/bin/../lib/gcc/arm-elf/4.0.2/../../../../arm-elf/lib/thumb/interwork/libc.a(strcmp.o)
 .debug_line    0x00001234       0x80 /cygdrive/C/cygwin/GNUARM/bin/../lib/gcc/arm-elf/4.0.2/../../../../arm-elf/lib/thumb/interwork/libc.a(strcpy.o)
 .debug_line    0x000012b4       0xaf /cygdrive/C/cygwin/GNUARM/bin/../lib/gcc/arm-elf/4.0.2/../../../../arm-elf/lib/thumb/interwork/libc.a(strlen.o)
 .debug_line    0x00001363       0xc2 /cygdrive/C/cygwin/GNUARM/bin/../lib/gcc/arm-elf/4.0.2/../../../../arm-elf/lib/thumb/interwork/libc.a(strncpy.o)
 .debug_line    0x00001425      0x164 /cygdrive/C/cygwin/GNUARM/bin/../lib/gcc/arm-elf/4.0.2/../../../../arm-elf/lib/thumb/interwork/libc.a(freer.o)
 .debug_line    0x00001589       0xe3 /cygdrive/C/cygwin/GNUARM/bin/../lib/gcc/arm-elf/4.0.2/../../../../arm-elf/lib/thumb/interwork/libc.a(impure.o)

.debug_info     0x00000000     0x4aea
 .debug_info    0x00000000       0x6a /cygdrive/C/cygwin/GNUARM/bin/../lib/gcc/arm-elf/4.0.2/thumb/interwork/libgcc.a(_udivsi3.o)
 .debug_info    0x0000006a       0x6a /cygdrive/C/cygwin/GNUARM/bin/../lib/gcc/arm-elf/4.0.2/thumb/interwork/libgcc.a(_divsi3.o)
 .debug_info    0x000000d4       0x6a /cygdrive/C/cygwin/GNUARM/bin/../lib/gcc/arm-elf/4.0.2/thumb/interwork/libgcc.a(_umodsi3.o)
 .debug_info    0x0000013e       0x6a /cygdrive/C/cygwin/GNUARM/bin/../lib/gcc/arm-elf/4.0.2/thumb/interwork/libgcc.a(_modsi3.o)
 .debug_info    0x000001a8       0x6a /cygdrive/C/cygwin/GNUARM/bin/../lib/gcc/arm-elf/4.0.2/thumb/interwork/libgcc.a(_dvmd_tls.o)
 .debug_info    0x00000212       0x69 /cygdrive/C/cygwin/GNUARM/bin/../lib/gcc/arm-elf/4.0.2/thumb/interwork/libgcc.a(_addsubdf3.o)
 .debug_info    0x0000027b       0x69 /cygdrive/C/cygwin/GNUARM/bin/../lib/gcc/arm-elf/4.0.2/thumb/interwork/libgcc.a(_muldivdf3.o)
 .debug_info    0x000002e4       0x69 /cygdrive/C/cygwin/GNUARM/bin/../lib/gcc/arm-elf/4.0.2/thumb/interwork/libgcc.a(_cmpdf2.o)
 .debug_info    0x0000034d       0x69 /cygdrive/C/cygwin/GNUARM/bin/../lib/gcc/arm-elf/4.0.2/thumb/interwork/libgcc.a(_truncdfsf2.o)
 .debug_info    0x000003b6       0x69 /cygdrive/C/cygwin/GNUARM/bin/../lib/gcc/arm-elf/4.0.2/thumb/interwork/libgcc.a(_addsubsf3.o)
 .debug_info    0x0000041f       0x69 /cygdrive/C/cygwin/GNUARM/bin/../lib/gcc/arm-elf/4.0.2/thumb/interwork/libgcc.a(_muldivsf3.o)
 .debug_info    0x00000488       0x69 /cygdrive/C/cygwin/GNUARM/bin/../lib/gcc/arm-elf/4.0.2/thumb/interwork/libgcc.a(_cmpsf2.o)
 .debug_info    0x000004f1       0x69 /cygdrive/C/cygwin/GNUARM/bin/../lib/gcc/arm-elf/4.0.2/thumb/interwork/libgcc.a(_fixsfsi.o)
 .debug_info    0x0000055a      0x20e /cygdrive/C/cygwin/GNUARM/bin/../lib/gcc/arm-elf/4.0.2/thumb/interwork/libgcc.a(_muldi3.o)
 .debug_info    0x00000768      0x758 /cygdrive/C/cygwin/GNUARM/bin/../lib/gcc/arm-elf/4.0.2/thumb/interwork/libgcc.a(_divdi3.o)
 .debug_info    0x00000ec0       0xc9 /cygdrive/C/cygwin/GNUARM/bin/../lib/gcc/arm-elf/4.0.2/thumb/interwork/libgcc.a(_clz.o)
 .debug_info    0x00000f89      0x955 /cygdrive/C/cygwin/GNUARM/bin/../lib/gcc/arm-elf/4.0.2/../../../../arm-elf/lib/thumb/interwork/libc.a(malloc.o)
 .debug_info    0x000018de      0xcbd /cygdrive/C/cygwin/GNUARM/bin/../lib/gcc/arm-elf/4.0.2/../../../../arm-elf/lib/thumb/interwork/libc.a(mallocr.o)
 .debug_info    0x0000259b      0x10d /cygdrive/C/cygwin/GNUARM/bin/../lib/gcc/arm-elf/4.0.2/../../../../arm-elf/lib/thumb/interwork/libc.a(memcpy.o)
 .debug_info    0x000026a8      0x13e /cygdrive/C/cygwin/GNUARM/bin/../lib/gcc/arm-elf/4.0.2/../../../../arm-elf/lib/thumb/interwork/libc.a(memmove.o)
 .debug_info    0x000027e6      0x111 /cygdrive/C/cygwin/GNUARM/bin/../lib/gcc/arm-elf/4.0.2/../../../../arm-elf/lib/thumb/interwork/libc.a(memset.o)
 .debug_info    0x000028f7      0x93e /cygdrive/C/cygwin/GNUARM/bin/../lib/gcc/arm-elf/4.0.2/../../../../arm-elf/lib/thumb/interwork/libc.a(mlock.o)
 .debug_info    0x00003235       0xd9 /cygdrive/C/cygwin/GNUARM/bin/../lib/gcc/arm-elf/4.0.2/../../../../arm-elf/lib/thumb/interwork/libc.a(strcmp.o)
 .debug_info    0x0000330e      0x10c /cygdrive/C/cygwin/GNUARM/bin/../lib/gcc/arm-elf/4.0.2/../../../../arm-elf/lib/thumb/interwork/libc.a(strcpy.o)
 .debug_info    0x0000341a       0xd5 /cygdrive/C/cygwin/GNUARM/bin/../lib/gcc/arm-elf/4.0.2/../../../../arm-elf/lib/thumb/interwork/libc.a(strlen.o)
 .debug_info    0x000034ef      0x126 /cygdrive/C/cygwin/GNUARM/bin/../lib/gcc/arm-elf/4.0.2/../../../../arm-elf/lib/thumb/interwork/libc.a(strncpy.o)
 .debug_info    0x00003615      0xbb3 /cygdrive/C/cygwin/GNUARM/bin/../lib/gcc/arm-elf/4.0.2/../../../../arm-elf/lib/thumb/interwork/libc.a(freer.o)
 .debug_info    0x000041c8      0x922 /cygdrive/C/cygwin/GNUARM/bin/../lib/gcc/arm-elf/4.0.2/../../../../arm-elf/lib/thumb/interwork/libc.a(impure.o)

.debug_abbrev   0x00000000      0xfcf
 .debug_abbrev  0x00000000       0x14 /cygdrive/C/cygwin/GNUARM/bin/../lib/gcc/arm-elf/4.0.2/thumb/interwork/libgcc.a(_udivsi3.o)
 .debug_abbrev  0x00000014       0x14 /cygdrive/C/cygwin/GNUARM/bin/../lib/gcc/arm-elf/4.0.2/thumb/interwork/libgcc.a(_divsi3.o)
 .debug_abbrev  0x00000028       0x14 /cygdrive/C/cygwin/GNUARM/bin/../lib/gcc/arm-elf/4.0.2/thumb/interwork/libgcc.a(_umodsi3.o)
 .debug_abbrev  0x0000003c       0x14 /cygdrive/C/cygwin/GNUARM/bin/../lib/gcc/arm-elf/4.0.2/thumb/interwork/libgcc.a(_modsi3.o)
 .debug_abbrev  0x00000050       0x14 /cygdrive/C/cygwin/GNUARM/bin/../lib/gcc/arm-elf/4.0.2/thumb/interwork/libgcc.a(_dvmd_tls.o)
 .debug_abbrev  0x00000064       0x14 /cygdrive/C/cygwin/GNUARM/bin/../lib/gcc/arm-elf/4.0.2/thumb/interwork/libgcc.a(_addsubdf3.o)
 .debug_abbrev  0x00000078       0x14 /cygdrive/C/cygwin/GNUARM/bin/../lib/gcc/arm-elf/4.0.2/thumb/interwork/libgcc.a(_muldivdf3.o)
 .debug_abbrev  0x0000008c       0x14 /cygdrive/C/cygwin/GNUARM/bin/../lib/gcc/arm-elf/4.0.2/thumb/interwork/libgcc.a(_cmpdf2.o)
 .debug_abbrev  0x000000a0       0x14 /cygdrive/C/cygwin/GNUARM/bin/../lib/gcc/arm-elf/4.0.2/thumb/interwork/libgcc.a(_truncdfsf2.o)
 .debug_abbrev  0x000000b4       0x14 /cygdrive/C/cygwin/GNUARM/bin/../lib/gcc/arm-elf/4.0.2/thumb/interwork/libgcc.a(_addsubsf3.o)
 .debug_abbrev  0x000000c8       0x14 /cygdrive/C/cygwin/GNUARM/bin/../lib/gcc/arm-elf/4.0.2/thumb/interwork/libgcc.a(_muldivsf3.o)
 .debug_abbrev  0x000000dc       0x14 /cygdrive/C/cygwin/GNUARM/bin/../lib/gcc/arm-elf/4.0.2/thumb/interwork/libgcc.a(_cmpsf2.o)
 .debug_abbrev  0x000000f0       0x14 /cygdrive/C/cygwin/GNUARM/bin/../lib/gcc/arm-elf/4.0.2/thumb/interwork/libgcc.a(_fixsfsi.o)
 .debug_abbrev  0x00000104       0xec /cygdrive/C/cygwin/GNUARM/bin/../lib/gcc/arm-elf/4.0.2/thumb/interwork/libgcc.a(_muldi3.o)
 .debug_abbrev  0x000001f0      0x174 /cygdrive/C/cygwin/GNUARM/bin/../lib/gcc/arm-elf/4.0.2/thumb/interwork/libgcc.a(_divdi3.o)
 .debug_abbrev  0x00000364       0x61 /cygdrive/C/cygwin/GNUARM/bin/../lib/gcc/arm-elf/4.0.2/thumb/interwork/libgcc.a(_clz.o)
 .debug_abbrev  0x000003c5      0x187 /cygdrive/C/cygwin/GNUARM/bin/../lib/gcc/arm-elf/4.0.2/../../../../arm-elf/lib/thumb/interwork/libc.a(malloc.o)
 .debug_abbrev  0x0000054c      0x214 /cygdrive/C/cygwin/GNUARM/bin/../lib/gcc/arm-elf/4.0.2/../../../../arm-elf/lib/thumb/interwork/libc.a(mallocr.o)
 .debug_abbrev  0x00000760       0x99 /cygdrive/C/cygwin/GNUARM/bin/../lib/gcc/arm-elf/4.0.2/../../../../arm-elf/lib/thumb/interwork/libc.a(memcpy.o)
 .debug_abbrev  0x000007f9       0x99 /cygdrive/C/cygwin/GNUARM/bin/../lib/gcc/arm-elf/4.0.2/../../../../arm-elf/lib/thumb/interwork/libc.a(memmove.o)
 .debug_abbrev  0x00000892       0x9a /cygdrive/C/cygwin/GNUARM/bin/../lib/gcc/arm-elf/4.0.2/../../../../arm-elf/lib/thumb/interwork/libc.a(memset.o)
 .debug_abbrev  0x0000092c      0x16a /cygdrive/C/cygwin/GNUARM/bin/../lib/gcc/arm-elf/4.0.2/../../../../arm-elf/lib/thumb/interwork/libc.a(mlock.o)
 .debug_abbrev  0x00000a96       0x71 /cygdrive/C/cygwin/GNUARM/bin/../lib/gcc/arm-elf/4.0.2/../../../../arm-elf/lib/thumb/interwork/libc.a(strcmp.o)
 .debug_abbrev  0x00000b07       0x80 /cygdrive/C/cygwin/GNUARM/bin/../lib/gcc/arm-elf/4.0.2/../../../../arm-elf/lib/thumb/interwork/libc.a(strcpy.o)
 .debug_abbrev  0x00000b87       0x8b /cygdrive/C/cygwin/GNUARM/bin/../lib/gcc/arm-elf/4.0.2/../../../../arm-elf/lib/thumb/interwork/libc.a(strlen.o)
 .debug_abbrev  0x00000c12       0x8d /cygdrive/C/cygwin/GNUARM/bin/../lib/gcc/arm-elf/4.0.2/../../../../arm-elf/lib/thumb/interwork/libc.a(strncpy.o)
 .debug_abbrev  0x00000c9f      0x1d9 /cygdrive/C/cygwin/GNUARM/bin/../lib/gcc/arm-elf/4.0.2/../../../../arm-elf/lib/thumb/interwork/libc.a(freer.o)
 .debug_abbrev  0x00000e78      0x157 /cygdrive/C/cygwin/GNUARM/bin/../lib/gcc/arm-elf/4.0.2/../../../../arm-elf/lib/thumb/interwork/libc.a(impure.o)

.debug_aranges  0x00000000      0x340
 .debug_aranges
                0x00000000       0x20 /cygdrive/C/cygwin/GNUARM/bin/../lib/gcc/arm-elf/4.0.2/thumb/interwork/libgcc.a(_udivsi3.o)
 .debug_aranges
                0x00000020       0x20 /cygdrive/C/cygwin/GNUARM/bin/../lib/gcc/arm-elf/4.0.2/thumb/interwork/libgcc.a(_divsi3.o)
 .debug_aranges
                0x00000040       0x20 /cygdrive/C/cygwin/GNUARM/bin/../lib/gcc/arm-elf/4.0.2/thumb/interwork/libgcc.a(_umodsi3.o)
 .debug_aranges
                0x00000060       0x20 /cygdrive/C/cygwin/GNUARM/bin/../lib/gcc/arm-elf/4.0.2/thumb/interwork/libgcc.a(_modsi3.o)
 .debug_aranges
                0x00000080       0x20 /cygdrive/C/cygwin/GNUARM/bin/../lib/gcc/arm-elf/4.0.2/thumb/interwork/libgcc.a(_dvmd_tls.o)
 .debug_aranges
                0x000000a0       0x20 /cygdrive/C/cygwin/GNUARM/bin/../lib/gcc/arm-elf/4.0.2/thumb/interwork/libgcc.a(_addsubdf3.o)
 .debug_aranges