Archive member included because of file (symbol)

../../../../nxtOSEK/ecrobot/../ecrobot/libecrobot++.a(New.o)
                              build/Main.o (_Znwm)
../../../../nxtOSEK/ecrobot/../ecrobot/libecrobot.a(ecrobot_HiTechnic.o)
                              build/GyroSensor.o (ecrobot_get_gyro_sensor)
../../../../nxtOSEK/ecrobot/../ecrobot/libecrobot.a(ecrobot_interface.o)
                              build/Main.o (ecrobot_set_light_sensor_active)
../../../../nxtOSEK/ecrobot/../ecrobot/libecrobot.a(colorsensor.o)
                              ../../../../nxtOSEK/ecrobot/../ecrobot/libecrobot.a(ecrobot_interface.o) (colorsensor_init)
../../../../nxtOSEK/ecrobot/../ecrobot/libecrobot.a(osek_hook.o)
                              build/kernel/osctl.o (StartupHook)
../../../../nxtOSEK/ecrobot/../ecrobot/libecrobot.a(uart.oram)
                              build/config/at91sam7s-gnu/irq.oram (uart_isr_C_0)
../../../../nxtOSEK/ecrobot/../ecrobot/libecrobot.a(systick.oram)
                              build/syslib/at91sam7s-gnu/lego_nxt/hw_sys_timer.oram (systick_low_priority_C)
../../../../nxtOSEK/ecrobot/../ecrobot/libecrobot.a(byte_fifo.oram)
                              ../../../../nxtOSEK/ecrobot/../ecrobot/libecrobot.a(uart.oram) (byte_fifo_put)
../../../../nxtOSEK/ecrobot/../ecrobot/libecrobot.a(aic.oram)
                              ../../../../nxtOSEK/ecrobot/../ecrobot/libecrobot.a(uart.oram) (aic_set_vector)
../../../../nxtOSEK/ecrobot/../ecrobot/libecrobot.a(udp.oram)
                              build/config/at91sam7s-gnu/irq.oram (udp_isr_C)
../../../../nxtOSEK/ecrobot/../ecrobot/libecrobot.a(twi.oram)
                              build/config/at91sam7s-gnu/irq.oram (twi_isr_C)
../../../../nxtOSEK/ecrobot/../ecrobot/libecrobot.a(nxt_spi.oram)
                              build/config/at91sam7s-gnu/irq.oram (spi_isr_C)
../../../../nxtOSEK/ecrobot/../ecrobot/libecrobot.a(nxt_motors.oram)
                              build/Motor.o (nxt_motor_get_count)
../../../../nxtOSEK/ecrobot/../ecrobot/libecrobot.a(data_abort.oram)
                              build/ecrobot_init.o (data_abort_C)
../../../../nxtOSEK/ecrobot/../ecrobot/libecrobot.a(display.oram)
                              build/rtoscalls.o (display_update)
../../../../nxtOSEK/ecrobot/../ecrobot/libecrobot.a(i2c.oram)
                              build/config/at91sam7s-gnu/irq.oram (i2c_timer_isr_C)
../../../../nxtOSEK/ecrobot/../ecrobot/libecrobot.a(sound.oram)
                              ../../../../nxtOSEK/ecrobot/../ecrobot/libecrobot.a(ecrobot_interface.o) (sound_get_time)
../../../../nxtOSEK/ecrobot/../ecrobot/libecrobot.a(bt.oram)
                              build/ecrobot_bluetooth.o (bt_send)
../../../../nxtOSEK/ecrobot/../ecrobot/libecrobot.a(nxt_avr.oram)
                              build/ecrobot_base.o (nxt_avr_power_down)
../../../../nxtOSEK/ecrobot/../ecrobot/libecrobot.a(sensors.oram)
                              ../../../../nxtOSEK/ecrobot/../ecrobot/libecrobot.a(ecrobot_interface.o) (unset_digi0)
../../../../nxtOSEK/ecrobot/../ecrobot/libecrobot.a(sensors1.oram)
                              ../../../../nxtOSEK/ecrobot/../ecrobot/libecrobot.a(colorsensor.o) (sensor_pins)
../../../../nxtOSEK/ecrobot/../ecrobot/libecrobot.a(nxt_lcd.oram)
                              ../../../../nxtOSEK/ecrobot/../ecrobot/libecrobot.a(display.oram) (nxt_lcd_force_update)
../../../../nxtOSEK/ecrobot/../ecrobot/libecrobot.a(flash_loader.oram)
                              build/ecrobot_base.o (set_flash_request)
../../../../nxtOSEK/ecrobot/../ecrobot/libecrobot.a(interrupts.oram)
                              ../../../../nxtOSEK/ecrobot/../ecrobot/libecrobot.a(uart.oram) (interrupts_get_and_disable)
../../../../nxtOSEK/ecrobot/../ecrobot/libecrobot.a(nxtosek_splash.obmp)
                              build/ecrobot_base.o (nxtosek_splash_bmp_start)
../../../../nxtOSEK/ecrobot/../ecrobot/libecrobot.a(ecrobot_usb.o)
                              ../../../../nxtOSEK/ecrobot/../ecrobot/libecrobot.a(flash_loader.oram) (ecrobot_init_usb)
../../../../nxtOSEK/ecrobot/../ecrobot/libecrobot.a(flashprog.oram)
                              ../../../../nxtOSEK/ecrobot/../ecrobot/libecrobot.a(flash_loader.oram) (flash_write_page)
../../../../nxtOSEK/ecrobot/../ecrobot/libnxtway_gs_balancer.a(balancer.o)
                              build/BalanceControl.o (balance_control)
/cygdrive/C/cygwin/GNUARM/bin/../lib/gcc/arm-elf/4.0.2/thumb/interwork/libgcc.a(_udivsi3.o)
                              build/ecrobot_base.o (__udivsi3)
/cygdrive/C/cygwin/GNUARM/bin/../lib/gcc/arm-elf/4.0.2/thumb/interwork/libgcc.a(_divsi3.o)
                              ../../../../nxtOSEK/ecrobot/../ecrobot/libecrobot.a(uart.oram) (__divsi3)
/cygdrive/C/cygwin/GNUARM/bin/../lib/gcc/arm-elf/4.0.2/thumb/interwork/libgcc.a(_umodsi3.o)
                              ../../../../nxtOSEK/ecrobot/../ecrobot/libecrobot.a(display.oram) (__umodsi3)
[...]
Memory Configuration

Name             Origin             Length             Attributes
rom              0x00108000         0x00038000
vector_ram       0x00200000         0x00000040
ram              0x00200040         0x0000ffc0
*default*        0x00000000         0xffffffff

Linker script and memory map

LOAD build/kernel/alarm.o
LOAD build/kernel/event.o
LOAD build/kernel/interrupt.o
LOAD build/kernel/osctl.o
LOAD build/kernel/resource.o
LOAD build/kernel/task.o
LOAD build/kernel/task_manage.o
LOAD build/config/at91sam7s-gnu/cpu_config.o
LOAD build/config/at91sam7s-gnu/lego_nxt/sys_config.o
LOAD build/./kernel_cfg.o
LOAD build/rtoscalls.o
LOAD build/syscalls.o
LOAD build/ecrobot_bluetooth.o
LOAD build/ecrobot_base.o
LOAD build/ecrobot.o
LOAD build/balancer_param.o
LOAD build/syslib/at91sam7s-gnu/lego_nxt/hw_sys_timer.oram
LOAD build/UI.o
LOAD build/TouchSensor.o
LOAD build/BlueTooth.o
LOAD build/GyroSensor.o
LOAD build/LightSensor.o
LOAD build/Control.o
LOAD build/PID.o
LOAD build/BalanceControl.o
LOAD build/Motor.o
LOAD build/Tail.o
LOAD build/SonarSensor.o
LOAD build/Input.o
LOAD build/SlopeDetection.o
LOAD build/ColorDetection.o
LOAD build/ObstacleDetection.o
LOAD build/Detection.o
LOAD build/Section.o
LOAD build/Main.o
LOAD build/nxtvm/platform/nxt/vectors.o
LOAD build/config/at91sam7s-gnu/debug.o
LOAD build/config/at91sam7s-gnu/lego_nxt/sys_support.o
LOAD build/nxt_binary_header.o
LOAD build/nxt_entry_point.o
LOAD build/ecrobot_init.o
LOAD build/config/at91sam7s-gnu/cpu_support.oram
LOAD build/config/at91sam7s-gnu/irq.oram
LOAD ../../../../nxtOSEK/ecrobot/../ecrobot/libecrobot++.a
LOAD ../../../../nxtOSEK/ecrobot/../ecrobot/libecrobot.a
LOAD ../../../../nxtOSEK/ecrobot/../ecrobot/libnxtway_gs_balancer.a
LOAD /cygdrive/C/cygwin/GNUARM/bin/../lib/gcc/arm-elf/4.0.2/../../../../arm-elf/lib/thumb/interwork/libstdc++.a
LOAD /cygdrive/C/cygwin/GNUARM/bin/../lib/gcc/arm-elf/4.0.2/../../../../arm-elf/lib/thumb/interwork/libm.a
LOAD /cygdrive/C/cygwin/GNUARM/bin/../lib/gcc/arm-elf/4.0.2/thumb/interwork/libgcc.a
LOAD /cygdrive/C/cygwin/GNUARM/bin/../lib/gcc/arm-elf/4.0.2/../../../../arm-elf/lib/thumb/interwork/libc.a
LOAD /cygdrive/C/cygwin/GNUARM/bin/../lib/gcc/arm-elf/4.0.2/thumb/interwork/libgcc.a
                0x00108000                ROM_BASE = 0x108000
                0x00038000                ROM_SIZE = 0x38000
                0x00200000                RAM_BASE = 0x200000
                0x00010000                RAM_SIZE = 0x10000

.vectors        0x00200000       0x40 load address 0x00108000
 vectors.o(*.text *.text.*)
 .text          0x00200000       0x38 build/nxtvm/platform/nxt/vectors.o
                0x00200040                . = ALIGN (0x10)
 *fill*         0x00200038        0x8 00
                0x00200000                __vectors_ram_start__ = ADDR (.vectors)
                0x00200040                __vectors_ram_end__ = (ADDR (.vectors) + SIZEOF (.vectors))
                0x00108000                __vectors_load_start__ = LOADADDR (.vectors)
                0x00108040                __vectors_load_end__ = (LOADADDR (.vectors) + SIZEOF (.vectors))

.init           0x00108040      0x280
 *ecrobot_init.o(*.text *.text.*)
 .text          0x00108040      0x280 build/ecrobot_init.o
                0x001081ac                undef_handler
                0x001081b4                prefetch_abort_handler
                0x001081b8                data_abort_handler
                0x001081b0                swi_handler
                0x00108040                start
                0x001081d4                reserved_handler
                0x001082c0                . = ALIGN (0x10)

.ram_text       0x00200040     0x35a0 load address 0x001082c0
                0x00200040                . = ALIGN (0x10)
 *.oram(*.text *.text.* *.glue*)
 .text.systick_isr_C1
                0x00200040       0x28 build/syslib/at91sam7s-gnu/lego_nxt/hw_sys_timer.oram
                0x00200040                systick_isr_C1
 *fill*         0x00200068        0x8 00
 .text          0x00200070      0x230 build/config/at91sam7s-gnu/cpu_support.oram
                0x00200250                enable_int
                0x002000f0                start_dispatch
                0x002000b0                activate_r
                0x00200248                disable_int
                0x00200070                dispatch
                0x0020021c                int_return
                0x002001ac                _interrupt
                0x002000e0                exit_and_dispatch
                0x00200258                nop
 .text          0x002002a0      0x2c0 build/config/at91sam7s-gnu/irq.oram
                0x002002a0                default_isr
                0x0020042c                uart_isr_entry_0
                0x002003ac                twi_isr_entry
                0x0020046c                uart_isr_entry_1
                0x0020036c                spi_isr_entry
                0x002002ec                systick_low_priority_entry
                0x002004ac                nxt_motor_isr_entry
                0x002004ec                i2c_timer_isr_entry
                0x002002a0                default_fiq
                0x002002a4                systick_isr_entry
                0x002002a0                spurious_isr
                0x002003ec                sound_isr_entry
                0x0020032c                udp_isr_entry
 .text.uart_process_isr
                0x00200560       0x88 ../../../../nxtOSEK/ecrobot/../ecrobot/libecrobot.a(uart.oram)
 .text.uart_isr_C_0
                0x002005e8        0xc ../../../../nxtOSEK/ecrobot/../ecrobot/libecrobot.a(uart.oram)
                0x002005e8                uart_isr_C_0
 .text.uart_isr_C_1
                0x002005f4        0xc ../../../../nxtOSEK/ecrobot/../ecrobot/libecrobot.a(uart.oram)
                0x002005f4                uart_isr_C_1
 .text.systick_low_priority_C
                0x00200600       0x1c ../../../../nxtOSEK/ecrobot/../ecrobot/libecrobot.a(systick.oram)
                0x00200600                systick_low_priority_C
 .text.systick_isr_C
                0x0020061c       0x24 ../../../../nxtOSEK/ecrobot/../ecrobot/libecrobot.a(systick.oram)
                0x0020061c                systick_isr_C
 .text.systick_get_ms
                0x00200640        0xc ../../../../nxtOSEK/ecrobot/../ecrobot/libecrobot.a(systick.oram)
                0x00200640                systick_get_ms
 .text.systick_wait_ms
                0x0020064c       0x1c ../../../../nxtOSEK/ecrobot/../ecrobot/libecrobot.a(systick.oram)
                0x0020064c                systick_wait_ms
 .text.systick_wait_ns
                0x00200668       0x1c ../../../../nxtOSEK/ecrobot/../ecrobot/libecrobot.a(systick.oram)
                0x00200668                systick_wait_ns
 .text.systick_init
                0x00200684       0x58 ../../../../nxtOSEK/ecrobot/../ecrobot/libecrobot.a(systick.oram)
                0x00200684                systick_init
 .text.systick_suspend
                0x002006dc        0xc ../../../../nxtOSEK/ecrobot/../ecrobot/libecrobot.a(systick.oram)
                0x002006dc                systick_suspend
 .text.systick_resume
                0x002006e8        0xc ../../../../nxtOSEK/ecrobot/../ecrobot/libecrobot.a(systick.oram)
                0x002006e8                systick_resume
 .text.byte_fifo_put
                0x002006f4       0x58 ../../../../nxtOSEK/ecrobot/../ecrobot/libecrobot.a(byte_fifo.oram)
                0x002006f4                byte_fifo_put
 .text.byte_fifo_get
                0x0020074c       0x2c ../../../../nxtOSEK/ecrobot/../ecrobot/libecrobot.a(byte_fifo.oram)
                0x0020074c                byte_fifo_get
 .text.aic_initialise
                0x00200778       0x5c ../../../../nxtOSEK/ecrobot/../ecrobot/libecrobot.a(aic.oram)
                0x00200778                aic_initialise
 .text.aic_set_vector
                0x002007d4       0x30 ../../../../nxtOSEK/ecrobot/../ecrobot/libecrobot.a(aic.oram)
                0x002007d4                aic_set_vector
 .text.aic_mask_on
                0x00200804       0x24 ../../../../nxtOSEK/ecrobot/../ecrobot/libecrobot.a(aic.oram)
                0x00200804                aic_mask_on
 .text.aic_mask_off
                0x00200828       0x24 ../../../../nxtOSEK/ecrobot/../ecrobot/libecrobot.a(aic.oram)
                0x00200828                aic_mask_off
 .text.aic_clear
                0x0020084c       0x24 ../../../../nxtOSEK/ecrobot/../ecrobot/libecrobot.a(aic.oram)
                0x0020084c                aic_clear
 .text.reset    0x00200870       0x4c ../../../../nxtOSEK/ecrobot/../ecrobot/libecrobot.a(udp.oram)
 .text.udp_send_null
                0x002008bc       0x2c ../../../../nxtOSEK/ecrobot/../ecrobot/libecrobot.a(udp.oram)
 .text.udp_send_stall
                0x002008e8       0x2c ../../../../nxtOSEK/ecrobot/../ecrobot/libecrobot.a(udp.oram)
 .text.udp_send_control
                0x00200914       0x60 ../../../../nxtOSEK/ecrobot/../ecrobot/libecrobot.a(udp.oram)
 .text.udp_isr_C
                0x00200974      0x7d0 ../../../../nxtOSEK/ecrobot/../ecrobot/libecrobot.a(udp.oram)
                0x00200974                udp_isr_C
 .text.twi_status
                0x00201144       0x20 ../../../../nxtOSEK/ecrobot/../ecrobot/libecrobot.a(twi.oram)
                0x00201144                twi_status
 .text.twi_isr_C
                0x00201164       0xc4 ../../../../nxtOSEK/ecrobot/../ecrobot/libecrobot.a(twi.oram)
                0x00201164                twi_isr_C
 .text.twi_reset
                0x00201228       0xb4 ../../../../nxtOSEK/ecrobot/../ecrobot/libecrobot.a(twi.oram)
                0x00201228                twi_reset
 .text.twi_init
                0x002012dc       0x4c ../../../../nxtOSEK/ecrobot/../ecrobot/libecrobot.a(twi.oram)
                0x002012dc                twi_init
 .text.twi_start_read
                0x00201328       0x60 ../../../../nxtOSEK/ecrobot/../ecrobot/libecrobot.a(twi.oram)
                0x00201328                twi_start_read
 .text.twi_start_write
                0x00201388       0x64 ../../../../nxtOSEK/ecrobot/../ecrobot/libecrobot.a(twi.oram)
                0x00201388                twi_start_write
 .text.spi_set_mode
                0x002013ec       0x40 ../../../../nxtOSEK/ecrobot/../ecrobot/libecrobot.a(nxt_spi.oram)
 .text.spi_isr_C
                0x0020142c       0x8c ../../../../nxtOSEK/ecrobot/../ecrobot/libecrobot.a(nxt_spi.oram)
                0x0020142c                spi_isr_C
 .text.nxt_spi_init
                0x002014b8      0x12c ../../../../nxtOSEK/ecrobot/../ecrobot/libecrobot.a(nxt_spi.oram)
                0x002014b8                nxt_spi_init
 .text.nxt_spi_write
                0x002015e4       0x44 ../../../../nxtOSEK/ecrobot/../ecrobot/libecrobot.a(nxt_spi.oram)
                0x002015e4                nxt_spi_write
 .text.nxt_spi_set_display
                0x00201628       0x10 ../../../../nxtOSEK/ecrobot/../ecrobot/libecrobot.a(nxt_spi.oram)
                0x00201628                nxt_spi_set_display
 .text.nxt_spi_refresh
                0x00201638       0x24 ../../../../nxtOSEK/ecrobot/../ecrobot/libecrobot.a(nxt_spi.oram)
                0x00201638                nxt_spi_refresh
 .text.nxt_motor_get_count
                0x0020165c       0x14 ../../../../nxtOSEK/ecrobot/../ecrobot/libecrobot.a(nxt_motors.oram)
                0x0020165c                nxt_motor_get_count
 .text.nxt_motor_set_count
                0x00201670       0x10 ../../../../nxtOSEK/ecrobot/../ecrobot/libecrobot.a(nxt_motors.oram)
                0x00201670                nxt_motor_set_count
 .text.nxt_motor_set_speed
                0x00201680       0x34 ../../../../nxtOSEK/ecrobot/../ecrobot/libecrobot.a(nxt_motors.oram)
                0x00201680                nxt_motor_set_speed
 .text.nxt_motor_1kHz_process
                0x002016b4       0x28 ../../../../nxtOSEK/ecrobot/../ecrobot/libecrobot.a(nxt_motors.oram)
                0x002016b4                nxt_motor_1kHz_process
 .text.nxt_motor_quad_decode
                0x002016dc       0x30 ../../../../nxtOSEK/ecrobot/../ecrobot/libecrobot.a(nxt_motors.oram)
                0x002016dc                nxt_motor_quad_decode
 .text.nxt_motor_isr_C
                0x0020170c       0x88 ../../../../nxtOSEK/ecrobot/../ecrobot/libecrobot.a(nxt_motors.oram)
                0x0020170c                nxt_motor_isr_C
 .text.nxt_motor_init
                0x00201794       0x68 ../../../../nxtOSEK/ecrobot/../ecrobot/libecrobot.a(nxt_motors.oram)
                0x00201794                nxt_motor_init
 .text.data_abort_C
                0x002017fc       0x7c ../../../../nxtOSEK/ecrobot/../ecrobot/libecrobot.a(data_abort.oram)
                0x002017fc                data_abort_C
 .text.display_update
                0x00201878       0x14 ../../../../nxtOSEK/ecrobot/../ecrobot/libecrobot.a(display.oram)
                0x00201878                display_update
 .text.display_force_update
                0x0020188c        0xc ../../../../nxtOSEK/ecrobot/../ecrobot/libecrobot.a(display.oram)
                0x0020188c                display_force_update
 .text.display_clear
                0x00201898       0x24 ../../../../nxtOSEK/ecrobot/../ecrobot/libecrobot.a(display.oram)
                0x00201898                display_clear
 .text.display_goto_xy
                0x002018bc       0x14 ../../../../nxtOSEK/ecrobot/../ecrobot/libecrobot.a(display.oram)
                0x002018bc                display_goto_xy
 .text.display_char
                0x002018d0       0x60 ../../../../nxtOSEK/ecrobot/../ecrobot/libecrobot.a(display.oram)
                0x002018d0                display_char
 .text.display_string
                0x00201930       0x3c ../../../../nxtOSEK/ecrobot/../ecrobot/libecrobot.a(display.oram)
                0x00201930                display_string
 .text.display_hex
                0x0020196c       0x50 ../../../../nxtOSEK/ecrobot/../ecrobot/libecrobot.a(display.oram)
                0x0020196c                display_hex
 .text.display_unsigned_worker
                0x002019bc       0x70 ../../../../nxtOSEK/ecrobot/../ecrobot/libecrobot.a(display.oram)
 .text.display_unsigned
                0x00201a2c        0xc ../../../../nxtOSEK/ecrobot/../ecrobot/libecrobot.a(display.oram)
                0x00201a2c                display_unsigned
 .text.display_bitmap_copy
                0x00201a38       0x5c ../../../../nxtOSEK/ecrobot/../ecrobot/libecrobot.a(display.oram)
                0x00201a38                display_bitmap_copy
 .text.display_init
                0x00201a94       0x50 ../../../../nxtOSEK/ecrobot/../ecrobot/libecrobot.a(display.oram)
                0x00201a94                display_init
 .text.i2c_timer_isr_C
                0x00201ae4      0x314 ../../../../nxtOSEK/ecrobot/../ecrobot/libecrobot.a(i2c.oram)
                0x00201ae4                i2c_timer_isr_C
 .text.i2c_disable
                0x00201df8       0x20 ../../../../nxtOSEK/ecrobot/../ecrobot/libecrobot.a(i2c.oram)
                0x00201df8                i2c_disable
 .text.i2c_enable
                0x00201e18       0x40 ../../../../nxtOSEK/ecrobot/../ecrobot/libecrobot.a(i2c.oram)
                0x00201e18                i2c_enable
 .text.i2c_init
                0x00201e58       0xa4 ../../../../nxtOSEK/ecrobot/../ecrobot/libecrobot.a(i2c.oram)
                0x00201e58                i2c_init
 .text.i2c_busy
                0x00201efc       0x24 ../../../../nxtOSEK/ecrobot/../ecrobot/libecrobot.a(i2c.oram)
                0x00201efc                i2c_busy
 .text.i2c_start_transaction
                0x00201f20      0x108 ../../../../nxtOSEK/ecrobot/../ecrobot/libecrobot.a(i2c.oram)
                0x00201f20                i2c_start_transaction
 .text.sound_fill_sample_buffer
                0x00202028       0xe4 ../../../../nxtOSEK/ecrobot/../ecrobot/libecrobot.a(sound.oram)
                0x00202028                sound_fill_sample_buffer
 .text.sound_init
                0x0020210c       0xa0 ../../../../nxtOSEK/ecrobot/../ecrobot/libecrobot.a(sound.oram)
                0x0020210c                sound_init
 .text.sound_isr_C
                0x002021ac      0x144 ../../../../nxtOSEK/ecrobot/../ecrobot/libecrobot.a(sound.oram)
                0x002021ac                sound_isr_C
 .text.bt_init  0x002022f0      0x1c0 ../../../../nxtOSEK/ecrobot/../ecrobot/libecrobot.a(bt.oram)
                0x002022f0                bt_init
 .text.bt_send  0x002024b0       0x5c ../../../../nxtOSEK/ecrobot/../ecrobot/libecrobot.a(bt.oram)
                0x002024b0                bt_send
 .text.bt_write
                0x0020250c       0x70 ../../../../nxtOSEK/ecrobot/../ecrobot/libecrobot.a(bt.oram)
                0x0020250c                bt_write
 .text.bt_pending
                0x0020257c       0x50 ../../../../nxtOSEK/ecrobot/../ecrobot/libecrobot.a(bt.oram)
                0x0020257c                bt_pending
 .text.bt_clear_arm7_cmd
                0x002025cc       0x10 ../../../../nxtOSEK/ecrobot/../ecrobot/libecrobot.a(bt.oram)
                0x002025cc                bt_clear_arm7_cmd
 .text.bt_set_arm7_cmd
                0x002025dc       0x10 ../../../../nxtOSEK/ecrobot/../ecrobot/libecrobot.a(bt.oram)
                0x002025dc                bt_set_arm7_cmd
 .text.bt_receive
                0x002025ec      0x160 ../../../../nxtOSEK/ecrobot/../ecrobot/libecrobot.a(bt.oram)
                0x002025ec                bt_receive
 .text.bt_read  0x0020274c      0x140 ../../../../nxtOSEK/ecrobot/../ecrobot/libecrobot.a(bt.oram)
                0x0020274c                bt_read
 .text.bt_reset
                0x0020288c       0x84 ../../../../nxtOSEK/ecrobot/../ecrobot/libecrobot.a(bt.oram)
                0x0020288c                bt_reset
 .text.nxt_avr_power_down
                0x00202910       0x10 ../../../../nxtOSEK/ecrobot/../ecrobot/libecrobot.a(nxt_avr.oram)
                0x00202910                nxt_avr_power_down
 .text.nxt_avr_link_init
                0x00202920       0x20 ../../../../nxtOSEK/ecrobot/../ecrobot/libecrobot.a(nxt_avr.oram)
                0x00202920                nxt_avr_link_init
 .text.nxt_avr_init
                0x00202940       0x6c ../../../../nxtOSEK/ecrobot/../ecrobot/libecrobot.a(nxt_avr.oram)
                0x00202940                nxt_avr_init
 .text.nxt_avr_1kHz_update
                0x002029ac      0x1cc ../../../../nxtOSEK/ecrobot/../ecrobot/libecrobot.a(nxt_avr.oram)
                0x002029ac                nxt_avr_1kHz_update
 .text.buttons_get
                0x00202b78        0xc ../../../../nxtOSEK/ecrobot/../ecrobot/libecrobot.a(nxt_avr.oram)
                0x00202b78                buttons_get
 .text.battery_voltage
                0x00202b84       0x28 ../../../../nxtOSEK/ecrobot/../ecrobot/libecrobot.a(nxt_avr.oram)
                0x00202b84                battery_voltage
 .text.sensor_adc
                0x00202bac       0x20 ../../../../nxtOSEK/ecrobot/../ecrobot/libecrobot.a(nxt_avr.oram)
                0x00202bac                sensor_adc
 .text.nxt_avr_set_motor
                0x00202bcc       0x34 ../../../../nxtOSEK/ecrobot/../ecrobot/libecrobot.a(nxt_avr.oram)
                0x00202bcc                nxt_avr_set_motor
 .text.nxt_avr_set_input_power
                0x00202c00       0x3c ../../../../nxtOSEK/ecrobot/../ecrobot/libecrobot.a(nxt_avr.oram)
                0x00202c00                nxt_avr_set_input_power
 .text.unset_digi0
                0x00202c3c       0x44 ../../../../nxtOSEK/ecrobot/../ecrobot/libecrobot.a(sensors.oram)
                0x00202c3c                unset_digi0
 .text.unset_digi1
                0x00202c80       0x44 ../../../../nxtOSEK/ecrobot/../ecrobot/libecrobot.a(sensors.oram)
                0x00202c80                unset_digi1
 .text.init_sensors
                0x00202cc4       0x4c ../../../../nxtOSEK/ecrobot/../ecrobot/libecrobot.a(sensors.oram)
                0x00202cc4                init_sensors
 .text.set_digi0
                0x00202d10       0x44 ../../../../nxtOSEK/ecrobot/../ecrobot/libecrobot.a(sensors.oram)
                0x00202d10                set_digi0
 .text.nxt_lcd_command
                0x00202d54       0x18 ../../../../nxtOSEK/ecrobot/../ecrobot/libecrobot.a(nxt_lcd.oram)
                0x00202d54                nxt_lcd_command
 .text.nxt_lcd_set_col
                0x00202d6c       0x24 ../../../../nxtOSEK/ecrobot/../ecrobot/libecrobot.a(nxt_lcd.oram)
                0x00202d6c                nxt_lcd_set_col
 .text.nxt_lcd_set_multiplex_rate
                0x00202d90       0x18 ../../../../nxtOSEK/ecrobot/../ecrobot/libecrobot.a(nxt_lcd.oram)
                0x00202d90                nxt_lcd_set_multiplex_rate
 .text.nxt_lcd_set_page_address
                0x00202da8       0x18 ../../../../nxtOSEK/ecrobot/../ecrobot/libecrobot.a(nxt_lcd.oram)
                0x00202da8                nxt_lcd_set_page_address
 .text.nxt_lcd_set_pot
                0x00202dc0       0x1c ../../../../nxtOSEK/ecrobot/../ecrobot/libecrobot.a(nxt_lcd.oram)
                0x00202dc0                nxt_lcd_set_pot
 .text.nxt_lcd_set_ram_address_control
                0x00202ddc       0x18 ../../../../nxtOSEK/ecrobot/../ecrobot/libecrobot.a(nxt_lcd.oram)
                0x00202ddc                nxt_lcd_set_ram_address_control
 .text.nxt_lcd_enable
                0x00202df4       0x14 ../../../../nxtOSEK/ecrobot/../ecrobot/libecrobot.a(nxt_lcd.oram)
                0x00202df4                nxt_lcd_enable
 .text.nxt_lcd_set_map_control
                0x00202e08       0x18 ../../../../nxtOSEK/ecrobot/../ecrobot/libecrobot.a(nxt_lcd.oram)
                0x00202e08                nxt_lcd_set_map_control
 .text.nxt_lcd_reset
                0x00202e20        0xc ../../../../nxtOSEK/ecrobot/../ecrobot/libecrobot.a(nxt_lcd.oram)
                0x00202e20                nxt_lcd_reset
 .text.nxt_lcd_set_bias_ratio
                0x00202e2c       0x18 ../../../../nxtOSEK/ecrobot/../ecrobot/libecrobot.a(nxt_lcd.oram)
                0x00202e2c                nxt_lcd_set_bias_ratio
 .text.nxt_lcd_force_update
                0x00202e44       0x30 ../../../../nxtOSEK/ecrobot/../ecrobot/libecrobot.a(nxt_lcd.oram)
                0x00202e44                nxt_lcd_force_update
 .text.nxt_lcd_update
                0x00202e74        0xc ../../../../nxtOSEK/ecrobot/../ecrobot/libecrobot.a(nxt_lcd.oram)
                0x00202e74                nxt_lcd_update
 .text.nxt_lcd_power_up
                0x00202e80       0x48 ../../../../nxtOSEK/ecrobot/../ecrobot/libecrobot.a(nxt_lcd.oram)
                0x00202e80                nxt_lcd_power_up
 .text.nxt_lcd_power_down
                0x00202ec8        0xc ../../../../nxtOSEK/ecrobot/../ecrobot/libecrobot.a(nxt_lcd.oram)
                0x00202ec8                nxt_lcd_power_down
 .text.nxt_lcd_init
                0x00202ed4       0x18 ../../../../nxtOSEK/ecrobot/../ecrobot/libecrobot.a(nxt_lcd.oram)
                0x00202ed4                nxt_lcd_init
 .text.verify_flash_page
                0x00202eec       0x34 ../../../../nxtOSEK/ecrobot/../ecrobot/libecrobot.a(flash_loader.oram)
 .text.set_flash_request
                0x00202f20       0x38 ../../../../nxtOSEK/ecrobot/../ecrobot/libecrobot.a(flash_loader.oram)
                0x00202f20                set_flash_request
 .text.nxt_device_init
                0x00202f58       0x38 ../../../../nxtOSEK/ecrobot/../ecrobot/libecrobot.a(flash_loader.oram)
                0x00202f58                nxt_device_init
 .text          0x00202f90       0x68 ../../../../nxtOSEK/ecrobot/../ecrobot/libecrobot.a(interrupts.oram)
                0x00202fe8                fiq_enable
                0x00202f90                interrupts_get_and_disable
                0x00202fc4                fiq_get_and_disable
                0x00202fb4                interrupts_enable
 .text.flash_write_page
                0x00202ff8       0xc0 ../../../../nxtOSEK/ecrobot/../ecrobot/libecrobot.a(flashprog.oram)
                0x00202ff8                flash_write_page
                0x002030c0                . = ALIGN (0x10)
 *fill*         0x002030b8        0x8 00
 *.oram(*.rodata *.rodata.*)
 .rodata.ld     0x002030c0        0x4 ../../../../nxtOSEK/ecrobot/../ecrobot/libecrobot.a(udp.oram)
 .rodata.cfd    0x002030c4       0x20 ../../../../nxtOSEK/ecrobot/../ecrobot/libecrobot.a(udp.oram)
 .rodata.dd     0x002030e4       0x12 ../../../../nxtOSEK/ecrobot/../ecrobot/libecrobot.a(udp.oram)
 *fill*         0x002030f6        0x2 00
 .rodata.str1.4
                0x002030f8       0x22 ../../../../nxtOSEK/ecrobot/../ecrobot/libecrobot.a(data_abort.oram)
                                 0x24 (size before relaxing)
 .rodata.font   0x0020311a      0x280 ../../../../nxtOSEK/ecrobot/../ecrobot/libecrobot.a(display.oram)
 *fill*         0x0020339a        0x2 00
 .rodata.str1.4
                0x0020339c       0x76 ../../../../nxtOSEK/ecrobot/../ecrobot/libecrobot.a(display.oram)
                                 0x78 (size before relaxing)
 *fill*         0x00203412        0x2 00
 .rodata.i2c_pin
                0x00203414       0x20 ../../../../nxtOSEK/ecrobot/../ecrobot/libecrobot.a(i2c.oram)
 .rodata.i2c_timer_isr_C
                0x00203434       0x38 ../../../../nxtOSEK/ecrobot/../ecrobot/libecrobot.a(i2c.oram)
 .rodata.silence
                0x0020346c       0x40 ../../../../nxtOSEK/ecrobot/../ecrobot/libecrobot.a(sound.oram)
                0x0020346c                silence
 .rodata.sample_pattern
                0x002034ac       0x84 ../../../../nxtOSEK/ecrobot/../ecrobot/libecrobot.a(sound.oram)
                0x002034ac                sample_pattern
 .rodata        0x00203530        0xc ../../../../nxtOSEK/ecrobot/../ecrobot/libecrobot.a(sound.oram)
 .rodata.avr_brainwash_string
                0x0020353c       0x30 ../../../../nxtOSEK/ecrobot/../ecrobot/libecrobot.a(nxt_avr.oram)
                0x0020353c                avr_brainwash_string
 .rodata.nxt_avr_1kHz_update
                0x0020356c       0x14 ../../../../nxtOSEK/ecrobot/../ecrobot/libecrobot.a(nxt_avr.oram)
 .rodata.C.33.1823
                0x00203580       0x10 ../../../../nxtOSEK/ecrobot/../ecrobot/libecrobot.a(sensors.oram)
 .rodata.C.37.1857
                0x00203590       0x10 ../../../../nxtOSEK/ecrobot/../ecrobot/libecrobot.a(sensors.oram)
 .rodata.C.31.1806
                0x002035a0       0x10 ../../../../nxtOSEK/ecrobot/../ecrobot/libecrobot.a(sensors.oram)
 .rodata.str1.4
                0x002035b0       0x23 ../../../../nxtOSEK/ecrobot/../ecrobot/libecrobot.a(flash_loader.oram)
                                 0x24 (size before relaxing)
                0x002035e0                . = ALIGN (0x10)
 *fill*         0x002035d3        0xd 00
                0x00200040                __ramtext_ram_start__ = ADDR (.ram_text)
                0x002035e0                __ramtext_ram_end__ = (ADDR (.ram_text) + SIZEOF (.ram_text))
                0x001082c0                __ramtext_load_start__ = LOADADDR (.ram_text)
                0x0010b860                __ramtext_load_end__ = (__ramtext_load_start__ + SIZEOF (.ram_text))

.wav_data       0x0010b860        0x0
 *.owav(*.data *.data.*)
                0x0010b860                . = ALIGN (0x10)

.bmp_data       0x0010b860      0x440
 *.obmp(*.data *.data.*)
 .data          0x0010b860      0x43e ../../../../nxtOSEK/ecrobot/../ecrobot/libecrobot.a(nxtosek_splash.obmp)
                0x0010b860                nxtosek_splash_bmp_start
                0x0010bc9e                nxtosek_splash_bmp_end
                0x0010bca0                . = ALIGN (0x10)
 *fill*         0x0010bc9e        0x2 00

.spr_data       0x0010bca0        0x0
 *.ospr(*.data *.data.*)
                0x0010bca0                . = ALIGN (0x10)

.data           0x002035e0      0x8b0 load address 0x0010bca0
 *(*.data *.data.*)
 .data.bt_status
                0x002035e0        0x1 build/ecrobot_bluetooth.o
 *fill*         0x002035e1        0x3 00
 .data.K_THETADOT
                0x002035e4        0x4 build/balancer_param.o
                0x002035e4                K_THETADOT
 .data.K_PHIDOT
                0x002035e8        0x4 build/balancer_param.o
                0x002035e8                K_PHIDOT
 .data.K_I      0x002035ec        0x4 build/balancer_param.o
                0x002035ec                K_I
 .data.K_F      0x002035f0       0x10 build/balancer_param.o
                0x002035f0                K_F
 .data.A_R      0x00203600        0x4 build/balancer_param.o
                0x00203600                A_R
 .data.A_D      0x00203604        0x4 build/balancer_param.o
                0x00203604                A_D
 .data._ZZN11SonarSensor14getSonarSensorEvE5sonar
                0x00203608        0x4 build/SonarSensor.o
 .data.distance_state
                0x0020360c       0x10 ../../../../nxtOSEK/ecrobot/../ecrobot/libecrobot.a(ecrobot_interface.o)
 .data.deviceStatus
                0x0020361c        0x1 ../../../../nxtOSEK/ecrobot/../ecrobot/libecrobot.a(ecrobot_interface.o)
 .bss.data.2752
                0x0020361d        0x4 ../../../../nxtOSEK/ecrobot/../ecrobot/libecrobot.a(ecrobot_interface.o)
 .data.named    0x00203621       0x22 ../../../../nxtOSEK/ecrobot/../ecrobot/libecrobot.a(udp.oram)
 .data.snd      0x00203643       0x1a ../../../../nxtOSEK/ecrobot/../ecrobot/libecrobot.a(udp.oram)
 *fill*         0x0020365d        0x3 00
 .data.configured
                0x00203660        0x4 ../../../../nxtOSEK/ecrobot/../ecrobot/libecrobot.a(udp.oram)
 .data.mode     0x00203664        0x1 ../../../../nxtOSEK/ecrobot/../ecrobot/libecrobot.a(nxt_spi.oram)
                0x00203664                mode
 *fill*         0x00203665        0x3 00
 .bss.data      0x00203668        0x4 ../../../../nxtOSEK/ecrobot/../ecrobot/libecrobot.a(nxt_spi.oram)
                0x00203668                data
 .data.display_auto_update
                0x0020366c        0x4 ../../../../nxtOSEK/ecrobot/../ecrobot/libecrobot.a(display.oram)
                0x0020366c                display_auto_update
 .data.display_buffer
                0x00203670        0x4 ../../../../nxtOSEK/ecrobot/../ecrobot/libecrobot.a(display.oram)
 .data          0x00203674      0x410 /cygdrive/C/cygwin/GNUARM/bin/../lib/gcc/arm-elf/4.0.2/../../../../arm-elf/lib/thumb/interwork/libc.a(mallocr.o)
                0x00203674                __malloc_sbrk_base
                0x0020367c                __malloc_av_
                0x00203678                __malloc_trim_threshold
 .data          0x00203a84      0x404 /cygdrive/C/cygwin/GNUARM/bin/../lib/gcc/arm-elf/4.0.2/../../../../arm-elf/lib/thumb/interwork/libc.a(impure.o)
                0x00203e84                _impure_ptr
                0x00203e90                . = ALIGN (0x10)
 *fill*         0x00203e88        0x8 00
                0x002035e0                __data_ram_start__ = ADDR (.data)
                0x00203e90                __data_ram_end__ = (ADDR (.data) + SIZEOF (.data))
                0x0010bca0                __data_load_start__ = LOADADDR (.data)
                0x0010c550                __data_load_end__ = (__data_load_start__ + SIZEOF (.data))

.text           0x0010c550     0x38f0
                0x0010c550                . = ALIGN (0x10)
 *(*.text *.text.* *.glue*)
 .text.StartOS  0x0010c550       0x58 build/kernel/osctl.o
                0x0010c550                StartOS
 .text.call_pretaskhook
                0x0010c5a8       0x24 build/kernel/osctl.o
                0x0010c5a8                call_pretaskhook
 .text.call_posttaskhook
                0x0010c5cc       0x24 build/kernel/osctl.o
                0x0010c5cc                call_posttaskhook
 .text.make_runnable
                0x0010c5f0       0xac build/kernel/task.o
                0x0010c5f0                make_runnable
 .text.make_active
                0x0010c69c       0x78 build/kernel/task.o
                0x0010c69c                make_active
 .text.task_initialize
                0x0010c714       0x90 build/kernel/task.o
                0x0010c714                task_initialize
 .text.cpu_initialize
                0x0010c7a4        0x4 build/config/at91sam7s-gnu/cpu_config.o
                0x0010c7a4                cpu_initialize
 .text.sys_initialize
                0x0010c7a8        0x4 build/config/at91sam7s-gnu/lego_nxt/sys_config.o
                0x0010c7a8                sys_initialize
 .text.object_initialize
                0x0010c7ac        0xc build/./kernel_cfg.o
                0x0010c7ac                object_initialize
 .text._sbrk_r  0x0010c7b8       0x1c build/syscalls.o
                0x0010c7b8                _sbrk_r
 .text.ecrobot_get_bt_status
                0x0010c7d4       0x10 build/ecrobot_bluetooth.o
                0x0010c7d4                ecrobot_get_bt_status
 .text.close_bt_stream
                0x0010c7e4       0x2c build/ecrobot_bluetooth.o
 .text.ecrobot_send_bt_packet
                0x0010c810       0x54 build/ecrobot_bluetooth.o
                0x0010c810                ecrobot_send_bt_packet
 .text.ecrobot_send_bt
                0x0010c864       0x40 build/ecrobot_bluetooth.o
                0x0010c864                ecrobot_send_bt
 .text.ecrobot_read_bt
                0x0010c8a4       0x24 build/ecrobot_bluetooth.o
                0x0010c8a4                ecrobot_read_bt
 .text.send_bt_command
                0x0010c8c8       0x40 build/ecrobot_bluetooth.o
 .text.ecrobot_term_bt_connection
                0x0010c908       0x48 build/ecrobot_bluetooth.o
                0x0010c908                ecrobot_term_bt_connection
 .text.ecrobot_set_bt_device_name
                0x0010c950       0x4c build/ecrobot_bluetooth.o
                0x0010c950                ecrobot_set_bt_device_name
 .text.read_bt_command
                0x0010c99c       0x5c build/ecrobot_bluetooth.o
 .text.open_bt_stream
                0x0010c9f8       0x50 build/ecrobot_bluetooth.o
 .text.ecrobot_get_bt_device_address
                0x0010ca48       0x6c build/ecrobot_bluetooth.o
                0x0010ca48                ecrobot_get_bt_device_address
 .text.ecrobot_init_bt_slave
                0x0010cab4      0x12c build/ecrobot_bluetooth.o
                0x0010cab4                ecrobot_init_bt_slave
 .text.init_OS_flag
                0x0010cbe0        0xc build/ecrobot_base.o
                0x0010cbe0                init_OS_flag
 .text.set_OS_flag
                0x0010cbec        0xc build/ecrobot_base.o
                0x0010cbec                set_OS_flag
 .text.get_OS_flag
                0x0010cbf8        0xc build/ecrobot_base.o
                0x0010cbf8                get_OS_flag
 .text.cpp_constructor
                0x0010cc04       0x28 build/ecrobot_base.o
                0x0010cc04                cpp_constructor
 .text.cpp_destructor
                0x0010cc2c       0x28 build/ecrobot_base.o
                0x0010cc2c                cpp_destructor
 .text.execution_mode
                0x0010cc54       0x24 build/ecrobot_base.o
                0x0010cc54                execution_mode
 .text.show_main_screen
                0x0010cc78       0x48 build/ecrobot_base.o
                0x0010cc78                show_main_screen
 .text.display_status_bar
                0x0010ccc0       0x5c build/ecrobot_base.o
                0x0010ccc0                display_status_bar
 .text.restart_NXT
                0x0010cd1c       0x2c build/ecrobot_base.o
                0x0010cd1c                restart_NXT
 .text.shutdown_NXT
                0x0010cd48       0x2c build/ecrobot_base.o
                0x0010cd48                shutdown_NXT
 .text.check_NXT_buttons
                0x0010cd74       0x38 build/ecrobot_base.o
                0x0010cd74                check_NXT_buttons
 .text.show_bd_addr
                0x0010cdac       0x44 build/ecrobot_base.o
                0x0010cdac                show_bd_addr
 .text.show_bd_addr_err
                0x0010cdf0       0x3c build/ecrobot_base.o
                0x0010cdf0                show_bd_addr_err
 .text.add_status_info
                0x0010ce2c       0x68 build/ecrobot_base.o
                0x0010ce2c                add_status_info
 .text.show_splash_screen
                0x0010ce94       0x90 build/ecrobot_base.o
                0x0010ce94                show_splash_screen
 .text.main     0x0010cf24      0x10c build/ecrobot.o
                0x0010cf24                main
 .text._ZN2UIC1E11TouchSensor9BlueTooth11LightSensor4Tail
                0x0010d030       0x1c build/UI.o
                0x0010d030                _ZN2UIC1E11TouchSensor9BlueTooth11LightSensor4Tail
 .text._ZN2UI9waitStartEf
                0x0010d04c       0x40 build/UI.o
                0x0010d04c                _ZN2UI9waitStartEf
 .text._ZN2UI12courseSelectEv
                0x0010d08c       0x6c build/UI.o
                0x0010d08c                _ZN2UI12courseSelectEv
 .text._ZN11TouchSensorC1E13SENSOR_PORT_T
                0x0010d0f8        0x4 build/TouchSensor.o
                0x0010d0f8                _ZN11TouchSensorC1E13SENSOR_PORT_T
 .text._ZN11TouchSensor9isPressedEv
                0x0010d0fc        0xc build/TouchSensor.o
                0x0010d0fc                _ZN11TouchSensor9isPressedEv
 .text._ZN9BlueToothC1Ev
                0x0010d108        0x4 build/BlueTooth.o
                0x0010d108                _ZN9BlueToothC1Ev
 .text._ZN9BlueTooth10isReceivedEv
                0x0010d10c       0x4c build/BlueTooth.o
                0x0010d10c                _ZN9BlueTooth10isReceivedEv
 .text._ZN10GyroSensorC1E13SENSOR_PORT_T
                0x0010d158        0x4 build/GyroSensor.o
                0x0010d158                _ZN10GyroSensorC1E13SENSOR_PORT_T
 .text._ZN10GyroSensor13getGyroSensorEv
                0x0010d15c       0x28 build/GyroSensor.o
                0x0010d15c                _ZN10GyroSensor13getGyroSensorEv
 .text._ZN11LightSensorC1E13SENSOR_PORT_T
                0x0010d184        0x4 build/LightSensor.o
                0x0010d184                _ZN11LightSensorC1E13SENSOR_PORT_T
 .text._ZN11LightSensor13getBrightnessEv
                0x0010d188        0xc build/LightSensor.o
                0x0010d188                _ZN11LightSensor13getBrightnessEv
 .text._ZN7ControlC1E3PID14BalanceControl5MotorS2_4Tail
                0x0010d194       0x3c build/Control.o
                0x0010d194                _ZN7ControlC1E3PID14BalanceControl5MotorS2_4Tail
 .text._ZN7Control8basicRunEffffitfift
                0x0010d1d0      0x160 build/Control.o
                0x0010d1d0                _ZN7Control8basicRunEffffitfift
 .text._ZN3PIDC1Ev
                0x0010d330       0x10 build/PID.o
                0x0010d330                _ZN3PIDC1Ev
 .text._ZN3PID11calculationEttf
                0x0010d340      0x144 build/PID.o
                0x0010d340                _ZN3PID11calculationEttf
 .text._ZN14BalanceControlC1Ev
                0x0010d484        0xc build/BalanceControl.o
                0x0010d484                _ZN14BalanceControlC1Ev
 .text._ZN14BalanceControl11calculationEccffll
                0x0010d490       0x7c build/BalanceControl.o
                0x0010d490                _ZN14BalanceControl11calculationEccffll
 .text._ZN14BalanceControl7getLeftEv
                0x0010d50c        0x8 build/BalanceControl.o
                0x0010d50c                _ZN14BalanceControl7getLeftEv
 .text._ZN14BalanceControl8getRightEv
                0x0010d514        0x8 build/BalanceControl.o
                0x0010d514                _ZN14BalanceControl8getRightEv
 .text._ZN5MotorC1E12MOTOR_PORT_T
                0x0010d51c        0x4 build/Motor.o
                0x0010d51c                _ZN5MotorC1E12MOTOR_PORT_T
 .text._ZN5Motor8getAngleEv
                0x0010d520        0xc build/Motor.o
                0x0010d520                _ZN5Motor8getAngleEv
 .text._ZN5Motor6rotateEf
                0x0010d52c       0x1c build/Motor.o
                0x0010d52c                _ZN5Motor6rotateEf
 .text._ZN4TailC1E12MOTOR_PORT_T
                0x0010d548        0x4 build/Tail.o
                0x0010d548                _ZN4TailC1E12MOTOR_PORT_T
 .text._ZN4Tail7controlEf
                0x0010d54c       0x64 build/Tail.o
                0x0010d54c                _ZN4Tail7controlEf
 .text._ZN11SonarSensorC1E13SENSOR_PORT_T
                0x0010d5b0        0x8 build/SonarSensor.o
                0x0010d5b0                _ZN11SonarSensorC1E13SENSOR_PORT_T
 .text._ZN11SonarSensor14getSonarSensorEv
                0x0010d5b8       0x2c build/SonarSensor.o
                0x0010d5b8                _ZN11SonarSensor14getSonarSensorEv
 .text._ZN5InputC1E10GyroSensor11LightSensor11SonarSensor
                0x0010d5e4       0x30 build/Input.o
                0x0010d5e4                _ZN5InputC1E10GyroSensor11LightSensor11SonarSensor
 .text._ZN5Input8getInputEv
                0x0010d614       0x24 build/Input.o
                0x0010d614                _ZN5Input8getInputEv
 .text._ZN5Input13getGyroSensorEv
                0x0010d638        0x4 build/Input.o
                0x0010d638                _ZN5Input13getGyroSensorEv
 .text._ZN5Input13getBrightnessEv
                0x0010d63c        0x4 build/Input.o
                0x0010d63c                _ZN5Input13getBrightnessEv
 .text._ZN5Input14getSonarSensorEv
                0x0010d640        0x4 build/Input.o
                0x0010d640                _ZN5Input14getSonarSensorEv
 .text._ZN14SlopeDetectionC1Ev
                0x0010d644        0x4 build/SlopeDetection.o
                0x0010d644                _ZN14SlopeDetectionC1Ev
 .text._ZN14SlopeDetection6detectEffi
                0x0010d648       0x34 build/SlopeDetection.o
                0x0010d648                _ZN14SlopeDetection6detectEffi
 .text._ZN14ColorDetectionC1Ev
                0x0010d67c        0x4 build/ColorDetection.o
                0x0010d67c                _ZN14ColorDetectionC1Ev
 .text._ZN14ColorDetection6detectEtti
                0x0010d680       0x20 build/ColorDetection.o
                0x0010d680                _ZN14ColorDetection6detectEtti
 .text._ZN17ObstacleDetectionC1Ev
                0x0010d6a0        0x8 build/ObstacleDetection.o
                0x0010d6a0                _ZN17ObstacleDetectionC1Ev
 .text._ZN17ObstacleDetection6detectEl
                0x0010d6a8       0x20 build/ObstacleDetection.o
                0x0010d6a8                _ZN17ObstacleDetection6detectEl
 .text._ZN9DetectionC1Efitiii14SlopeDetection14ColorDetection17ObstacleDetection
                0x0010d6c8       0x24 build/Detection.o
                0x0010d6c8                _ZN9DetectionC1Efitiii14SlopeDetection14ColorDetection17ObstacleDetection
 .text._ZN9Detection6detectEftl
                0x0010d6ec       0x74 build/Detection.o
                0x0010d6ec                _ZN9Detection6detectEftl
 .text.ecrobot_device_initialize
                0x0010d760       0x30 build/Main.o
                0x0010d760                ecrobot_device_initialize
 .text.ecrobot_device_terminate
                0x0010d790       0x18 build/Main.o
                0x0010d790                ecrobot_device_terminate
 .text.user_1ms_isr_type2
                0x0010d7a8        0x4 build/Main.o
                0x0010d7a8                user_1ms_isr_type2
 .text.TaskMainTaskMain
                0x0010d7ac      0x200 build/Main.o
                0x0010d7ac                TaskMainTaskMain
 .text._Znwm    0x0010d9ac       0x10 ../../../../nxtOSEK/ecrobot/../ecrobot/libecrobot++.a(New.o)
                0x0010d9ac                _Znwm
 .text.ecrobot_get_gyro_sensor
                0x0010d9bc       0x14 ../../../../nxtOSEK/ecrobot/../ecrobot/libecrobot.a(ecrobot_HiTechnic.o)
                0x0010d9bc                ecrobot_get_gyro_sensor
 .text.ecrobot_set_light_sensor_active
                0x0010d9d0       0x10 ../../../../nxtOSEK/ecrobot/../ecrobot/libecrobot.a(ecrobot_interface.o)
                0x0010d9d0                ecrobot_set_light_sensor_active
 .text.ecrobot_set_light_sensor_inactive
                0x0010d9e0       0x10 ../../../../nxtOSEK/ecrobot/../ecrobot/libecrobot.a(ecrobot_interface.o)
                0x0010d9e0                ecrobot_set_light_sensor_inactive
 .text.ecrobot_get_light_sensor
                0x0010d9f0       0x14 ../../../../nxtOSEK/ecrobot/../ecrobot/libecrobot.a(ecrobot_interface.o)
                0x0010d9f0                ecrobot_get_light_sensor
 .text.ecrobot_get_touch_sensor
                0x0010da04       0x20 ../../../../nxtOSEK/ecrobot/../ecrobot/libecrobot.a(ecrobot_interface.o)
                0x0010da04                ecrobot_get_touch_sensor
 .text.ecrobot_init_i2c
                0x0010da24       0x2c ../../../../nxtOSEK/ecrobot/../ecrobot/libecrobot.a(ecrobot_interface.o)
                0x0010da24                ecrobot_init_i2c
 .text.getDistance
                0x0010da50       0x20 ../../../../nxtOSEK/ecrobot/../ecrobot/libecrobot.a(ecrobot_interface.o)
 .text.ecrobot_init_sonar_sensor
                0x0010da70       0x10 ../../../../nxtOSEK/ecrobot/../ecrobot/libecrobot.a(ecrobot_interface.o)
                0x0010da70                ecrobot_init_sonar_sensor
 .text.ecrobot_get_sonar_sensor
                0x0010da80       0x48 ../../../../nxtOSEK/ecrobot/../ecrobot/libecrobot.a(ecrobot_interface.o)
                0x0010da80                ecrobot_get_sonar_sensor
 .text.ecrobot_term_sonar_sensor
                0x0010dac8       0x20 ../../../../nxtOSEK/ecrobot/../ecrobot/libecrobot.a(ecrobot_interface.o)
                0x0010dac8                ecrobot_term_sonar_sensor
 .text.ecrobot_get_battery_voltage
                0x0010dae8        0xc ../../../../nxtOSEK/ecrobot/../ecrobot/libecrobot.a(ecrobot_interface.o)
                0x0010dae8                ecrobot_get_battery_voltage
 .text.ecrobot_get_button_state
                0x0010daf4        0xc ../../../../nxtOSEK/ecrobot/../ecrobot/libecrobot.a(ecrobot_interface.o)
                0x0010daf4                ecrobot_get_button_state
 .text.ecrobot_init_nxtstate
                0x0010db00       0x28 ../../../../nxtOSEK/ecrobot/../ecrobot/libecrobot.a(ecrobot_interface.o)
                0x0010db00                ecrobot_init_nxtstate
 .text.ecrobot_poll_nxtstate
                0x0010db28       0x64 ../../../../nxtOSEK/ecrobot/../ecrobot/libecrobot.a(ecrobot_interface.o)
                0x0010db28                ecrobot_poll_nxtstate
 .text.ecrobot_setDeviceInitialized
                0x0010db8c       0x18 ../../../../nxtOSEK/ecrobot/../ecrobot/libecrobot.a(ecrobot_interface.o)
                0x0010db8c                ecrobot_setDeviceInitialized
 .text.ecrobot_initDeviceStatus
                0x0010dba4        0xc ../../../../nxtOSEK/ecrobot/../ecrobot/libecrobot.a(ecrobot_interface.o)
                0x0010dba4                ecrobot_initDeviceStatus
 .text.ecrobot_bt_data_logger
                0x0010dbb0       0x84 ../../../../nxtOSEK/ecrobot/../ecrobot/libecrobot.a(ecrobot_interface.o)
                0x0010dbb0                ecrobot_bt_data_logger
 .text.ecrobot_bmp2lcd
                0x0010dc34      0x1c8 ../../../../nxtOSEK/ecrobot/../ecrobot/libecrobot.a(ecrobot_interface.o)
                0x0010dc34                ecrobot_bmp2lcd
 .text.ecrobot_is_ENTER_button_pressed
                0x0010ddfc       0x10 ../../../../nxtOSEK/ecrobot/../ecrobot/libecrobot.a(ecrobot_interface.o)
                0x0010ddfc                ecrobot_is_ENTER_button_pressed
 .text.ecrobot_is_RUN_button_pressed
                0x0010de0c       0x10 ../../../../nxtOSEK/ecrobot/../ecrobot/libecrobot.a(ecrobot_interface.o)
                0x0010de0c                ecrobot_is_RUN_button_pressed
 .text.StartupHook
                0x0010de1c        0x4 ../../../../nxtOSEK/ecrobot/../ecrobot/libecrobot.a(osek_hook.o)
                0x0010de1c                StartupHook
 .text.PreTaskHook
                0x0010de20        0x4 ../../../../nxtOSEK/ecrobot/../ecrobot/libecrobot.a(osek_hook.o)
                0x0010de20                PreTaskHook
 .text.PostTaskHook
                0x0010de24        0x4 ../../../../nxtOSEK/ecrobot/../ecrobot/libecrobot.a(osek_hook.o)
                0x0010de24                PostTaskHook
 .text.balance_control
                0x0010de28      0x254 ../../../../nxtOSEK/ecrobot/../ecrobot/libnxtway_gs_balancer.a(balancer.o)
                0x0010de28                balance_control
 .text.balance_init
                0x0010e07c       0x30 ../../../../nxtOSEK/ecrobot/../ecrobot/libnxtway_gs_balancer.a(balancer.o)
                0x0010e07c                balance_init
 .text          0x0010e0ac       0x8c /cygdrive/C/cygwin/GNUARM/bin/../lib/gcc/arm-elf/4.0.2/thumb/interwork/libgcc.a(_udivsi3.o)
                0x0010e0ac                __udivsi3
                0x0010e128                __aeabi_uidivmod
 .text          0x0010e138       0xc8 /cygdrive/C/cygwin/GNUARM/bin/../lib/gcc/arm-elf/4.0.2/thumb/interwork/libgcc.a(_umodsi3.o)
                0x0010e138                __umodsi3
 .text          0x0010e200        0x4 /cygdrive/C/cygwin/GNUARM/bin/../lib/gcc/arm-elf/4.0.2/thumb/interwork/libgcc.a(_dvmd_tls.o)
                0x0010e200                __aeabi_ldiv0
                0x0010e200                __div0
                0x0010e200                __aeabi_idiv0
 .text          0x0010e204      0x430 /cygdrive/C/cygwin/GNUARM/bin/../lib/gcc/arm-elf/4.0.2/thumb/interwork/libgcc.a(_addsubdf3.o)
                0x0010e5c8                __floatdidf
                0x0010e548                __floatsidf
                0x0010e520                __aeabi_ui2d
                0x0010e204                __aeabi_drsub
                0x0010e574                __extendsfdf2
                0x0010e210                __adddf3
                0x0010e520                __floatunsidf
                0x0010e210                __aeabi_dadd
                0x0010e5b4                __aeabi_ul2d
                0x0010e20c                __aeabi_dsub
                0x0010e5b4                __floatundidf
                0x0010e548                __aeabi_i2d
                0x0010e5c8                __aeabi_l2d
                0x0010e574                __aeabi_f2d
                0x0010e20c                __subdf3
 .text          0x0010e634      0x49c /cygdrive/C/cygwin/GNUARM/bin/../lib/gcc/arm-elf/4.0.2/thumb/interwork/libgcc.a(_muldivdf3.o)
                0x0010e8c4                __aeabi_ddiv
                0x0010e634                __aeabi_dmul
                0x0010e8c4                __divdf3
                0x0010e634                __muldf3
 .text          0x0010ead0       0xa0 /cygdrive/C/cygwin/GNUARM/bin/../lib/gcc/arm-elf/4.0.2/thumb/interwork/libgcc.a(_truncdfsf2.o)
                0x0010ead0                __aeabi_d2f
                0x0010ead0                __truncdfsf2
 .text          0x0010eb70      0x2ac /cygdrive/C/cygwin/GNUARM/bin/../lib/gcc/arm-elf/4.0.2/thumb/interwork/libgcc.a(_addsubsf3.o)
                0x0010eb7c                __aeabi_fadd
                0x0010eb78                __subsf3
                0x0010ed40                __aeabi_i2f
                0x0010eb78                __aeabi_fsub
                0x0010ed70                __floatdisf
                0x0010ed40                __floatsisf
                0x0010ed60                __floatundisf
                0x0010ed38                __aeabi_ui2f
                0x0010ed70                __aeabi_l2f
                0x0010ed60                __aeabi_ul2f
                0x0010eb70                __aeabi_frsub
                0x0010ed38                __floatunsisf
                0x0010eb7c                __addsf3
 .text          0x0010ee1c      0x2f8 /cygdrive/C/cygwin/GNUARM/bin/../lib/gcc/arm-elf/4.0.2/thumb/interwork/libgcc.a(_muldivsf3.o)
                0x0010efb4                __divsf3
                0x0010efb4                __aeabi_fdiv
                0x0010ee1c                __mulsf3
                0x0010ee1c                __aeabi_fmul
 .text          0x0010f114      0x110 /cygdrive/C/cygwin/GNUARM/bin/../lib/gcc/arm-elf/4.0.2/thumb/interwork/libgcc.a(_cmpsf2.o)
                0x0010f20c                __aeabi_fcmpgt
                0x0010f11c                __lesf2
                0x0010f124                __nesf2
                0x0010f1f4                __aeabi_fcmpge
                0x0010f114                __gtsf2
                0x0010f1dc                __aeabi_fcmple
                0x0010f124                __eqsf2
                0x0010f124                __cmpsf2
                0x0010f11c                __ltsf2
                0x0010f194                __aeabi_cfcmple
                0x0010f114                __gesf2
                0x0010f1ac                __aeabi_fcmpeq
                0x0010f184                __aeabi_cfrcmple
                0x0010f1c4                __aeabi_fcmplt
                0x0010f194                __aeabi_cfcmpeq
 .text          0x0010f224       0x5c /cygdrive/C/cygwin/GNUARM/bin/../lib/gcc/arm-elf/4.0.2/thumb/interwork/libgcc.a(_fixsfsi.o)
                0x0010f224                __fixsfsi
                0x0010f224                __aeabi_f2iz
 .text          0x0010f280       0x28 /cygdrive/C/cygwin/GNUARM/bin/../lib/gcc/arm-elf/4.0.2/../../../../arm-elf/lib/thumb/interwork/libc.a(malloc.o)
                0x0010f280                malloc
                0x0010f294                free
 .text          0x0010f2a8      0x548 /cygdrive/C/cygwin/GNUARM/bin/../lib/gcc/arm-elf/4.0.2/../../../../arm-elf/lib/thumb/interwork/libc.a(mallocr.o)
                0x0010f2a8                _malloc_r
 .text          0x0010f7f0       0x68 /cygdrive/C/cygwin/GNUARM/bin/../lib/gcc/arm-elf/4.0.2/../../../../arm-elf/lib/thumb/interwork/libc.a(memcpy.o)
                0x0010f7f0                memcpy
 .text          0x0010f858       0x68 /cygdrive/C/cygwin/GNUARM/bin/../lib/gcc/arm-elf/4.0.2/../../../../arm-elf/lib/thumb/interwork/libc.a(memset.o)
                0x0010f858                memset
 .text          0x0010f8c0        0x8 /cygdrive/C/cygwin/GNUARM/bin/../lib/gcc/arm-elf/4.0.2/../../../../arm-elf/lib/thumb/interwork/libc.a(mlock.o)
                0x0010f8c4                __malloc_unlock
                0x0010f8c0                __malloc_lock
 .text          0x0010f8c8       0x60 /cygdrive/C/cygwin/GNUARM/bin/../lib/gcc/arm-elf/4.0.2/../../../../arm-elf/lib/thumb/interwork/libc.a(strcpy.o)
                0x0010f8c8                strcpy
 .text          0x0010f928       0x48 /cygdrive/C/cygwin/GNUARM/bin/../lib/gcc/arm-elf/4.0.2/../../../../arm-elf/lib/thumb/interwork/libc.a(strlen.o)
                0x0010f928                strlen
 .text          0x0010f970       0x84 /cygdrive/C/cygwin/GNUARM/bin/../lib/gcc/arm-elf/4.0.2/../../../../arm-elf/lib/thumb/interwork/libc.a(strncpy.o)
                0x0010f970                strncpy
 .text          0x0010f9f4      0x260 /cygdrive/C/cygwin/GNUARM/bin/../lib/gcc/arm-elf/4.0.2/../../../../arm-elf/lib/thumb/interwork/libc.a(freer.o)
                0x0010fa94                _free_r
                0x0010f9f4                _malloc_trim_r
 .glue_7        0x0010fc54       0x30 /cygdrive/C/cygwin/GNUARM/bin/../lib/gcc/arm-elf/4.0.2/../../../../arm-elf/lib/thumb/interwork/libc.a(freer.o)
                0x0010fc6c                __call_posttaskhook_from_arm
                0x0010fc55                __ecrobot_debug1_from_arm
                0x0010fc61                __ecrobot_debug2_from_arm
                0x0010fc78                __call_pretaskhook_from_arm
 .glue_7t       0x0010fc84       0xd0 /cygdrive/C/cygwin/GNUARM/bin/../lib/gcc/arm-elf/4.0.2/../../../../arm-elf/lib/thumb/interwork/libc.a(freer.o)
                0x0010fcb0                __start_change_to_arm
                0x0010fd34                __interrupts_get_and_disable_from_thumb
                0x0010fcd4                ____lesf2_from_thumb
                0x0010fd2d                ____gtdf2_from_thumb
                0x0010fca5                __exit_and_dispatch_from_thumb
                0x0010fd4c                ____divsf3_from_thumb
                0x0010fce0                ____gesf2_change_to_arm
                0x0010fcc8                ____fixsfsi_change_to_arm
                0x0010fcc0                ____addsf3_change_to_arm
                0x0010fcc4                ____fixsfsi_from_thumb
                0x0010fcb4                ____floatsisf_from_thumb
                0x0010fce4                ____extendsfdf2_from_thumb
                0x0010fca8                __exit_and_dispatch_change_to_arm
                0x0010fc84                __disable_int_from_thumb
                0x0010fcdc                ____gesf2_from_thumb
                0x0010fc9c                __start_dispatch_from_thumb
                0x0010fd24                ____ltsf2_from_thumb
                0x0010fd18                ____divdf3_change_to_arm
                0x0010fcd8                ____lesf2_change_to_arm
                0x0010fcac                __start_from_thumb
                0x0010fd04                ____truncdfsf2_from_thumb
                0x0010fcf8                ____muldf3_change_to_arm
                0x0010fd50                ____divsf3_change_to_arm
                0x0010fd14                ____divdf3_from_thumb
                0x0010fc8c                __enable_int_from_thumb
                0x0010fc95                __dispatch_from_thumb
                0x0010fd40                __interrupts_enable_change_to_arm
                0x0010fd1c                ____gtsf2_from_thumb
                0x0010fd38                __interrupts_get_and_disable_change_to_arm
                0x0010fc98                __dispatch_change_to_arm
                0x0010fd10                ____mulsf3_change_to_arm
                0x0010fd00                ____adddf3_change_to_arm
                0x0010fd30                ____gtdf2_change_to_arm
                0x0010fd08                ____truncdfsf2_change_to_arm
                0x0010fce8                ____extendsfdf2_change_to_arm
                0x0010fcec                ____floatsidf_from_thumb
                0x0010fcb8                ____floatsisf_change_to_arm
                0x0010fd45                __display_bios_status_from_thumb
                0x0010fccc                ____subsf3_from_thumb
                0x0010fcfc                ____adddf3_from_thumb
                0x0010fd20                ____gtsf2_change_to_arm
                0x0010fc88                __disable_int_change_to_arm
                0x0010fd28                ____ltsf2_change_to_arm
                0x0010fd0c                ____mulsf3_from_thumb
                0x0010fcbc                ____addsf3_from_thumb
                0x0010fcf4                ____muldf3_from_thumb
                0x0010fcd0                ____subsf3_change_to_arm
                0x0010fc90                __enable_int_change_to_arm
                0x0010fcf0                ____floatsidf_change_to_arm
                0x0010fd3c                __interrupts_enable_from_thumb
                0x0010fd48                __display_bios_status_change_to_arm
                0x0010fca0                __start_dispatch_change_to_arm
                0x0010fd60                . = ALIGN (0x10)
 *fill*         0x0010fd54        0xc 00
 *(*.rodata *.rodata.*)
 .rodata.tinib_stksz
                0x0010fd60        0x2 build/./kernel_cfg.o
                0x0010fd60                tinib_stksz
 *fill*         0x0010fd62        0x2 00
 .rodata.tinib_stk
                0x0010fd64        0x4 build/./kernel_cfg.o
                0x0010fd64                tinib_stk
 .rodata.tinib_task
                0x0010fd68        0x4 build/./kernel_cfg.o
                0x0010fd68                tinib_task
 .rodata.tinib_autoact
                0x0010fd6c        0x1 build/./kernel_cfg.o
                0x0010fd6c                tinib_autoact
 .rodata.tinib_exepri
                0x0010fd6d        0x1 build/./kernel_cfg.o
                0x0010fd6d                tinib_exepri
 .rodata.tinib_inipri
                0x0010fd6e        0x1 build/./kernel_cfg.o
                0x0010fd6e                tinib_inipri
 .rodata.tnum_exttask
                0x0010fd6f        0x1 build/./kernel_cfg.o
                0x0010fd6f                tnum_exttask
 .rodata.tnum_task
                0x0010fd70        0x1 build/./kernel_cfg.o
                0x0010fd70                tnum_task
 *fill*         0x0010fd71        0x3 00
 .rodata.exec_addr
                0x0010fd74        0x4 build/ecrobot_base.o
                0x0010fd74                exec_addr
 .rodata.str1.4
                0x0010fd78       0x80 build/ecrobot_base.o
 .rodata.BATTERY_OFFSET
                0x0010fdf8        0x4 build/balancer_param.o
                0x0010fdf8                BATTERY_OFFSET
 .rodata.BATTERY_GAIN
                0x0010fdfc        0x4 build/balancer_param.o
                0x0010fdfc                BATTERY_GAIN
 .rodata.str1.4
                0x0010fe00       0x26 build/UI.o
                                 0x28 (size before relaxing)
 *fill*         0x0010fe26        0x2 00
 .rodata.str1.4
                0x0010fe28       0x11 build/Main.o
                                 0x14 (size before relaxing)
 *fill*         0x0010fe39        0x3 00
 .rodata.str1.4
                0x0010fe3c        0x2 /cygdrive/C/cygwin/GNUARM/bin/../lib/gcc/arm-elf/4.0.2/../../../../arm-elf/lib/thumb/interwork/libc.a(impure.o)
                                  0x4 (size before relaxing)
                0x0010fe40                . = ALIGN (0x10)
 *fill*         0x0010fe3e        0x2 00
 *(*.gnu.linkonce.* .gcc_except_table)
                0x0010fe40                . = ALIGN (0x10)

.tors           0x0010fe40        0x0
                0x0010fe40                . = ALIGN (0x10)
                0x0010fe40                __ctor_begin = .
 *(*.ctors*)
                0x0010fe40                __ctor_end = .
                0x0010fe40                . = ALIGN (0x10)
                0x0010fe40                __dtor_begin = .
 *(*.dtors*)
                0x0010fe40                __dtor_end = .
                0x0010fe40                . = ALIGN (0x10)
                0x0010fe40                __rom_end__ = __dtor_end

.bss            0x00203e90     0x1400
 *(*.bss *.bss.*)
 .bss.ready_primap
                0x00203e90        0x2 build/kernel/task.o
 .bss.ready_queue_last
                0x00203e92       0x10 build/kernel/task.o
 .bss.ready_queue_first
                0x00203ea2       0x10 build/kernel/task.o
 *fill*         0x00203eb2        0x2 00
 .bss._stack_TaskMain
                0x00203eb4      0x200 build/./kernel_cfg.o
 .bss.heap_ptr  0x002040b4        0x4 build/syscalls.o
 .bss.receiveBuf
                0x002040b8       0x80 build/ecrobot_bluetooth.o
 .bss.sendBuf   0x00204138      0x100 build/ecrobot_bluetooth.o
 .bss.handle    0x00204238        0x1 build/ecrobot_bluetooth.o
 *fill*         0x00204239        0x3 00
 .bss.status_bar_position
                0x0020423c        0x4 build/ecrobot_base.o
 .bss.last_act_time.2742
                0x00204240        0x4 build/ecrobot_base.o
 .bss.lcd.2671  0x00204244      0x320 build/ecrobot_base.o
 .bss.OS_flag   0x00204564        0x4 build/ecrobot_base.o
 .bss.status_bar
                0x00204568       0x10 build/ecrobot_base.o
 .bss._ZZN7Control8basicRunEffffitfiftE4Turn
                0x00204578        0x4 build/Control.o
 .bss._ZZN7Control8basicRunEffffitfiftE7Forward
                0x0020457c        0x4 build/Control.o
 .bss._ZZN3PID11calculationEttfE3val
                0x00204580        0x4 build/PID.o
 .bss._ZZN3PID11calculationEttfE1d
                0x00204584        0x4 build/PID.o
 .bss._ZZN3PID11calculationEttfE1i
                0x00204588        0x4 build/PID.o
 .bss._ZZN3PID11calculationEttfE1p
                0x0020458c        0x4 build/PID.o
 .bss.buttons_i
                0x00204590        0x4 ../../../../nxtOSEK/ecrobot/../ecrobot/libecrobot.a(ecrobot_interface.o)
 .bss.buttons_states
                0x00204594       0x14 ../../../../nxtOSEK/ecrobot/../ecrobot/libecrobot.a(ecrobot_interface.o)
 .bss.ecrobot_inputs
                0x002045a8        0x8 ../../../../nxtOSEK/ecrobot/../ecrobot/libecrobot.a(ecrobot_interface.o)
 .bss.systick_ms
                0x002045b0        0x4 ../../../../nxtOSEK/ecrobot/../ecrobot/libecrobot.a(systick.oram)
 .bss.delayedEnable
                0x002045b4        0x1 ../../../../nxtOSEK/ecrobot/../ecrobot/libecrobot.a(udp.oram)
 *fill*         0x002045b5        0x3 00
 .bss.outCnt    0x002045b8        0x4 ../../../../nxtOSEK/ecrobot/../ecrobot/libecrobot.a(udp.oram)
 .bss.outPtr    0x002045bc        0x4 ../../../../nxtOSEK/ecrobot/../ecrobot/libecrobot.a(udp.oram)
 .bss.newAddress
                0x002045c0        0x4 ../../../../nxtOSEK/ecrobot/../ecrobot/libecrobot.a(udp.oram)
 .bss.currentRxBank
                0x002045c4        0x4 ../../../../nxtOSEK/ecrobot/../ecrobot/libecrobot.a(udp.oram)
 .bss.currentFeatures
                0x002045c8        0x4 ../../../../nxtOSEK/ecrobot/../ecrobot/libecrobot.a(udp.oram)
 .bss.currentConfig
                0x002045cc        0x1 ../../../../nxtOSEK/ecrobot/../ecrobot/libecrobot.a(udp.oram)
 *fill*         0x002045cd        0x3 00
 .bss.twi_mask  0x002045d0        0x4 ../../../../nxtOSEK/ecrobot/../ecrobot/libecrobot.a(twi.oram)
 .bss.twi_ptr   0x002045d4        0x4 ../../../../nxtOSEK/ecrobot/../ecrobot/libecrobot.a(twi.oram)
 .bss.twi_pending
                0x002045d8        0x4 ../../../../nxtOSEK/ecrobot/../ecrobot/libecrobot.a(twi.oram)
 .bss.twi_state
                0x002045dc        0x4 ../../../../nxtOSEK/ecrobot/../ecrobot/libecrobot.a(twi.oram)
 .bss.page      0x002045e0        0x1 ../../../../nxtOSEK/ecrobot/../ecrobot/libecrobot.a(nxt_spi.oram)
                0x002045e0                page
 .bss.dirty     0x002045e1        0x1 ../../../../nxtOSEK/ecrobot/../ecrobot/libecrobot.a(nxt_spi.oram)
                0x002045e1                dirty
 *fill*         0x002045e2        0x2 00
 .bss.display   0x002045e4        0x4 ../../../../nxtOSEK/ecrobot/../ecrobot/libecrobot.a(nxt_spi.oram)
                0x002045e4                display
 .bss.interrupts_this_period
                0x002045e8        0x4 ../../../../nxtOSEK/ecrobot/../ecrobot/libecrobot.a(nxt_motors.oram)
 .bss.nxt_motor_initialised
                0x002045ec        0x4 ../../../../nxtOSEK/ecrobot/../ecrobot/libecrobot.a(nxt_motors.oram)
 .bss.motor     0x002045f0       0x30 ../../../../nxtOSEK/ecrobot/../ecrobot/libecrobot.a(nxt_motors.oram)
 .bss.display_tick
                0x00204620        0x4 ../../../../nxtOSEK/ecrobot/../ecrobot/libecrobot.a(display.oram)
                0x00204620                display_tick
 .bss.display_array
                0x00204624      0x388 ../../../../nxtOSEK/ecrobot/../ecrobot/libecrobot.a(display.oram)
 .bss.i2c_int_count
                0x002049ac        0x4 ../../../../nxtOSEK/ecrobot/../ecrobot/libecrobot.a(i2c.oram)
 .bss.i2c_port  0x002049b0      0x170 ../../../../nxtOSEK/ecrobot/../ecrobot/libecrobot.a(i2c.oram)
 .bss.sound_mode
                0x00204b20        0x1 ../../../../nxtOSEK/ecrobot/../ecrobot/libecrobot.a(sound.oram)
                0x00204b20                sound_mode
 *fill*         0x00204b21        0x3 00
 .bss.in_buf_idx
                0x00204b24        0x4 ../../../../nxtOSEK/ecrobot/../ecrobot/libecrobot.a(bt.oram)
 .bss.buf_ptr   0x00204b28        0x4 ../../../../nxtOSEK/ecrobot/../ecrobot/libecrobot.a(bt.oram)
 .bss.out_buf   0x00204b2c      0x200 ../../../../nxtOSEK/ecrobot/../ecrobot/libecrobot.a(bt.oram)
 .bss.out_buf_ptr
                0x00204d2c        0x1 ../../../../nxtOSEK/ecrobot/../ecrobot/libecrobot.a(bt.oram)
 .bss.in_buf_in_ptr
                0x00204d2d        0x1 ../../../../nxtOSEK/ecrobot/../ecrobot/libecrobot.a(bt.oram)
 .bss.in_buf    0x00204d2e      0x100 ../../../../nxtOSEK/ecrobot/../ecrobot/libecrobot.a(bt.oram)
 *fill*         0x00204e2e        0x2 00
 .bss.link_state
                0x00204e30        0x4 ../../../../nxtOSEK/ecrobot/../ecrobot/libecrobot.a(nxt_avr.oram)
 .bss.update_count
                0x00204e34        0x4 ../../../../nxtOSEK/ecrobot/../ecrobot/libecrobot.a(nxt_avr.oram)
 .bss.nxt_avr_stats
                0x00204e38       0x14 ../../../../nxtOSEK/ecrobot/../ecrobot/libecrobot.a(nxt_avr.oram)
 .bss.debounce_cnt
                0x00204e4c        0x2 ../../../../nxtOSEK/ecrobot/../ecrobot/libecrobot.a(nxt_avr.oram)
 .bss.debounce_state
                0x00204e4e        0x2 ../../../../nxtOSEK/ecrobot/../ecrobot/libecrobot.a(nxt_avr.oram)
 .bss.button_state
                0x00204e50        0x2 ../../../../nxtOSEK/ecrobot/../ecrobot/libecrobot.a(nxt_avr.oram)
 .bss.prev_buttons
                0x00204e52        0x2 ../../../../nxtOSEK/ecrobot/../ecrobot/libecrobot.a(nxt_avr.oram)
 .bss.from_buf  0x00204e54        0x4 ../../../../nxtOSEK/ecrobot/../ecrobot/libecrobot.a(nxt_avr.oram)
 .bss.io_from_avr
                0x00204e58        0x4 ../../../../nxtOSEK/ecrobot/../ecrobot/libecrobot.a(nxt_avr.oram)
 .bss.data_from_avr
                0x00204e5c       0x1a ../../../../nxtOSEK/ecrobot/../ecrobot/libecrobot.a(nxt_avr.oram)
 .bss.data_to_avr
                0x00204e76        0x9 ../../../../nxtOSEK/ecrobot/../ecrobot/libecrobot.a(nxt_avr.oram)
 .bss.io_to_avr
                0x00204e7f        0x8 ../../../../nxtOSEK/ecrobot/../ecrobot/libecrobot.a(nxt_avr.oram)
 *fill*         0x00204e87        0x1 00
 .bss.display   0x00204e88        0x4 ../../../../nxtOSEK/ecrobot/../ecrobot/libecrobot.a(nxt_lcd.oram)
 .bss.ud_thetadot_cmd_lpf
                0x00204e8c        0x4 ../../../../nxtOSEK/ecrobot/../ecrobot/libnxtway_gs_balancer.a(balancer.o)
 .bss.ud_theta_ref
                0x00204e90        0x4 ../../../../nxtOSEK/ecrobot/../ecrobot/libnxtway_gs_balancer.a(balancer.o)
 .bss.ud_theta_lpf
                0x00204e94        0x4 ../../../../nxtOSEK/ecrobot/../ecrobot/libnxtway_gs_balancer.a(balancer.o)
 .bss.ud_psi    0x00204e98        0x4 ../../../../nxtOSEK/ecrobot/../ecrobot/libnxtway_gs_balancer.a(balancer.o)
 .bss.ud_err_theta
                0x00204e9c        0x4 ../../../../nxtOSEK/ecrobot/../ecrobot/libnxtway_gs_balancer.a(balancer.o)
 .bss           0x00204ea0       0x34 /cygdrive/C/cygwin/GNUARM/bin/../lib/gcc/arm-elf/4.0.2/../../../../arm-elf/lib/thumb/interwork/libc.a(mallocr.o)
                0x00204ed0                __malloc_top_pad
                0x00204ecc                __malloc_max_sbrked_mem
                0x00204ea0                __malloc_current_mallinfo
                0x00204ec8                __malloc_max_total_mem
                0x00204ee0                . = ALIGN (0x10)
 *fill*         0x00204ed4        0xc 00
                0x00204ee0                __bss_end__ = .
 COMMON         0x00204ee0        0x2 build/kernel/interrupt.o
                0x00204ee0                runisr
                0x00204ee1                sus_all_cnt
 *fill*         0x00204ee2        0x2 00
 COMMON         0x00204ee4       0x10 build/kernel/osctl.o
                0x00204ee4                callevel
                0x00204ee5                _errorhook_svcid
                0x00204ee6                appmode
                0x00204ee8                _errorhook_par1
                0x00204eec                _errorhook_par3
                0x00204ef0                _errorhook_par2
 COMMON         0x00204ef4        0x3 build/kernel/task.o
                0x00204ef4                runtsk
                0x00204ef5                schedtsk
                0x00204ef6                nextpri
 *fill*         0x00204ef7        0x1 00
 COMMON         0x00204ef8       0x2c build/./kernel_cfg.o
                0x00204ef8                tcb_waievt
                0x00204efc                rescb_prevpri
                0x00204efd                almcb_prev
                0x00204efe                tcb_lastres
                0x00204f00                almcb_almval
                0x00204f04                tcxb_pc
                0x00204f08                tcb_next
                0x00204f09                tcb_curpri
                0x00204f0a                tcb_tstat
                0x00204f0b                isrcb_lastres
                0x00204f0c                cntcb_almque
                0x00204f0d                rescb_prevres
                0x00204f0e                tcb_actcnt
                0x00204f10                tcb_curevt
                0x00204f14                almcb_cycle
                0x00204f18                tcxb_sp
                0x00204f1c                almcb_next
                0x00204f20                cntcb_curval
 COMMON         0x00204f24       0x44 ../../../../nxtOSEK/ecrobot/../ecrobot/libecrobot.a(uart.oram)
                0x00204f24                uart
 COMMON         0x00204f68        0x4 ../../../../nxtOSEK/ecrobot/../ecrobot/libecrobot.a(data_abort.oram)
                0x00204f68                data_abort_pc
 COMMON         0x00204f6c        0x8 ../../../../nxtOSEK/ecrobot/../ecrobot/libecrobot.a(display.oram)
                0x00204f6c                display_x
                0x00204f70                display_y
 COMMON         0x00204f74      0x31c ../../../../nxtOSEK/ecrobot/../ecrobot/libecrobot.a(sound.oram)
                0x00204f74                sample
                0x00203e90                __bss_start__ = ADDR (.bss)
                0x00205290                __bss_end__ = (ADDR (.bss) + SIZEOF (.bss))
                0x00205290                PROVIDE (end, .)

.heap_area      0x00205290     0xa8e8
                0x0020fb78                . = (. + (0x20fb78 - end))
 *fill*         0x00205290     0xa8e8 00

.stack          0x0020fb78      0x488
                0x0020fbf8                . = (. + 0x80)
 *fill*         0x0020fb78       0x80 00
                0x0020fc00                . = ALIGN (0x10)
 *fill*         0x0020fbf8        0x8 00
                0x0020fc00                __irq_stack__ = .
                0x0020fc00                __system_stack_bottom__ = .
                0x00210000                . = (. + 0x400)
 *fill*         0x0020fc00      0x400 00
                0x00210000                . = ALIGN (0x10)
                0x00210000                __system_stack__ = .
                0x00210000                __system_stack_top__ = .
                0x0020fb78                __stack_start__ = ADDR (.stack)
                0x00210000                __stack_end__ = (ADDR (.stack) + SIZEOF (.stack))
OUTPUT(oka++_rom.elf elf32-littlearm)

.comment        0x00000000      0x558
 .comment       0x00000000       0x12 build/kernel/alarm.o
 .comment       0x00000012       0x12 build/kernel/event.o
 .comment       0x00000024       0x12 build/kernel/interrupt.o
 .comment       0x00000036       0x12 build/kernel/osctl.o
 .comment       0x00000048       0x12 build/kernel/resource.o
 .comment       0x0000005a       0x12 build/kernel/task.o
 .comment       0x0000006c       0x12 build/kernel/task_manage.o
 .comment       0x0000007e       0x12 build/config/at91sam7s-gnu/cpu_config.o
 .comment       0x00000090       0x12 build/config/at91sam7s-gnu/lego_nxt/sys_config.o
 .comment       0x000000a2       0x12 build/./kernel_cfg.o
 .comment       0x000000b4       0x12 build/rtoscalls.o
 .comment       0x000000c6       0x12 build/syscalls.o
 .comment       0x000000d8       0x12 build/ecrobot_bluetooth.o
 .comment       0x000000ea       0x12 build/ecrobot_base.o
 .comment       0x000000fc       0x12 build/ecrobot.o
 .comment       0x0000010e       0x12 build/balancer_param.o
 .comment       0x00000120       0x12 build/syslib/at91sam7s-gnu/lego_nxt/hw_sys_timer.oram
 .comment       0x00000132       0x12 build/UI.o
 .comment       0x00000144       0x12 build/TouchSensor.o
 .comment       0x00000156       0x12 build/BlueTooth.o
 .comment       0x00000168       0x12 build/GyroSensor.o
 .comment       0x0000017a       0x12 build/LightSensor.o
 .comment       0x0000018c       0x12 build/Control.o
 .comment       0x0000019e       0x12 build/PID.o
 .comment       0x000001b0       0x12 build/BalanceControl.o
 .comment       0x000001c2       0x12 build/Motor.o
 .comment       0x000001d4       0x12 build/Tail.o
 .comment       0x000001e6       0x12 build/SonarSensor.o
 .comment       0x000001f8       0x12 build/Input.o
 .comment       0x0000020a       0x12 build/SlopeDetection.o
 .comment       0x0000021c       0x12 build/ColorDetection.o
 .comment       0x0000022e       0x12 build/ObstacleDetection.o
 .comment       0x00000240       0x12 build/Detection.o
 .comment       0x00000252       0x12 build/Section.o
 .comment       0x00000264       0x12 build/Main.o
 .comment       0x00000276       0x12 ../../../../nxtOSEK/ecrobot/../ecrobot/libecrobot++.a(New.o)
 .comment       0x00000288       0x12 ../../../../nxtOSEK/ecrobot/../ecrobot/libecrobot.a(ecrobot_HiTechnic.o)
 .comment       0x0000029a       0x12 ../../../../nxtOSEK/ecrobot/../ecrobot/libecrobot.a(ecrobot_interface.o)
 .comment       0x000002ac       0x12 ../../../../nxtOSEK/ecrobot/../ecrobot/libecrobot.a(colorsensor.o)
 .comment       0x000002be       0x12 ../../../../nxtOSEK/ecrobot/../ecrobot/libecrobot.a(osek_hook.o)
 .comment       0x000002d0       0x12 ../../../../nxtOSEK/ecrobot/../ecrobot/libecrobot.a(uart.oram)
 .comment       0x000002e2       0x12 ../../../../nxtOSEK/ecrobot/../ecrobot/libecrobot.a(systick.oram)
 .comment       0x000002f4       0x12 ../../../../nxtOSEK/ecrobot/../ecrobot/libecrobot.a(byte_fifo.oram)
 .comment       0x00000306       0x12 ../../../../nxtOSEK/ecrobot/../ecrobot/libecrobot.a(aic.oram)
 .comment       0x00000318       0x12 ../../../../nxtOSEK/ecrobot/../ecrobot/libecrobot.a(udp.oram)
 .comment       0x0000032a       0x12 ../../../../nxtOSEK/ecrobot/../ecrobot/libecrobot.a(twi.oram)
 .comment       0x0000033c       0x12 ../../../../nxtOSEK/ecrobot/../ecrobot/libecrobot.a(nxt_spi.oram)
 .comment       0x0000034e       0x12 ../../../../nxtOSEK/ecrobot/../ecrobot/libecrobot.a(nxt_motors.oram)
 .comment       0x00000360       0x12 ../../../../nxtOSEK/ecrobot/../ecrobot/libecrobot.a(data_abort.oram)
 .comment       0x00000372       0x12 ../../../../nxtOSEK/ecrobot/../ecrobot/libecrobot.a(display.oram)
 .comment       0x00000384       0x12 ../../../../nxtOSEK/ecrobot/../ecrobot/libecrobot.a(i2c.oram)
 .comment       0x00000396       0x12 ../../../../nxtOSEK/ecrobot/../ecrobot/libecrobot.a(sound.oram)
 .comment       0x000003a8       0x12 ../../../../nxtOSEK/ecrobot/../ecrobot/libecrobot.a(bt.oram)
 .comment       0x000003ba       0x12 ../../../../nxtOSEK/ecrobot/../ecrobot/libecrobot.a(nxt_avr.oram)
 .comment       0x000003cc       0x12 ../../../../nxtOSEK/ecrobot/../ecrobot/libecrobot.a(sensors.oram)
 .comment       0x000003de       0x12 ../../../../nxtOSEK/ecrobot/../ecrobot/libecrobot.a(sensors1.oram)
 .comment       0x000003f0       0x12 ../../../../nxtOSEK/ecrobot/../ecrobot/libecrobot.a(nxt_lcd.oram)
 .comment       0x00000402       0x12 ../../../../nxtOSEK/ecrobot/../ecrobot/libecrobot.a(flash_loader.oram)
 .comment       0x00000414       0x12 ../../../../nxtOSEK/ecrobot/../ecrobot/libecrobot.a(ecrobot_usb.o)
 .comment       0x00000426       0x12 ../../../../nxtOSEK/ecrobot/../ecrobot/libecrobot.a(flashprog.oram)
 .comment       0x00000438       0x12 ../../../../nxtOSEK/ecrobot/../ecrobot/libnxtway_gs_balancer.a(balancer.o)
 .comment       0x0000044a       0x12 /cygdrive/C/cygwin/GNUARM/bin/../lib/gcc/arm-elf/4.0.2/thumb/interwork/libgcc.a(_muldi3.o)
 .comment       0x0000045c       0x12 /cygdrive/C/cygwin/GNUARM/bin/../lib/gcc/arm-elf/4.0.2/thumb/interwork/libgcc.a(_divdi3.o)
 .comment       0x0000046e       0x12 /cygdrive/C/cygwin/GNUARM/bin/../lib/gcc/arm-elf/4.0.2/thumb/interwork/libgcc.a(_clz.o)
 .comment       0x00000480       0x12 /cygdrive/C/cygwin/GNUARM/bin/../lib/gcc/arm-elf/4.0.2/../../../../arm-elf/lib/thumb/interwork/libc.a(malloc.o)
 .comment       0x00000492       0x12 /cygdrive/C/cygwin/GNUARM/bin/../lib/gcc/arm-elf/4.0.2/../../../../arm-elf/lib/thumb/interwork/libc.a(mallocr.o)
 .comment       0x000004a4       0x12 /cygdrive/C/cygwin/GNUARM/bin/../lib/gcc/arm-elf/4.0.2/../../../../arm-elf/lib/thumb/interwork/libc.a(memcpy.o)
 .comment       0x000004b6       0x12 /cygdrive/C/cygwin/GNUARM/bin/../lib/gcc/arm-elf/4.0.2/../../../../arm-elf/lib/thumb/interwork/libc.a(memmove.o)
 .comment       0x000004c8       0x12 /cygdrive/C/cygwin/GNUARM/bin/../lib/gcc/arm-elf/4.0.2/../../../../arm-elf/lib/thumb/interwork/libc.a(memset.o)
 .comment       0x000004da       0x12 /cygdrive/C/cygwin/GNUARM/bin/../lib/gcc/arm-elf/4.0.2/../../../../arm-elf/lib/thumb/interwork/libc.a(mlock.o)
 .comment       0x000004ec       0x12 /cygdrive/C/cygwin/GNUARM/bin/../lib/gcc/arm-elf/4.0.2/../../../../arm-elf/lib/thumb/interwork/libc.a(strcmp.o)
 .comment       0x000004fe       0x12 /cygdrive/C/cygwin/GNUARM/bin/../lib/gcc/arm-elf/4.0.2/../../../../arm-elf/lib/thumb/interwork/libc.a(strcpy.o)
 .comment       0x00000510       0x12 /cygdrive/C/cygwin/GNUARM/bin/../lib/gcc/arm-elf/4.0.2/../../../../arm-elf/lib/thumb/interwork/libc.a(strlen.o)
 .comment       0x00000522       0x12 /cygdrive/C/cygwin/GNUARM/bin/../lib/gcc/arm-elf/4.0.2/../../../../arm-elf/lib/thumb/interwork/libc.a(strncpy.o)
 .comment       0x00000534       0x12 /cygdrive/C/cygwin/GNUARM/bin/../lib/gcc/arm-elf/4.0.2/../../../../arm-elf/lib/thumb/interwork/libc.a(freer.o)
 .comment       0x00000546       0x12 /cygdrive/C/cygwin/GNUARM/bin/../lib/gcc/arm-elf/4.0.2/../../../../arm-elf/lib/thumb/interwork/libc.a(impure.o)

.debug_line     0x00000000     0x166c
 .debug_line    0x00000000       0x70 /cygdrive/C/cygwin/GNUARM/bin/../lib/gcc/arm-elf/4.0.2/thumb/interwork/libgcc.a(_udivsi3.o)
 .debug_line    0x00000070       0x7c /cygdrive/C/cygwin/GNUARM/bin/../lib/gcc/arm-elf/4.0.2/thumb/interwork/libgcc.a(_divsi3.o)
 .debug_line    0x000000ec       0x68 /cygdrive/C/cygwin/GNUARM/bin/../lib/gcc/arm-elf/4.0.2/thumb/interwork/libgcc.a(_umodsi3.o)
 .debug_line    0x00000154       0x71 /cygdrive/C/cygwin/GNUARM/bin/../lib/gcc/arm-elf/4.0.2/thumb/interwork/libgcc.a(_modsi3.o)
 .debug_line    0x000001c5       0x5a /cygdrive/C/cygwin/GNUARM/bin/../lib/gcc/arm-elf/4.0.2/thumb/interwork/libgcc.a(_dvmd_tls.o)
 .debug_line    0x0000021f      0x162 /cygdrive/C/cygwin/GNUARM/bin/../lib/gcc/arm-elf/4.0.2/thumb/interwork/libgcc.a(_addsubdf3.o)
 .debug_line    0x00000381      0x177 /cygdrive/C/cygwin/GNUARM/bin/../lib/gcc/arm-elf/4.0.2/thumb/interwork/libgcc.a(_muldivdf3.o)
 .debug_line    0x000004f8       0xa4 /cygdrive/C/cygwin/GNUARM/bin/../lib/gcc/arm-elf/4.0.2/thumb/interwork/libgcc.a(_cmpdf2.o)
 .debug_line    0x0000059c       0x80 /cygdrive/C/cygwin/GNUARM/bin/../lib/gcc/arm-elf/4.0.2/thumb/interwork/libgcc.a(_truncdfsf2.o)
 .debug_line    0x0000061c      0x110 /cygdrive/C/cygwin/GNUARM/bin/../lib/gcc/arm-elf/4.0.2/thumb/interwork/libgcc.a(_addsubsf3.o)
 .debug_line    0x0000072c      0x11a /cygdrive/C/cygwin/GNUARM/bin/../lib/gcc/arm-elf/4.0.2/thumb/interwork/libgcc.a(_muldivsf3.o)
 .debug_line    0x00000846       0x98 /cygdrive/C/cygwin/GNUARM/bin/../lib/gcc/arm-elf/4.0.2/thumb/interwork/libgcc.a(_cmpsf2.o)
 .debug_line    0x000008de       0x6f /cygdrive/C/cygwin/GNUARM/bin/../lib/gcc/arm-elf/4.0.2/thumb/interwork/libgcc.a(_fixsfsi.o)
 .debug_line    0x0000094d       0x61 /cygdrive/C/cygwin/GNUARM/bin/../lib/gcc/arm-elf/4.0.2/thumb/interwork/libgcc.a(_muldi3.o)
 .debug_line    0x000009ae      0x122 /cygdrive/C/cygwin/GNUARM/bin/../lib/gcc/arm-elf/4.0.2/thumb/interwork/libgcc.a(_divdi3.o)
 .debug_line    0x00000ad0       0x48 /cygdrive/C/cygwin/GNUARM/bin/../lib/gcc/arm-elf/4.0.2/thumb/interwork/libgcc.a(_clz.o)
 .debug_line    0x00000b18       0xfd /cygdrive/C/cygwin/GNUARM/bin/../lib/gcc/arm-elf/4.0.2/../../../../arm-elf/lib/thumb/interwork/libc.a(malloc.o)
 .debug_line    0x00000c15      0x23d /cygdrive/C/cygwin/GNUARM/bin/../lib/gcc/arm-elf/4.0.2/../../../../arm-elf/lib/thumb/interwork/libc.a(mallocr.o)
 .debug_line    0x00000e52       0xc3 /cygdrive/C/cygwin/GNUARM/bin/../lib/gcc/arm-elf/4.0.2/../../../../arm-elf/lib/thumb/interwork/libc.a(memcpy.o)
 .debug_line    0x00000f15       0xce /cygdrive/C/cygwin/GNUARM/bin/../lib/gcc/arm-elf/4.0.2/../../../../arm-elf/lib/thumb/interwork/libc.a(memmove.o)
 .debug_line    0x00000fe3       0xd4 /cygdrive/C/cygwin/GNUARM/bin/../lib/gcc/arm-elf/4.0.2/../../../../arm-elf/lib/thumb/interwork/libc.a(memset.o)
 .debug_line    0x000010b7       0xf5 /cygdrive/C/cygwin/GNUARM/bin/../lib/gcc/arm-elf/4.0.2/../../../../arm-elf/lib/thumb/interwork/libc.a(mlock.o)
 .debug_line    0x000011ac       0x88 /cygdrive/C/cygwin/GNUARM/bin/../lib/gcc/arm-elf/4.0.2/../../../../arm-elf/lib/thumb/interwork/libc.a(strcmp.o)
 .debug_line    0x00001234       0x80 /cygdrive/C/cygwin/GNUARM/bin/../lib/gcc/arm-elf/4.0.2/../../../../arm-elf/lib/thumb/interwork/libc.a(strcpy.o)
 .debug_line    0x000012b4       0xaf /cygdrive/C/cygwin/GNUARM/bin/../lib/gcc/arm-elf/4.0.2/../../../../arm-elf/lib/thumb/interwork/libc.a(strlen.o)
 .debug_line    0x00001363       0xc2 /cygdrive/C/cygwin/GNUARM/bin/../lib/gcc/arm-elf/4.0.2/../../../../arm-elf/lib/thumb/interwork/libc.a(strncpy.o)
 .debug_line    0x00001425      0x164 /cygdrive/C/cygwin/GNUARM/bin/../lib/gcc/arm-elf/4.0.2/../../../../arm-elf/lib/thumb/interwork/libc.a(freer.o)
 .debug_line    0x00001589       0xe3 /cygdrive/C/cygwin/GNUARM/bin/../lib/gcc/arm-elf/4.0.2/../../../../arm-elf/lib/thumb/interwork/libc.a(impure.o)

.debug_info     0x00000000     0x4aea
 .debug_info    0x00000000       0x6a /cygdrive/C/cygwin/GNUARM/bin/../lib/gcc/arm-elf/4.0.2/thumb/interwork/libgcc.a(_udivsi3.o)
 .debug_info    0x0000006a       0x6a /cygdrive/C/cygwin/GNUARM/bin/../lib/gcc/arm-elf/4.0.2/thumb/interwork/libgcc.a(_divsi3.o)
 .debug_info    0x000000d4       0x6a /cygdrive/C/cygwin/GNUARM/bin/../lib/gcc/arm-elf/4.0.2/thumb/interwork/libgcc.a(_umodsi3.o)
 .debug_info    0x0000013e       0x6a /cygdrive/C/cygwin/GNUARM/bin/../lib/gcc/arm-elf/4.0.2/thumb/interwork/libgcc.a(_modsi3.o)
 .debug_info    0x000001a8       0x6a /cygdrive/C/cygwin/GNUARM/bin/../lib/gcc/arm-elf/4.0.2/thumb/interwork/libgcc.a(_dvmd_tls.o)
 .debug_info    0x00000212       0x69 /cygdrive/C/cygwin/GNUARM/bin/../lib/gcc/arm-elf/4.0.2/thumb/interwork/libgcc.a(_addsubdf3.o)
 .debug_info    0x0000027b       0x69 /cygdrive/C/cygwin/GNUARM/bin/../lib/gcc/arm-elf/4.0.2/thumb/interwork/libgcc.a(_muldivdf3.o)
 .debug_info    0x000002e4       0x69 /cygdrive/C/cygwin/GNUARM/bin/../lib/gcc/arm-elf/4.0.2/thumb/interwork/libgcc.a(_cmpdf2.o)
 .debug_info    0x0000034d       0x69 /cygdrive/C/cygwin/GNUARM/bin/../lib/gcc/arm-elf/4.0.2/thumb/interwork/libgcc.a(_truncdfsf2.o)
 .debug_info    0x000003b6       0x69 /cygdrive/C/cygwin/GNUARM/bin/../lib/gcc/arm-elf/4.0.2/thumb/interwork/libgcc.a(_addsubsf3.o)
 .debug_info    0x0000041f       0x69 /cygdrive/C/cygwin/GNUARM/bin/../lib/gcc/arm-elf/4.0.2/thumb/interwork/libgcc.a(_muldivsf3.o)
 .debug_info    0x00000488       0x69 /cygdrive/C/cygwin/GNUARM/bin/../lib/gcc/arm-elf/4.0.2/thumb/interwork/libgcc.a(_cmpsf2.o)
 .debug_info    0x000004f1       0x69 /cygdrive/C/cygwin/GNUARM/bin/../lib/gcc/arm-elf/4.0.2/thumb/interwork/libgcc.a(_fixsfsi.o)
 .debug_info    0x0000055a      0x20e /cygdrive/C/cygwin/GNUARM/bin/../lib/gcc/arm-elf/4.0.2/thumb/interwork/libgcc.a(_muldi3.o)
 .debug_info    0x00000768      0x758 /cygdrive/C/cygwin/GNUARM/bin/../lib/gcc/arm-elf/4.0.2/thumb/interwork/libgcc.a(_divdi3.o)
 .debug_info    0x00000ec0       0xc9 /cygdrive/C/cygwin/GNUARM/bin/../lib/gcc/arm-elf/4.0.2/thumb/interwork/libgcc.a(_clz.o)
 .debug_info    0x00000f89      0x955 /cygdrive/C/cygwin/GNUARM/bin/../lib/gcc/arm-elf/4.0.2/../../../../arm-elf/lib/thumb/interwork/libc.a(malloc.o)
 .debug_info    0x000018de      0xcbd /cygdrive/C/cygwin/GNUARM/bin/../lib/gcc/arm-elf/4.0.2/../../../../arm-elf/lib/thumb/interwork/libc.a(mallocr.o)
 .debug_info    0x0000259b      0x10d /cygdrive/C/cygwin/GNUARM/bin/../lib/gcc/arm-elf/4.0.2/../../../../arm-elf/lib/thumb/interwork/libc.a(memcpy.o)
 .debug_info    0x000026a8      0x13e /cygdrive/C/cygwin/GNUARM/bin/../lib/gcc/arm-elf/4.0.2/../../../../arm-elf/lib/thumb/interwork/libc.a(memmove.o)
 .debug_info    0x000027e6      0x111 /cygdrive/C/cygwin/GNUARM/bin/../lib/gcc/arm-elf/4.0.2/../../../../arm-elf/lib/thumb/interwork/libc.a(memset.o)
 .debug_info    0x000028f7      0x93e /cygdrive/C/cygwin/GNUARM/bin/../lib/gcc/arm-elf/4.0.2/../../../../arm-elf/lib/thumb/interwork/libc.a(mlock.o)
 .debug_info    0x00003235       0xd9 /cygdrive/C/cygwin/GNUARM/bin/../lib/gcc/arm-elf/4.0.2/../../../../arm-elf/lib/thumb/interwork/libc.a(strcmp.o)
 .debug_info    0x0000330e      0x10c /cygdrive/C/cygwin/GNUARM/bin/../lib/gcc/arm-elf/4.0.2/../../../../arm-elf/lib/thumb/interwork/libc.a(strcpy.o)
 .debug_info    0x0000341a       0xd5 /cygdrive/C/cygwin/GNUARM/bin/../lib/gcc/arm-elf/4.0.2/../../../../arm-elf/lib/thumb/interwork/libc.a(strlen.o)
 .debug_info    0x000034ef      0x126 /cygdrive/C/cygwin/GNUARM/bin/../lib/gcc/arm-elf/4.0.2/../../../../arm-elf/lib/thumb/interwork/libc.a(strncpy.o)
 .debug_info    0x00003615      0xbb3 /cygdrive/C/cygwin/GNUARM/bin/../lib/gcc/arm-elf/4.0.2/../../../../arm-elf/lib/thumb/interwork/libc.a(freer.o)
 .debug_info    0x000041c8      0x922 /cygdrive/C/cygwin/GNUARM/bin/../lib/gcc/arm-elf/4.0.2/../../../../arm-elf/lib/thumb/interwork/libc.a(impure.o)

.debug_abbrev   0x00000000      0xfcf
 .debug_abbrev  0x00000000       0x14 /cygdrive/C/cygwin/GNUARM/bin/../lib/gcc/arm-elf/4.0.2/thumb/interwork/libgcc.a(_udivsi3.o)
 .debug_abbrev  0x00000014       0x14 /cygdrive/C/cygwin/GNUARM/bin/../lib/gcc/arm-elf/4.0.2/thumb/interwork/libgcc.a(_divsi3.o)
 .debug_abbrev  0x00000028       0x14 /cygdrive/C/cygwin/GNUARM/bin/../lib/gcc/arm-elf/4.0.2/thumb/interwork/libgcc.a(_umodsi3.o)
 .debug_abbrev  0x0000003c       0x14 /cygdrive/C/cygwin/GNUARM/bin/../lib/gcc/arm-elf/4.0.2/thumb/interwork/libgcc.a(_modsi3.o)
 .debug_abbrev  0x00000050       0x14 /cygdrive/C/cygwin/GNUARM/bin/../lib/gcc/arm-elf/4.0.2/thumb/interwork/libgcc.a(_dvmd_tls.o)
 .debug_abbrev  0x00000064       0x14 /cygdrive/C/cygwin/GNUARM/bin/../lib/gcc/arm-elf/4.0.2/thumb/interwork/libgcc.a(_addsubdf3.o)
 .debug_abbrev  0x00000078       0x14 /cygdrive/C/cygwin/GNUARM/bin/../lib/gcc/arm-elf/4.0.2/thumb/interwork/libgcc.a(_muldivdf3.o)
 .debug_abbrev  0x0000008c       0x14 /cygdrive/C/cygwin/GNUARM/bin/../lib/gcc/arm-elf/4.0.2/thumb/interwork/libgcc.a(_cmpdf2.o)
 .debug_abbrev  0x000000a0       0x14 /cygdrive/C/cygwin/GNUARM/bin/../lib/gcc/arm-elf/4.0.2/thumb/interwork/libgcc.a(_truncdfsf2.o)
 .debug_abbrev  0x000000b4       0x14 /cygdrive/C/cygwin/GNUARM/bin/../lib/gcc/arm-elf/4.0.2/thumb/interwork/libgcc.a(_addsubsf3.o)
 .debug_abbrev  0x000000c8       0x14 /cygdrive/C/cygwin/GNUARM/bin/../lib/gcc/arm-elf/4.0.2/thumb/interwork/libgcc.a(_muldivsf3.o)
 .debug_abbrev  0x000000dc       0x14 /cygdrive/C/cygwin/GNUARM/bin/../lib/gcc/arm-elf/4.0.2/thumb/interwork/libgcc.a(_cmpsf2.o)
 .debug_abbrev  0x000000f0       0x14 /cygdrive/C/cygwin/GNUARM/bin/../lib/gcc/arm-elf/4.0.2/thumb/interwork/libgcc.a(_fixsfsi.o)
 .debug_abbrev  0x00000104       0xec /cygdrive/C/cygwin/GNUARM/bin/../lib/gcc/arm-elf/4.0.2/thumb/interwork/libgcc.a(_muldi3.o)
 .debug_abbrev  0x000001f0      0x174 /cygdrive/C/cygwin/GNUARM/bin/../lib/gcc/arm-elf/4.0.2/thumb/interwork/libgcc.a(_divdi3.o)
 .debug_abbrev  0x00000364       0x61 /cygdrive/C/cygwin/GNUARM/bin/../lib/gcc/arm-elf/4.0.2/thumb/interwork/libgcc.a(_clz.o)
 .debug_abbrev  0x000003c5      0x187 /cygdrive/C/cygwin/GNUARM/bin/../lib/gcc/arm-elf/4.0.2/../../../../arm-elf/lib/thumb/interwork/libc.a(malloc.o)
 .debug_abbrev  0x0000054c      0x214 /cygdrive/C/cygwin/GNUARM/bin/../lib/gcc/arm-elf/4.0.2/../../../../arm-elf/lib/thumb/interwork/libc.a(mallocr.o)
 .debug_abbrev  0x00000760       0x99 /cygdrive/C/cygwin/GNUARM/bin/../lib/gcc/arm-elf/4.0.2/../../../../arm-elf/lib/thumb/interwork/libc.a(memcpy.o)
 .debug_abbrev  0x000007f9       0x99 /cygdrive/C/cygwin/GNUARM/bin/../lib/gcc/arm-elf/4.0.2/../../../../arm-elf/lib/thumb/interwork/libc.a(memmove.o)
 .debug_abbrev  0x00000892       0x9a /cygdrive/C/cygwin/GNUARM/bin/../lib/gcc/arm-elf/4.0.2/../../../../arm-elf/lib/thumb/interwork/libc.a(memset.o)
 .debug_abbrev  0x0000092c      0x16a /cygdrive/C/cygwin/GNUARM/bin/../lib/gcc/arm-elf/4.0.2/../../../../arm-elf/lib/thumb/interwork/libc.a(mlock.o)
 .debug_abbrev  0x00000a96       0x71 /cygdrive/C/cygwin/GNUARM/bin/../lib/gcc/arm-elf/4.0.2/../../../../arm-elf/lib/thumb/interwork/libc.a(strcmp.o)
 .debug_abbrev  0x00000b07       0x80 /cygdrive/C/cygwin/GNUARM/bin/../lib/gcc/arm-elf/4.0.2/../../../../arm-elf/lib/thumb/interwork/libc.a(strcpy.o)
 .debug_abbrev  0x00000b87       0x8b /cygdrive/C/cygwin/GNUARM/bin/../lib/gcc/arm-elf/4.0.2/../../../../arm-elf/lib/thumb/interwork/libc.a(strlen.o)
 .debug_abbrev  0x00000c12       0x8d /cygdrive/C/cygwin/GNUARM/bin/../lib/gcc/arm-elf/4.0.2/../../../../arm-elf/lib/thumb/interwork/libc.a(strncpy.o)
 .debug_abbrev  0x00000c9f      0x1d9 /cygdrive/C/cygwin/GNUARM/bin/../lib/gcc/arm-elf/4.0.2/../../../../arm-elf/lib/thumb/interwork/libc.a(freer.o)
 .debug_abbrev  0x00000e78      0x157 /cygdrive/C/cygwin/GNUARM/bin/../lib/gcc/arm-elf/4.0.2/../../../../arm-elf/lib/thumb/interwork/libc.a(impure.o)

.debug_aranges  0x00000000      0x340
 .debug_aranges
                0x00000000       0x20 /cygdrive/C/cygwin/GNUARM/bin/../lib/gcc/arm-elf/4.0.2/thumb/interwork/libgcc.a(_udivsi3.o)
 .debug_aranges
                0x00000020       0x20 /cygdrive/C/cygwin/GNUARM/bin/../lib/gcc/arm-elf/4.0.2/thumb/interwork/libgcc.a(_divsi3.o)
 .debug_aranges
                0x00000040       0x20 /cygdrive/C/cygwin/GNUARM/bin/../lib/gcc/arm-elf/4.0.2/thumb/interwork/libgcc.a(_umodsi3.o)
 .debug_aranges
                0x00000060       0x20 /cygdrive/C/cygwin/GNUARM/bin/../lib/gcc/arm-elf/4.0.2/thumb/interwork/libgcc.a(_modsi3.o)
 .debug_aranges
                0x00000080       0x20 /cygdrive/C/cygwin/GNUARM/bin/../lib/gcc/arm-elf/4.0.2/thumb/interwork/libgcc.a(_dvmd_tls.o)
 .debug_aranges
                0x000000a0       0x20 /cygdrive/C/cygwin/GNUARM/bin/../lib/gcc/arm-elf/4.0.2/thumb/interwork/libgcc.a(_addsubdf3.o)
 .debug_aranges
                0x000000c0       0x20 /cygdrive/C/cygwin/GNUARM/bin/../lib/gcc/arm-elf/4.0.2/thumb/interwork/libgcc.a(_muldivdf3.o)
 .debug_aranges